Archive member included to satisfy reference by file (symbol)

C:\Users\NotImpLife\Desktop\Astralbrew/lib\libastralbrew-build-35068292.a(default_8x16.astralfont.o)
                              main.o (Astralbrew::Resources::Fonts::default_8x16)
C:\Users\NotImpLife\Desktop\Astralbrew/lib\libastralbrew-build-35068292.a(entrypoint.o)
                              d:/software/developer/devkitpro/devkitarm/bin/../lib/gcc/arm-none-eabi/12.1.0/../../../../arm-none-eabi/lib/thumb/gba_crt0.o (main)
C:\Users\NotImpLife\Desktop\Astralbrew/lib\libastralbrew-build-35068292.a(testmod.o)
                              C:\Users\NotImpLife\Desktop\Astralbrew/lib\libastralbrew-build-35068292.a(entrypoint.o) (Astralbrew::IS_TESTMOD)
C:\Users\NotImpLife\Desktop\Astralbrew/lib\libastralbrew-build-35068292.a(assert.o)
                              main.o (Astralbrew::__assert__(bool, char const*))
C:\Users\NotImpLife\Desktop\Astralbrew/lib\libastralbrew-build-35068292.a(error.o)
                              C:\Users\NotImpLife\Desktop\Astralbrew/lib\libastralbrew-build-35068292.a(assert.o) (Astralbrew::fatal_freeze(char const*, ...))
C:\Users\NotImpLife\Desktop\Astralbrew/lib\libastralbrew-build-35068292.a(log.o)
                              intro.o (Astralbrew::Debug::tty_log(char const*, ...))
C:\Users\NotImpLife\Desktop\Astralbrew/lib\libastralbrew-build-35068292.a(brush.o)
                              intro.o (Astralbrew::SolidColorBrush::~SolidColorBrush())
C:\Users\NotImpLife\Desktop\Astralbrew/lib\libastralbrew-build-35068292.a(colors.o)
                              main.o (Astralbrew::Colors::White)
C:\Users\NotImpLife\Desktop\Astralbrew/lib\libastralbrew-build-35068292.a(palette_effect.o)
                              intro.o (Astralbrew::PaletteFadeToColorEffect::PaletteFadeToColorEffect(short*, short, int))
C:\Users\NotImpLife\Desktop\Astralbrew/lib\libastralbrew-build-35068292.a(event.o)
                              main.o (Astralbrew::EventHandlerContainer::has_same_type(Astralbrew::EventHandlerContainer const&) const)
C:\Users\NotImpLife\Desktop\Astralbrew/lib\libastralbrew-build-35068292.a(generic_scene.o)
                              main.o (Astralbrew::GenericScene::frame())
C:\Users\NotImpLife\Desktop\Astralbrew/lib\libastralbrew-build-35068292.a(generic_scene_res_allocator.o)
                              C:\Users\NotImpLife\Desktop\Astralbrew/lib\libastralbrew-build-35068292.a(generic_scene.o) (GenericSceneResAllocator::GenericSceneResAllocator(int, int, int, int))
C:\Users\NotImpLife\Desktop\Astralbrew/lib\libastralbrew-build-35068292.a(scene.o)
                              C:\Users\NotImpLife\Desktop\Astralbrew/lib\libastralbrew-build-35068292.a(generic_scene.o) (Astralbrew::Scene::run())
C:\Users\NotImpLife\Desktop\Astralbrew/lib\libastralbrew-build-35068292.a(astral_splash_screen.o)
                              main.o (Astralbrew::Scenes::AstralSplashScreen::AstralSplashScreen())
C:\Users\NotImpLife\Desktop\Astralbrew/lib\libastralbrew-build-35068292.a(eso_splash_screen.o)
                              main.o (Astralbrew::Scenes::EsoSplashScreen::EsoSplashScreen())
C:\Users\NotImpLife\Desktop\Astralbrew/lib\libastralbrew-build-35068292.a(obj_allocator.o)
                              C:\Users\NotImpLife\Desktop\Astralbrew/lib\libastralbrew-build-35068292.a(generic_scene.o) (Astralbrew::ObjAllocator::ObjAllocator(Astralbrew::Allocator*, Astralbrew::PaletteLoader*, int))
C:\Users\NotImpLife\Desktop\Astralbrew/lib\libastralbrew-build-35068292.a(obj_frame.o)
                              intro.o (Astralbrew::ObjFrame::ObjFrame(Astralbrew::AssetData const*, int, int))
C:\Users\NotImpLife\Desktop\Astralbrew/lib\libastralbrew-build-35068292.a(sprite.o)
                              C:\Users\NotImpLife\Desktop\Astralbrew/lib\libastralbrew-build-35068292.a(generic_scene.o) (Astralbrew::Sprite::Sprite(Astralbrew::ObjSize))
C:\Users\NotImpLife\Desktop\Astralbrew/lib\libastralbrew-build-35068292.a(obj.o)
                              C:\Users\NotImpLife\Desktop\Astralbrew/lib\libastralbrew-build-35068292.a(generic_scene.o) (Astralbrew::Hardware::objEnable())
C:\Users\NotImpLife\Desktop\Astralbrew/lib\libastralbrew-build-35068292.a(video.o)
                              C:\Users\NotImpLife\Desktop\Astralbrew/lib\libastralbrew-build-35068292.a(generic_scene.o) (Astralbrew::Hardware::setVideoMode(int))
C:\Users\NotImpLife\Desktop\Astralbrew/lib\libastralbrew-build-35068292.a(vwf_engine.o)
                              main.o (Astralbrew::VwfEngine::VwfEngine(Astralbrew::FontData const&, Astralbrew::ExtendedFontChart))
C:\Users\NotImpLife\Desktop\Astralbrew/lib\libastralbrew-build-35068292.a(sf24.o)
                              C:\Users\NotImpLife\Desktop\Astralbrew/lib\libastralbrew-build-35068292.a(sprite.o) (Astralbrew::sf24::sf24())
C:\Users\NotImpLife\Desktop\Astralbrew/lib\libastralbrew-build-35068292.a(memory.o)
[...]
Memory Configuration

Name             Origin             Length             Attributes
rom              0x0000000008000000 0x0000000002000000
iwram            0x0000000003000000 0x0000000000008000
ewram            0x0000000002000000 0x0000000000040000
*default*        0x0000000000000000 0xffffffffffffffff

Linker script and memory map

                0x0000000008000000                __text_start = ORIGIN (rom)
                0x0000000002040000                __eheap_end = (ORIGIN (ewram) + LENGTH (ewram))
                0x0000000003000000                __iwram_start = ORIGIN (iwram)
                0x0000000003008000                __iwram_top = (ORIGIN (iwram) + LENGTH (iwram))
                0x0000000003007fa0                __sp_irq = (__iwram_top - 0x60)
                0x0000000003007f00                __sp_usr = (__sp_irq - 0xa0)
                0x0000000003007ff8                __irq_flags = 0x3007ff8
                0x0000000008000000                . = __text_start

.crt0           0x0000000008000000      0x210
 *(.crt0)
 .crt0          0x0000000008000000      0x210 d:/software/developer/devkitpro/devkitarm/bin/../lib/gcc/arm-none-eabi/12.1.0/../../../../arm-none-eabi/lib/thumb/gba_crt0.o
                0x0000000008000000                _start
                0x00000000080000c4                __boot_method
                0x00000000080000c5                __slave_number
                0x00000000080000e0                start_vector
                0x0000000008000210                . = ALIGN (0x4)

.init           0x0000000008000210        0xc
 *(SORT_NONE(.init))
 .init          0x0000000008000210        0x4 d:/software/developer/devkitpro/devkitarm/bin/../lib/gcc/arm-none-eabi/12.1.0/thumb/crti.o
                0x0000000008000210                _init
 .init          0x0000000008000214        0x8 d:/software/developer/devkitpro/devkitarm/bin/../lib/gcc/arm-none-eabi/12.1.0/thumb/crtn.o

.plt            0x000000000800021c        0x0
 *(.plt)
                0x000000000800021c                . = ALIGN (0x4)

.text           0x0000000008000220    0x10200
 *(EXCLUDE_FILE(*.iwram*) .text*)
 .text.__do_global_dtors_aux
                0x0000000008000220       0x2c d:/software/developer/devkitpro/devkitarm/bin/../lib/gcc/arm-none-eabi/12.1.0/thumb/crtbegin.o
 .text.frame_dummy
                0x000000000800024c       0x24 d:/software/developer/devkitpro/devkitarm/bin/../lib/gcc/arm-none-eabi/12.1.0/thumb/crtbegin.o
 .text          0x0000000008000270       0x30 main.o
                0x0000000008000270                Astralbrew::init_main_scene()
 .text._ZN10Astralbrew30NonStaticEventHandlerContainerI26_AppliedAstralSplashScreenED2Ev
                0x00000000080002a0        0x4 main.o
                0x00000000080002a0                Astralbrew::NonStaticEventHandlerContainer<_AppliedAstralSplashScreen>::~NonStaticEventHandlerContainer()
                0x00000000080002a0                Astralbrew::NonStaticEventHandlerContainer<_AppliedAstralSplashScreen>::~NonStaticEventHandlerContainer()
 .text._ZN10Astralbrew30NonStaticEventHandlerContainerI23_AppliedEsoSplashScreenED2Ev
                0x00000000080002a4        0x4 main.o
                0x00000000080002a4                Astralbrew::NonStaticEventHandlerContainer<_AppliedEsoSplashScreen>::~NonStaticEventHandlerContainer()
                0x00000000080002a4                Astralbrew::NonStaticEventHandlerContainer<_AppliedEsoSplashScreen>::~NonStaticEventHandlerContainer()
 .text._ZN10Astralbrew30NonStaticEventHandlerContainerI23_AppliedEsoSplashScreenED0Ev
                0x00000000080002a8       0x14 main.o
                0x00000000080002a8                Astralbrew::NonStaticEventHandlerContainer<_AppliedEsoSplashScreen>::~NonStaticEventHandlerContainer()
 .text._ZN10Astralbrew30NonStaticEventHandlerContainerI26_AppliedAstralSplashScreenED0Ev
                0x00000000080002bc       0x14 main.o
                0x00000000080002bc                Astralbrew::NonStaticEventHandlerContainer<_AppliedAstralSplashScreen>::~NonStaticEventHandlerContainer()
 .text._ZN23_AppliedEsoSplashScreen13on_splash_endEPvS0_
                0x00000000080002d0       0x34 main.o
                0x00000000080002d0                _AppliedEsoSplashScreen::on_splash_end(void*, void*)
 .text._ZN26_AppliedAstralSplashScreen13on_splash_endEPvS0_
                0x0000000008000304       0xac main.o
                0x0000000008000304                _AppliedAstralSplashScreen::on_splash_end(void*, void*)
 .text._ZNK10Astralbrew30NonStaticEventHandlerContainerI23_AppliedEsoSplashScreenEeqERKNS_21EventHandlerContainerE
                0x00000000080003b0       0x3c main.o
                0x00000000080003b0                Astralbrew::NonStaticEventHandlerContainer<_AppliedEsoSplashScreen>::operator==(Astralbrew::EventHandlerContainer const&) const
 .text._ZNK10Astralbrew30NonStaticEventHandlerContainerI26_AppliedAstralSplashScreenEeqERKNS_21EventHandlerContainerE
                0x00000000080003ec       0x3c main.o
                0x00000000080003ec                Astralbrew::NonStaticEventHandlerContainer<_AppliedAstralSplashScreen>::operator==(Astralbrew::EventHandlerContainer const&) const
 .text._ZNK10Astralbrew30NonStaticEventHandlerContainerI23_AppliedEsoSplashScreenE7executeEPvS3_
                0x0000000008000428       0x68 main.o
                0x0000000008000428                Astralbrew::NonStaticEventHandlerContainer<_AppliedEsoSplashScreen>::execute(void*, void*) const
 .text._ZNK10Astralbrew30NonStaticEventHandlerContainerI26_AppliedAstralSplashScreenE7executeEPvS3_
                0x0000000008000490       0x68 main.o
                0x0000000008000490                Astralbrew::NonStaticEventHandlerContainer<_AppliedAstralSplashScreen>::execute(void*, void*) const
 .text._ZN10Astralbrew6VectorIPNS_21EventHandlerContainerEE9push_backERKS2_
                0x00000000080004f8       0x70 main.o
                0x00000000080004f8                Astralbrew::Vector<Astralbrew::EventHandlerContainer*>::push_back(Astralbrew::EventHandlerContainer* const&)
 .text._ZN10Astralbrew6VectorIPNS_21EventHandlerContainerEE9remove_atEi
                0x0000000008000568       0x4c main.o
                0x0000000008000568                Astralbrew::Vector<Astralbrew::EventHandlerContainer*>::remove_at(int)
 .text._ZN10Astralbrew5Event12remove_eventI26_AppliedAstralSplashScreenEEvMT_FvPvS4_EPS3_
                0x00000000080005b4       0xb4 main.o
                0x00000000080005b4                void Astralbrew::Event::remove_event<_AppliedAstralSplashScreen>(void (_AppliedAstralSplashScreen::*)(void*, void*), _AppliedAstralSplashScreen*)
 .text._ZN26_AppliedAstralSplashScreenD2Ev
                0x0000000008000668       0x30 main.o
                0x0000000008000668                _AppliedAstralSplashScreen::~_AppliedAstralSplashScreen()
                0x0000000008000668                _AppliedAstralSplashScreen::~_AppliedAstralSplashScreen()
 .text._ZN26_AppliedAstralSplashScreenD0Ev
                0x0000000008000698       0x38 main.o
                0x0000000008000698                _AppliedAstralSplashScreen::~_AppliedAstralSplashScreen()
 .text._ZN10Astralbrew5Event12remove_eventI23_AppliedEsoSplashScreenEEvMT_FvPvS4_EPS3_
                0x00000000080006d0       0xb4 main.o
                0x00000000080006d0                void Astralbrew::Event::remove_event<_AppliedEsoSplashScreen>(void (_AppliedEsoSplashScreen::*)(void*, void*), _AppliedEsoSplashScreen*)
 .text._ZN23_AppliedEsoSplashScreenD2Ev
                0x0000000008000784       0x30 main.o
                0x0000000008000784                _AppliedEsoSplashScreen::~_AppliedEsoSplashScreen()
                0x0000000008000784                _AppliedEsoSplashScreen::~_AppliedEsoSplashScreen()
 .text._ZN23_AppliedEsoSplashScreenD0Ev
                0x00000000080007b4       0x38 main.o
                0x00000000080007b4                _AppliedEsoSplashScreen::~_AppliedEsoSplashScreen()
 .text.startup  0x00000000080007ec       0x64 main.o
 .text._ZN26_AppliedAstralSplashScreen4initEv
                0x0000000008000850       0x4c main.o
                0x0000000008000850                _AppliedAstralSplashScreen::init()
 .text._ZN23_AppliedEsoSplashScreen4initEv
                0x000000000800089c       0x4c main.o
                0x000000000800089c                _AppliedEsoSplashScreen::init()
 .text          0x00000000080008e8      0x3c8 intro.o
                0x00000000080008e8                IntroScene::~IntroScene()
                0x00000000080008e8                IntroScene::~IntroScene()
                0x000000000800092c                IntroScene::~IntroScene()
                0x0000000008000948                IntroScene::change_background(void*, void*)
                0x000000000800095c                IntroScene::end_scene(void*, void*)
                0x0000000008000a58                IntroScene::show_dialog(IntroScene::DialogLine*)
                0x0000000008000a60                IntroScene::init()
                0x0000000008000c04                IntroScene::process_dialog()
                0x0000000008000c98                IntroScene::frame()
 .text._ZN10Astralbrew30NonStaticEventHandlerContainerI10TitleSceneED2Ev
                0x0000000008000cb0        0x4 intro.o
                0x0000000008000cb0                Astralbrew::NonStaticEventHandlerContainer<TitleScene>::~NonStaticEventHandlerContainer()
                0x0000000008000cb0                Astralbrew::NonStaticEventHandlerContainer<TitleScene>::~NonStaticEventHandlerContainer()
 .text._ZNK10Astralbrew30NonStaticEventHandlerContainerI10TitleSceneE7executeEPvS3_
                0x0000000008000cb4       0x68 intro.o
                0x0000000008000cb4                Astralbrew::NonStaticEventHandlerContainer<TitleScene>::execute(void*, void*) const
 .text._ZN10Astralbrew30NonStaticEventHandlerContainerI10TitleSceneED0Ev
                0x0000000008000d1c       0x14 intro.o
                0x0000000008000d1c                Astralbrew::NonStaticEventHandlerContainer<TitleScene>::~NonStaticEventHandlerContainer()
 .text._ZNK10Astralbrew30NonStaticEventHandlerContainerI10TitleSceneEeqERKNS_21EventHandlerContainerE
                0x0000000008000d30       0x3c intro.o
                0x0000000008000d30                Astralbrew::NonStaticEventHandlerContainer<TitleScene>::operator==(Astralbrew::EventHandlerContainer const&) const
 .text.startup  0x0000000008000d6c       0x64 intro.o
 .text          0x0000000008000dd0      0xcb8 title.o
                0x0000000008000dd0                TitleScene::on_key_down(void*, void*)
                0x0000000008000de8                TitleScene::draw_mesh(Mesh const&)
                0x0000000008000ebc                TitleScene::switch_start_visibility(void*, void*)
                0x0000000008000edc                TitleScene::create_meshes()
                0x000000000800181c                TitleScene::init()
                0x0000000008001970                TitleScene::frame()
                0x00000000080019dc                TitleScene::~TitleScene()
                0x00000000080019dc                TitleScene::~TitleScene()
                0x0000000008001a70                TitleScene::~TitleScene()
 .text._ZN10Astralbrew5Event12remove_eventI10TitleSceneEEvMT_FvPvS4_EPS3_
                0x0000000008001a88      0x108 title.o
                0x0000000008001a88                void Astralbrew::Event::remove_event<TitleScene>(void (TitleScene::*)(void*, void*), TitleScene*)
 .text._ZN10Astralbrew6VectorI4MeshE16container_resizeEi
                0x0000000008001b90       0xc4 title.o
                0x0000000008001b90                Astralbrew::Vector<Mesh>::container_resize(int)
 .text.startup  0x0000000008001c54       0x64 title.o
 .text          0x0000000008001cb8      0xbf4 mesh.o
                0x0000000008001cb8                Mesh::Mesh()
                0x0000000008001cb8                Mesh::Mesh()
                0x0000000008001cc8                Mesh::Mesh(int, int, int, int)
                0x0000000008001cc8                Mesh::Mesh(int, int, int, int)
                0x0000000008001cf8                Mesh::Mesh(int, int, int, int, unsigned char const*)
                0x0000000008001cf8                Mesh::Mesh(int, int, int, int, unsigned char const*)
                0x0000000008001d38                Mesh::Mesh(Mesh const&)
                0x0000000008001d38                Mesh::Mesh(Mesh const&)
                0x0000000008001d78                Mesh::Mesh(Mesh&&)
                0x0000000008001d78                Mesh::Mesh(Mesh&&)
                0x0000000008001da0                Mesh::operator=(Mesh const&)
                0x0000000008001df4                Mesh::operator=(Mesh&&)
                0x0000000008001e14                Mesh::resize(int, int, bool)
                0x0000000008001ec0                Mesh::at(int, int) const
                0x0000000008001ecc                Mesh::copy(unsigned char const*, int, int, int, int, bool)
                0x0000000008001f68                Mesh::copy(Mesh const&, int, int, bool)
                0x0000000008001ff8                Mesh::coord_at(int, int) const
                0x000000000800202c                Mesh::operator+=(Mesh const&)
                0x0000000008002128                Mesh::operator||(Mesh const&) const
                0x00000000080024d0                Mesh::operator&&(Mesh const&) const
                0x0000000008002594                Mesh::replace(int, int)
                0x00000000080025d4                Mesh::set_all_values(int)
                0x0000000008002610                Mesh::rotate_ccw()
                0x00000000080026bc                Mesh::rotate_cw()
                0x0000000008002760                Mesh::clear_full_lines(int)
                0x0000000008002830                Mesh::count_full_lines(int) const
                0x0000000008002894                Mesh::~Mesh()
                0x0000000008002894                Mesh::~Mesh()
 .text.startup  0x00000000080028ac       0x64 mesh.o
 .text.startup  0x0000000008002910       0x64 piece_gen.o
 .text.startup  0x0000000008002974       0xd4 C:\Users\NotImpLife\Desktop\Astralbrew/lib\libastralbrew-build-35068292.a(entrypoint.o)
                0x0000000008002974                main
 .text.startup  0x0000000008002a48       0x5c C:\Users\NotImpLife\Desktop\Astralbrew/lib\libastralbrew-build-35068292.a(testmod.o)
 .text.exit     0x0000000008002aa4       0x54 C:\Users\NotImpLife\Desktop\Astralbrew/lib\libastralbrew-build-35068292.a(testmod.o)
 .text          0x0000000008002af8       0x30 C:\Users\NotImpLife\Desktop\Astralbrew/lib\libastralbrew-build-35068292.a(assert.o)
                0x0000000008002af8                Astralbrew::__assert__(bool, char const*)
 .text          0x0000000008002b28       0x28 C:\Users\NotImpLife\Desktop\Astralbrew/lib\libastralbrew-build-35068292.a(error.o)
                0x0000000008002b28                Astralbrew::fatal_freeze(char const*, ...)
 .text          0x0000000008002b50      0x3f8 C:\Users\NotImpLife\Desktop\Astralbrew/lib\libastralbrew-build-35068292.a(log.o)
                0x0000000008002f20                Astralbrew::Debug::tty_log(char const*, ...)
                0x0000000008002f3c                Astralbrew::Debug::log_to_buffer(char*, char const*, std::__va_list)
 .text          0x0000000008002f48       0x40 C:\Users\NotImpLife\Desktop\Astralbrew/lib\libastralbrew-build-35068292.a(brush.o)
                0x0000000008002f48                Astralbrew::SolidColorBrush::get_color(int, int) const
                0x0000000008002f4c                Astralbrew::SolidColorBrush::~SolidColorBrush()
                0x0000000008002f4c                Astralbrew::SolidColorBrush::~SolidColorBrush()
                0x0000000008002f50                Astralbrew::SolidColorBrush::~SolidColorBrush()
                0x0000000008002f64                Astralbrew::Brush::~Brush()
                0x0000000008002f64                Astralbrew::Brush::~Brush()
                0x0000000008002f68                Astralbrew::Brush::~Brush()
                0x0000000008002f7c                Astralbrew::SolidColorBrush::SolidColorBrush(int)
                0x0000000008002f7c                Astralbrew::SolidColorBrush::SolidColorBrush(int)
 .text          0x0000000008002f88      0x768 C:\Users\NotImpLife\Desktop\Astralbrew/lib\libastralbrew-build-35068292.a(palette_effect.o)
                0x0000000008003174                Astralbrew::PaletteNivellateBrightnessEffect::execute_frame()
                0x000000000800322c                Astralbrew::PaletteFadeToColorEffect::execute_frame()
                0x0000000008003318                Astralbrew::PaletteFadeFromColorEffect::execute_frame()
                0x0000000008003400                Astralbrew::PaletteFromNivellatedBrightnessEffect::execute_frame()
                0x0000000008003478                Astralbrew::PaletteFadeToColorEffect::~PaletteFadeToColorEffect()
                0x00000000080034a4                Astralbrew::PaletteNivellateBrightnessEffect::~PaletteNivellateBrightnessEffect()
                0x00000000080034d0                Astralbrew::PaletteNivellateBrightnessEffect::~PaletteNivellateBrightnessEffect()
                0x00000000080034d0                Astralbrew::PaletteNivellateBrightnessEffect::~PaletteNivellateBrightnessEffect()
                0x00000000080034f4                Astralbrew::PaletteFadeToColorEffect::~PaletteFadeToColorEffect()
                0x00000000080034f4                Astralbrew::PaletteFadeToColorEffect::~PaletteFadeToColorEffect()
                0x0000000008003518                Astralbrew::PaletteEffect::PaletteEffect(short*, int)
                0x0000000008003518                Astralbrew::PaletteEffect::PaletteEffect(short*, int)
                0x000000000800352c                Astralbrew::PaletteEffect::apply()
                0x0000000008003564                Astralbrew::PaletteEffect::apply(Astralbrew::PaletteEffect*, Astralbrew::PaletteEffect*)
                0x0000000008003628                Astralbrew::PaletteEffect::get_total_duration() const
                0x0000000008003630                Astralbrew::PaletteEffect::get_remained_frames() const
                0x0000000008003638                Astralbrew::PaletteEffect::get_target() const
                0x000000000800363c                Astralbrew::PaletteFadeToColorEffect::PaletteFadeToColorEffect(short*, short, int)
                0x000000000800363c                Astralbrew::PaletteFadeToColorEffect::PaletteFadeToColorEffect(short*, short, int)
                0x0000000008003674                Astralbrew::PaletteFadeFromColorEffect::PaletteFadeFromColorEffect(short*, short, short*, int)
                0x0000000008003674                Astralbrew::PaletteFadeFromColorEffect::PaletteFadeFromColorEffect(short*, short, short*, int)
                0x0000000008003694                Astralbrew::PaletteNivellateBrightnessEffect::PaletteNivellateBrightnessEffect(short*, short, int)
                0x0000000008003694                Astralbrew::PaletteNivellateBrightnessEffect::PaletteNivellateBrightnessEffect(short*, short, int)
                0x00000000080036cc                Astralbrew::PaletteFromNivellatedBrightnessEffect::PaletteFromNivellatedBrightnessEffect(short*, short, short*, int)
                0x00000000080036cc                Astralbrew::PaletteFromNivellatedBrightnessEffect::PaletteFromNivellatedBrightnessEffect(short*, short, short*, int)
 .text._ZN10Astralbrew37PaletteFromNivellatedBrightnessEffectD2Ev
                0x00000000080036f0        0x4 C:\Users\NotImpLife\Desktop\Astralbrew/lib\libastralbrew-build-35068292.a(palette_effect.o)
                0x00000000080036f0                Astralbrew::PaletteFromNivellatedBrightnessEffect::~PaletteFromNivellatedBrightnessEffect()
                0x00000000080036f0                Astralbrew::PaletteFromNivellatedBrightnessEffect::~PaletteFromNivellatedBrightnessEffect()
 .text._ZN10Astralbrew26PaletteFadeFromColorEffectD2Ev
                0x00000000080036f4        0x4 C:\Users\NotImpLife\Desktop\Astralbrew/lib\libastralbrew-build-35068292.a(palette_effect.o)
                0x00000000080036f4                Astralbrew::PaletteFadeFromColorEffect::~PaletteFadeFromColorEffect()
                0x00000000080036f4                Astralbrew::PaletteFadeFromColorEffect::~PaletteFadeFromColorEffect()
 .text._ZN10Astralbrew37PaletteFromNivellatedBrightnessEffectD0Ev
                0x00000000080036f8       0x14 C:\Users\NotImpLife\Desktop\Astralbrew/lib\libastralbrew-build-35068292.a(palette_effect.o)
                0x00000000080036f8                Astralbrew::PaletteFromNivellatedBrightnessEffect::~PaletteFromNivellatedBrightnessEffect()
 .text._ZN10Astralbrew26PaletteFadeFromColorEffectD0Ev
                0x000000000800370c       0x14 C:\Users\NotImpLife\Desktop\Astralbrew/lib\libastralbrew-build-35068292.a(palette_effect.o)
                0x000000000800370c                Astralbrew::PaletteFadeFromColorEffect::~PaletteFadeFromColorEffect()
 .text          0x0000000008003720      0x2f8 C:\Users\NotImpLife\Desktop\Astralbrew/lib\libastralbrew-build-35068292.a(event.o)
                0x0000000008003720                Astralbrew::StaticEventHandlerContainer::operator==(Astralbrew::EventHandlerContainer const&) const
                0x0000000008003740                Astralbrew::StaticEventHandlerContainer::execute(void*, void*) const
                0x0000000008003768                Astralbrew::EventHandlerContainer::operator==(Astralbrew::EventHandlerContainer const&) const
                0x0000000008003778                Astralbrew::EventHandlerContainer::has_same_type(Astralbrew::EventHandlerContainer const&) const
                0x0000000008003784                Astralbrew::StaticEventHandlerContainer::StaticEventHandlerContainer(void (* const&)(void*, void*))
                0x0000000008003784                Astralbrew::StaticEventHandlerContainer::StaticEventHandlerContainer(void (* const&)(void*, void*))
                0x0000000008003798                Astralbrew::Event::Event()
                0x0000000008003798                Astralbrew::Event::Event()
                0x00000000080037bc                Astralbrew::Event::operator+=(void (* const&)(void*, void*))
                0x0000000008003854                Astralbrew::Event::operator-=(void (* const&)(void*, void*))
                0x0000000008003950                Astralbrew::Event::trigger(void*, void*) const
                0x00000000080039ac                Astralbrew::Event::~Event()
                0x00000000080039ac                Astralbrew::Event::~Event()
 .text._ZN10Astralbrew27StaticEventHandlerContainerD2Ev
                0x0000000008003a18        0x4 C:\Users\NotImpLife\Desktop\Astralbrew/lib\libastralbrew-build-35068292.a(event.o)
                0x0000000008003a18                Astralbrew::StaticEventHandlerContainer::~StaticEventHandlerContainer()
                0x0000000008003a18                Astralbrew::StaticEventHandlerContainer::~StaticEventHandlerContainer()
 .text._ZN10Astralbrew27StaticEventHandlerContainerD0Ev
                0x0000000008003a1c       0x14 C:\Users\NotImpLife\Desktop\Astralbrew/lib\libastralbrew-build-35068292.a(event.o)
                0x0000000008003a1c                Astralbrew::StaticEventHandlerContainer::~StaticEventHandlerContainer()
 .text          0x0000000008003a30     0x1fb8 C:\Users\NotImpLife\Desktop\Astralbrew/lib\libastralbrew-build-35068292.a(generic_scene.o)
                0x0000000008003a30                Astralbrew::GenericScene::frame()
                0x0000000008003a3c                Astralbrew::GenericScene::run()
                0x0000000008003b1c                Astralbrew::GenericScene::MapInfo::set_bitmap()
                0x0000000008003b34                Astralbrew::GenericScene::MapInfo::set_affine()
                0x0000000008003b4c                Astralbrew::GenericScene::MapInfo::is_bitmap() const
                0x0000000008003b54                Astralbrew::GenericScene::MapInfo::is_affine() const
                0x0000000008003b5c                Astralbrew::GenericScene::MapInfo::set_bpp(int)
                0x0000000008003b90                Astralbrew::GenericScene::MapInfo::bpp() const
                0x0000000008003ba0                Astralbrew::GenericScene::MapInfo::is_enabled() const
                0x0000000008003ba8                Astralbrew::GenericScene::MapInfo::enable()
                0x0000000008003bc0                Astralbrew::GenericScene::MapInfo::set_double_buffered()
                0x0000000008003bd8                Astralbrew::GenericScene::MapInfo::is_double_buffered() const
                0x0000000008003be0                Astralbrew::GenericScene::MapInfo::data_length() const
                0x0000000008003c60                Astralbrew::GenericScene::ResourceInfo::palette_slot() const
                0x0000000008003c70                Astralbrew::GenericScene::ResourceInfo::offset() const
                0x0000000008003c88                Astralbrew::GenericScene::ResourceInfo::length() const
                0x0000000008003ca0                Astralbrew::GenericScene::ResourceInfo::asset() const
                0x0000000008003cb8                Astralbrew::GenericScene::ResourceInfo::bpp() const
                0x0000000008003cc8                Astralbrew::GenericScene::__privates__::translate_tile_id(int, Astralbrew::GenericScene::ResourceInfo*, int) const
                0x0000000008003d60                Astralbrew::GenericScene::translate_tile_id(int, Astralbrew::GenericScene::ResourceInfo*, int) const
                0x0000000008003d70                Astralbrew::GenericScene::__privates__::create_blank_resource()
                0x0000000008003dec                Astralbrew::GenericScene::require_bitmap(int, int, int)
                0x0000000008003f90                Astralbrew::GenericScene::require_bitmap()
                0x0000000008003fd0                Astralbrew::GenericScene::require_tiles(int, int, int)
                0x0000000008004034                Astralbrew::GenericScene::require_text_map(int, int, int, int, int, bool)
                0x0000000008004188                Astralbrew::GenericScene::require_asset(Astralbrew::AssetData const*, int)
                0x0000000008004200                Astralbrew::GenericScene::require_map(int, Astralbrew::AssetData const*, bool)
                0x0000000008004414                Astralbrew::GenericScene::require_map(Astralbrew::AssetData const*)
                0x000000000800444c                Astralbrew::GenericScene::GenericScene()
                0x000000000800444c                Astralbrew::GenericScene::GenericScene()
                0x00000000080045b0                Astralbrew::GenericScene::replace_bitmap(Astralbrew::AssetData const*)
                0x0000000008004754                Astralbrew::GenericScene::__privates__::validate_required_resources()
                0x00000000080048cc                Astralbrew::GenericScene::__privates__::draw_assets()
                0x0000000008004ab8                Astralbrew::GenericScene::__privates__::adjust_text_maps_size()
                0x0000000008004b58                Astralbrew::GenericScene::__privates__::guess_video_mode()
                0x0000000008004d5c                Astralbrew::GenericScene::__privates__::draw_maps()
                0x0000000008005098                Astralbrew::GenericScene::__privates__::try_place(int, int, int, int, int)
                0x0000000008005148                Astralbrew::GenericScene::__privates__::prepare_backgrounds()
                0x0000000008005460                Astralbrew::GenericScene::solve_requirements()
                0x000000000800547c                Astralbrew::GenericScene::init()
                0x00000000080054e0                Astralbrew::GenericScene::reserve_background_color(int)
                0x0000000008005504                Astralbrew::GenericScene::release_background_color(int)
                0x0000000008005514                Astralbrew::GenericScene::reserve_sprite_color(int)
                0x0000000008005538                Astralbrew::GenericScene::release_sprite_color(int)
                0x0000000008005548                Astralbrew::GenericScene::fill_map(Astralbrew::GenericScene::MapInfo*, int)
                0x000000000800562c                Astralbrew::GenericScene::set_intro_bg_palette_effect(Astralbrew::PaletteEffect*)
                0x0000000008005658                Astralbrew::GenericScene::set_intro_spr_palette_effect(Astralbrew::PaletteEffect*)
                0x0000000008005684                Astralbrew::GenericScene::set_outro_bg_palette_effect(Astralbrew::PaletteEffect*)
                0x00000000080056b0                Astralbrew::GenericScene::set_outro_spr_palette_effect(Astralbrew::PaletteEffect*)
                0x00000000080056dc                Astralbrew::GenericScene::get_shadow_background_palette() const
                0x00000000080056e4                Astralbrew::GenericScene::get_shadow_sprite_palette() const
                0x00000000080056ec                Astralbrew::GenericScene::reserve_sprite_vram(int)
                0x0000000008005700                Astralbrew::GenericScene::release_sprite_vram(void*)
                0x0000000008005714                Astralbrew::GenericScene::create_sprite(Astralbrew::Sprite*)
                0x0000000008005740                Astralbrew::GenericScene::create_sprite(Astralbrew::ObjSize, Astralbrew::ObjFrame*, Astralbrew::Point<Astralbrew::sf24>, Astralbrew::Point<char>)
                0x00000000080057b8                Astralbrew::GenericScene::__privates__::~__privates__()
                0x00000000080057b8                Astralbrew::GenericScene::__privates__::~__privates__()
                0x00000000080058c8                Astralbrew::GenericScene::~GenericScene()
                0x00000000080058c8                Astralbrew::GenericScene::~GenericScene()
                0x00000000080059cc                Astralbrew::GenericScene::~GenericScene()
 .text._ZN10Astralbrew6VectorIPNS_6SpriteEE9push_backERKS2_
                0x00000000080059e8       0x70 C:\Users\NotImpLife\Desktop\Astralbrew/lib\libastralbrew-build-35068292.a(generic_scene.o)
                0x00000000080059e8                Astralbrew::Vector<Astralbrew::Sprite*>::push_back(Astralbrew::Sprite* const&)
 .text._ZN10Astralbrew6VectorINS0_INS_7HashMapINS_5PointIsEENS_12ObjAllocator6RecordEXadL_ZNS_12default_hashIS3_Li32EEEiRKT_EELi32EE5EntryEEEED2Ev
                0x0000000008005a58       0x68 C:\Users\NotImpLife\Desktop\Astralbrew/lib\libastralbrew-build-35068292.a(generic_scene.o)
                0x0000000008005a58                Astralbrew::Vector<Astralbrew::Vector<Astralbrew::HashMap<Astralbrew::Point<short>, Astralbrew::ObjAllocator::Record, &(int Astralbrew::default_hash<Astralbrew::Point<short>, 32>(Astralbrew::Point<short> const&)), 32>::Entry> >::~Vector()
                0x0000000008005a58                Astralbrew::Vector<Astralbrew::Vector<Astralbrew::HashMap<Astralbrew::Point<short>, Astralbrew::ObjAllocator::Record, &(int Astralbrew::default_hash<Astralbrew::Point<short>, 32>(Astralbrew::Point<short> const&)), 32>::Entry> >::~Vector()
 .text._ZN10Astralbrew6VectorINS0_INS_7HashMapIPKNS_9AssetDataENS1_INS_5PointIsEENS_12ObjAllocator6RecordEXadL_ZNS_12default_hashIS6_Li32EEEiRKT_EELi32EEEXadL_ZNS9_IS4_Li32EEEiSC_EELi32EE5EntryEEEED2Ev
                0x0000000008005ac0       0xb4 C:\Users\NotImpLife\Desktop\Astralbrew/lib\libastralbrew-build-35068292.a(generic_scene.o)
                0x0000000008005ac0                Astralbrew::Vector<Astralbrew::Vector<Astralbrew::HashMap<Astralbrew::AssetData const*, Astralbrew::HashMap<Astralbrew::Point<short>, Astralbrew::ObjAllocator::Record, &(int Astralbrew::default_hash<Astralbrew::Point<short>, 32>(Astralbrew::Point<short> const&)), 32>, &(int Astralbrew::default_hash<Astralbrew::AssetData const*, 32>(Astralbrew::AssetData const* const&)), 32>::Entry> >::~Vector()
                0x0000000008005ac0                Astralbrew::Vector<Astralbrew::Vector<Astralbrew::HashMap<Astralbrew::AssetData const*, Astralbrew::HashMap<Astralbrew::Point<short>, Astralbrew::ObjAllocator::Record, &(int Astralbrew::default_hash<Astralbrew::Point<short>, 32>(Astralbrew::Point<short> const&)), 32>, &(int Astralbrew::default_hash<Astralbrew::AssetData const*, 32>(Astralbrew::AssetData const* const&)), 32>::Entry> >::~Vector()
 .text          0x0000000008005b74      0x7a4 C:\Users\NotImpLife\Desktop\Astralbrew/lib\libastralbrew-build-35068292.a(generic_scene_res_allocator.o)
                0x0000000008005b74                GenericSceneResAllocator::precompute_placements()
                0x0000000008005c48                GenericSceneResAllocator::GenericSceneResAllocator(int, int, int, int)
                0x0000000008005c48                GenericSceneResAllocator::GenericSceneResAllocator(int, int, int, int)
                0x0000000008005d40                GenericSceneResAllocator::set_mapdata_length(int)
                0x0000000008005d78                GenericSceneResAllocator::try_alloc()
                0x00000000080061b0                GenericSceneResAllocator::add_resource_4bpp(Astralbrew::GenericScene::ResourceInfo*)
                0x0000000008006260                GenericSceneResAllocator::add_resource_8bpp(Astralbrew::GenericScene::ResourceInfo*)
                0x00000000080062a4                GenericSceneResAllocator::add_resource(Astralbrew::GenericScene::ResourceInfo*)
 .text._ZN10Astralbrew6VectorIPNS_12GenericScene12ResourceInfoEE9push_backERKS3_
                0x0000000008006318       0x70 C:\Users\NotImpLife\Desktop\Astralbrew/lib\libastralbrew-build-35068292.a(generic_scene_res_allocator.o)
                0x0000000008006318                Astralbrew::Vector<Astralbrew::GenericScene::ResourceInfo*>::push_back(Astralbrew::GenericScene::ResourceInfo* const&)
 .text          0x0000000008006388      0x150 C:\Users\NotImpLife\Desktop\Astralbrew/lib\libastralbrew-build-35068292.a(scene.o)
                0x0000000008006388                Astralbrew::Scene::init()
                0x0000000008006388                Astralbrew::Scene::frame()
                0x000000000800638c                Astralbrew::Scene::run()
                0x0000000008006400                Astralbrew::Scene::wait_for_key_pressed(int)
                0x0000000008006418                Astralbrew::Scene::force_wait_vblank()
                0x000000000800641c                Astralbrew::SceneCom::next(Astralbrew::Scene*)
                0x0000000008006454                Astralbrew::Scene::close()
 .text._ZN10Astralbrew5SceneD2Ev
                0x00000000080064d8       0x60 C:\Users\NotImpLife\Desktop\Astralbrew/lib\libastralbrew-build-35068292.a(scene.o)
                0x00000000080064d8                Astralbrew::Scene::~Scene()
                0x00000000080064d8                Astralbrew::Scene::~Scene()
 .text._ZN10Astralbrew5SceneD0Ev
                0x0000000008006538       0x68 C:\Users\NotImpLife\Desktop\Astralbrew/lib\libastralbrew-build-35068292.a(scene.o)
                0x0000000008006538                Astralbrew::Scene::~Scene()
 .text          0x00000000080065a0      0x170 C:\Users\NotImpLife\Desktop\Astralbrew/lib\libastralbrew-build-35068292.a(astral_splash_screen.o)
                0x00000000080065a0                Astralbrew::Scenes::AstralSplashScreen::wait_task_handler(void*, void*)
                0x00000000080065a4                Astralbrew::Scenes::AstralSplashScreen::on_key_pressed(void*, void*)
                0x00000000080065b8                Astralbrew::Scenes::AstralSplashScreen::wait_task_ended(void*, void*)
                0x00000000080065cc                Astralbrew::Scenes::AstralSplashScreen::finish()
                0x00000000080065e0                Astralbrew::Scenes::AstralSplashScreen::AstralSplashScreen()
                0x00000000080065e0                Astralbrew::Scenes::AstralSplashScreen::AstralSplashScreen()
                0x0000000008006670                Astralbrew::Scenes::AstralSplashScreen::~AstralSplashScreen()
                0x0000000008006670                Astralbrew::Scenes::AstralSplashScreen::~AstralSplashScreen()
                0x00000000080066cc                Astralbrew::Scenes::AstralSplashScreen::~AstralSplashScreen()
                0x00000000080066e4                Astralbrew::Scenes::AstralSplashScreen::init()
 .text._ZN10Astralbrew30NonStaticEventHandlerContainerINS_6Scenes18AstralSplashScreenEED2Ev
                0x0000000008006710        0x4 C:\Users\NotImpLife\Desktop\Astralbrew/lib\libastralbrew-build-35068292.a(astral_splash_screen.o)
                0x0000000008006710                Astralbrew::NonStaticEventHandlerContainer<Astralbrew::Scenes::AstralSplashScreen>::~NonStaticEventHandlerContainer()
                0x0000000008006710                Astralbrew::NonStaticEventHandlerContainer<Astralbrew::Scenes::AstralSplashScreen>::~NonStaticEventHandlerContainer()
 .text._ZNK10Astralbrew30NonStaticEventHandlerContainerINS_6Scenes18AstralSplashScreenEE7executeEPvS4_
                0x0000000008006714       0x68 C:\Users\NotImpLife\Desktop\Astralbrew/lib\libastralbrew-build-35068292.a(astral_splash_screen.o)
                0x0000000008006714                Astralbrew::NonStaticEventHandlerContainer<Astralbrew::Scenes::AstralSplashScreen>::execute(void*, void*) const
 .text._ZN10Astralbrew30NonStaticEventHandlerContainerINS_6Scenes18AstralSplashScreenEED0Ev
                0x000000000800677c       0x14 C:\Users\NotImpLife\Desktop\Astralbrew/lib\libastralbrew-build-35068292.a(astral_splash_screen.o)
                0x000000000800677c                Astralbrew::NonStaticEventHandlerContainer<Astralbrew::Scenes::AstralSplashScreen>::~NonStaticEventHandlerContainer()
 .text._ZNK10Astralbrew30NonStaticEventHandlerContainerINS_6Scenes18AstralSplashScreenEEeqERKNS_21EventHandlerContainerE
                0x0000000008006790       0x3c C:\Users\NotImpLife\Desktop\Astralbrew/lib\libastralbrew-build-35068292.a(astral_splash_screen.o)
                0x0000000008006790                Astralbrew::NonStaticEventHandlerContainer<Astralbrew::Scenes::AstralSplashScreen>::operator==(Astralbrew::EventHandlerContainer const&) const
 .text._ZN10Astralbrew5Event9add_eventINS_6Scenes18AstralSplashScreenEEEvMT_FvPvS5_EPS4_
                0x00000000080067cc       0xac C:\Users\NotImpLife\Desktop\Astralbrew/lib\libastralbrew-build-35068292.a(astral_splash_screen.o)
                0x00000000080067cc                void Astralbrew::Event::add_event<Astralbrew::Scenes::AstralSplashScreen>(void (Astralbrew::Scenes::AstralSplashScreen::*)(void*, void*), Astralbrew::Scenes::AstralSplashScreen*)
 .text._ZN10Astralbrew5Event12remove_eventINS_6Scenes18AstralSplashScreenEEEvMT_FvPvS5_EPS4_
                0x0000000008006878      0x108 C:\Users\NotImpLife\Desktop\Astralbrew/lib\libastralbrew-build-35068292.a(astral_splash_screen.o)
                0x0000000008006878                void Astralbrew::Event::remove_event<Astralbrew::Scenes::AstralSplashScreen>(void (Astralbrew::Scenes::AstralSplashScreen::*)(void*, void*), Astralbrew::Scenes::AstralSplashScreen*)
 .text          0x0000000008006980      0x530 C:\Users\NotImpLife\Desktop\Astralbrew/lib\libastralbrew-build-35068292.a(eso_splash_screen.o)
                0x0000000008006980                Astralbrew::Scenes::EsoSplashScreen::cloud1_move(void*, void*)
                0x00000000080069e8                Astralbrew::Scenes::EsoSplashScreen::cloud2_move(void*, void*)
                0x0000000008006a40                Astralbrew::Scenes::EsoSplashScreen::cloud3_move(void*, void*)
                0x0000000008006a94                Astralbrew::Scenes::EsoSplashScreen::clouds_ended(void*, void*)
                0x0000000008006aa8                Astralbrew::Scenes::EsoSplashScreen::on_key_pressed(void*, void*)
                0x0000000008006abc                Astralbrew::Scenes::EsoSplashScreen::EsoSplashScreen()
                0x0000000008006abc                Astralbrew::Scenes::EsoSplashScreen::EsoSplashScreen()
                0x0000000008006c18                Astralbrew::Scenes::EsoSplashScreen::finish()
                0x0000000008006c2c                Astralbrew::Scenes::EsoSplashScreen::~EsoSplashScreen()
                0x0000000008006c2c                Astralbrew::Scenes::EsoSplashScreen::~EsoSplashScreen()
                0x0000000008006ce4                Astralbrew::Scenes::EsoSplashScreen::~EsoSplashScreen()
                0x0000000008006cfc                Astralbrew::Scenes::EsoSplashScreen::init()
 .text._ZN10Astralbrew30NonStaticEventHandlerContainerINS_6Scenes15EsoSplashScreenEED2Ev
                0x0000000008006eb0        0x4 C:\Users\NotImpLife\Desktop\Astralbrew/lib\libastralbrew-build-35068292.a(eso_splash_screen.o)
                0x0000000008006eb0                Astralbrew::NonStaticEventHandlerContainer<Astralbrew::Scenes::EsoSplashScreen>::~NonStaticEventHandlerContainer()
                0x0000000008006eb0                Astralbrew::NonStaticEventHandlerContainer<Astralbrew::Scenes::EsoSplashScreen>::~NonStaticEventHandlerContainer()
 .text._ZNK10Astralbrew30NonStaticEventHandlerContainerINS_6Scenes15EsoSplashScreenEE7executeEPvS4_
                0x0000000008006eb4       0x68 C:\Users\NotImpLife\Desktop\Astralbrew/lib\libastralbrew-build-35068292.a(eso_splash_screen.o)
                0x0000000008006eb4                Astralbrew::NonStaticEventHandlerContainer<Astralbrew::Scenes::EsoSplashScreen>::execute(void*, void*) const
 .text._ZN10Astralbrew30NonStaticEventHandlerContainerINS_6Scenes15EsoSplashScreenEED0Ev
                0x0000000008006f1c       0x14 C:\Users\NotImpLife\Desktop\Astralbrew/lib\libastralbrew-build-35068292.a(eso_splash_screen.o)
                0x0000000008006f1c                Astralbrew::NonStaticEventHandlerContainer<Astralbrew::Scenes::EsoSplashScreen>::~NonStaticEventHandlerContainer()
 .text._ZNK10Astralbrew30NonStaticEventHandlerContainerINS_6Scenes15EsoSplashScreenEEeqERKNS_21EventHandlerContainerE
                0x0000000008006f30       0x3c C:\Users\NotImpLife\Desktop\Astralbrew/lib\libastralbrew-build-35068292.a(eso_splash_screen.o)
                0x0000000008006f30                Astralbrew::NonStaticEventHandlerContainer<Astralbrew::Scenes::EsoSplashScreen>::operator==(Astralbrew::EventHandlerContainer const&) const
 .text._ZN10Astralbrew5Event9add_eventINS_6Scenes15EsoSplashScreenEEEvMT_FvPvS5_EPS4_
                0x0000000008006f6c       0xac C:\Users\NotImpLife\Desktop\Astralbrew/lib\libastralbrew-build-35068292.a(eso_splash_screen.o)
                0x0000000008006f6c                void Astralbrew::Event::add_event<Astralbrew::Scenes::EsoSplashScreen>(void (Astralbrew::Scenes::EsoSplashScreen::*)(void*, void*), Astralbrew::Scenes::EsoSplashScreen*)
 .text._ZN10Astralbrew5Event12remove_eventINS_6Scenes15EsoSplashScreenEEEvMT_FvPvS5_EPS4_
                0x0000000008007018      0x108 C:\Users\NotImpLife\Desktop\Astralbrew/lib\libastralbrew-build-35068292.a(eso_splash_screen.o)
                0x0000000008007018                void Astralbrew::Event::remove_event<Astralbrew::Scenes::EsoSplashScreen>(void (Astralbrew::Scenes::EsoSplashScreen::*)(void*, void*), Astralbrew::Scenes::EsoSplashScreen*)
 .text.startup  0x0000000008007120       0x64 C:\Users\NotImpLife\Desktop\Astralbrew/lib\libastralbrew-build-35068292.a(eso_splash_screen.o)
 .text          0x0000000008007184      0x90c C:\Users\NotImpLife\Desktop\Astralbrew/lib\libastralbrew-build-35068292.a(obj_allocator.o)
                0x0000000008007320                Astralbrew::ObjAllocator::ObjAllocator(Astralbrew::Allocator*, Astralbrew::PaletteLoader*, int)
                0x0000000008007320                Astralbrew::ObjAllocator::ObjAllocator(Astralbrew::Allocator*, Astralbrew::PaletteLoader*, int)
                0x00000000080073e0                Astralbrew::ObjAllocator::allocate_tiles(Astralbrew::ObjFrame*)
                0x0000000008007434                Astralbrew::ObjAllocator::deallocate_tiles(Astralbrew::ObjFrame*)
                0x000000000800744c                Astralbrew::ObjAllocator::reserve(int)
                0x00000000080074a4                Astralbrew::ObjAllocator::release(void*)
                0x00000000080074b4                Astralbrew::ObjAllocator::remove(Astralbrew::AssetData const*, Astralbrew::Point<short>)
                0x0000000008007508                Astralbrew::ObjAllocator::allocate_asset(Astralbrew::ObjFrame*)
                0x0000000008007884                Astralbrew::ObjAllocator::allocate(Astralbrew::ObjFrame*)
                0x00000000080078a8                Astralbrew::ObjAllocator::deallocate_asset(Astralbrew::ObjFrame*)
                0x0000000008007a40                Astralbrew::ObjAllocator::deallocate(Astralbrew::ObjFrame*)
                0x0000000008007a68                Astralbrew::ObjAllocator::on_frame_unload(void*, void*)
 .text._ZN10Astralbrew30NonStaticEventHandlerContainerINS_12ObjAllocatorEED2Ev
                0x0000000008007a90        0x4 C:\Users\NotImpLife\Desktop\Astralbrew/lib\libastralbrew-build-35068292.a(obj_allocator.o)
                0x0000000008007a90                Astralbrew::NonStaticEventHandlerContainer<Astralbrew::ObjAllocator>::~NonStaticEventHandlerContainer()
                0x0000000008007a90                Astralbrew::NonStaticEventHandlerContainer<Astralbrew::ObjAllocator>::~NonStaticEventHandlerContainer()
 .text._ZNK10Astralbrew30NonStaticEventHandlerContainerINS_12ObjAllocatorEE7executeEPvS3_
                0x0000000008007a94       0x68 C:\Users\NotImpLife\Desktop\Astralbrew/lib\libastralbrew-build-35068292.a(obj_allocator.o)
                0x0000000008007a94                Astralbrew::NonStaticEventHandlerContainer<Astralbrew::ObjAllocator>::execute(void*, void*) const
 .text._ZN10Astralbrew30NonStaticEventHandlerContainerINS_12ObjAllocatorEED0Ev
                0x0000000008007afc       0x14 C:\Users\NotImpLife\Desktop\Astralbrew/lib\libastralbrew-build-35068292.a(obj_allocator.o)
                0x0000000008007afc                Astralbrew::NonStaticEventHandlerContainer<Astralbrew::ObjAllocator>::~NonStaticEventHandlerContainer()
 .text._ZNK10Astralbrew30NonStaticEventHandlerContainerINS_12ObjAllocatorEEeqERKNS_21EventHandlerContainerE
                0x0000000008007b10       0x3c C:\Users\NotImpLife\Desktop\Astralbrew/lib\libastralbrew-build-35068292.a(obj_allocator.o)
                0x0000000008007b10                Astralbrew::NonStaticEventHandlerContainer<Astralbrew::ObjAllocator>::operator==(Astralbrew::EventHandlerContainer const&) const
 .text._ZNK10Astralbrew7HashMapIPKNS_9AssetDataENS0_INS_5PointIsEENS_12ObjAllocator6RecordEXadL_ZNS_12default_hashIS5_Li32EEEiRKT_EELi32EEEXadL_ZNS8_IS3_Li32EEEiSB_EELi32EE12contains_keyERKS3_
                0x0000000008007b4c       0xd4 C:\Users\NotImpLife\Desktop\Astralbrew/lib\libastralbrew-build-35068292.a(obj_allocator.o)
                0x0000000008007b4c                Astralbrew::HashMap<Astralbrew::AssetData const*, Astralbrew::HashMap<Astralbrew::Point<short>, Astralbrew::ObjAllocator::Record, &(int Astralbrew::default_hash<Astralbrew::Point<short>, 32>(Astralbrew::Point<short> const&)), 32>, &(int Astralbrew::default_hash<Astralbrew::AssetData const*, 32>(Astralbrew::AssetData const* const&)), 32>::contains_key(Astralbrew::AssetData const* const&) const
 .text._ZNK10Astralbrew7HashMapINS_5PointIsEENS_12ObjAllocator6RecordEXadL_ZNS_12default_hashIS2_Li32EEEiRKT_EELi32EE12contains_keyERKS2_
                0x0000000008007c20       0xe0 C:\Users\NotImpLife\Desktop\Astralbrew/lib\libastralbrew-build-35068292.a(obj_allocator.o)
                0x0000000008007c20                Astralbrew::HashMap<Astralbrew::Point<short>, Astralbrew::ObjAllocator::Record, &(int Astralbrew::default_hash<Astralbrew::Point<short>, 32>(Astralbrew::Point<short> const&)), 32>::contains_key(Astralbrew::Point<short> const&) const
 .text._ZN10Astralbrew7HashMapINS_5PointIsEENS_12ObjAllocator6RecordEXadL_ZNS_12default_hashIS2_Li32EEEiRKT_EELi32EE10remove_keyERKS2_
                0x0000000008007d00      0x154 C:\Users\NotImpLife\Desktop\Astralbrew/lib\libastralbrew-build-35068292.a(obj_allocator.o)
                0x0000000008007d00                Astralbrew::HashMap<Astralbrew::Point<short>, Astralbrew::ObjAllocator::Record, &(int Astralbrew::default_hash<Astralbrew::Point<short>, 32>(Astralbrew::Point<short> const&)), 32>::remove_key(Astralbrew::Point<short> const&)
 .text._ZN10Astralbrew7HashMapIPKNS_9AssetDataENS0_INS_5PointIsEENS_12ObjAllocator6RecordEXadL_ZNS_12default_hashIS5_Li32EEEiRKT_EELi32EEEXadL_ZNS8_IS3_Li32EEEiSB_EELi32EE10remove_keyERKS3_
                0x0000000008007e54      0x150 C:\Users\NotImpLife\Desktop\Astralbrew/lib\libastralbrew-build-35068292.a(obj_allocator.o)
                0x0000000008007e54                Astralbrew::HashMap<Astralbrew::AssetData const*, Astralbrew::HashMap<Astralbrew::Point<short>, Astralbrew::ObjAllocator::Record, &(int Astralbrew::default_hash<Astralbrew::Point<short>, 32>(Astralbrew::Point<short> const&)), 32>, &(int Astralbrew::default_hash<Astralbrew::AssetData const*, 32>(Astralbrew::AssetData const* const&)), 32>::remove_key(Astralbrew::AssetData const* const&)
 .text._ZN10Astralbrew6VectorINS_7HashMapIPKNS_9AssetDataENS1_INS_5PointIsEENS_12ObjAllocator6RecordEXadL_ZNS_12default_hashIS6_Li32EEEiRKT_EELi32EEEXadL_ZNS9_IS4_Li32EEEiSC_EELi32EE5EntryEE16container_resizeEi
                0x0000000008007fa4      0x184 C:\Users\NotImpLife\Desktop\Astralbrew/lib\libastralbrew-build-35068292.a(obj_allocator.o)
                0x0000000008007fa4                Astralbrew::Vector<Astralbrew::HashMap<Astralbrew::AssetData const*, Astralbrew::HashMap<Astralbrew::Point<short>, Astralbrew::ObjAllocator::Record, &(int Astralbrew::default_hash<Astralbrew::Point<short>, 32>(Astralbrew::Point<short> const&)), 32>, &(int Astralbrew::default_hash<Astralbrew::AssetData const*, 32>(Astralbrew::AssetData const* const&)), 32>::Entry>::container_resize(int)
 .text._ZN10Astralbrew7HashMapIPKNS_9AssetDataENS0_INS_5PointIsEENS_12ObjAllocator6RecordEXadL_ZNS_12default_hashIS5_Li32EEEiRKT_EELi32EEEXadL_ZNS8_IS3_Li32EEEiSB_EELi32EEixERKS3_
                0x0000000008008128      0x254 C:\Users\NotImpLife\Desktop\Astralbrew/lib\libastralbrew-build-35068292.a(obj_allocator.o)
                0x0000000008008128                Astralbrew::HashMap<Astralbrew::AssetData const*, Astralbrew::HashMap<Astralbrew::Point<short>, Astralbrew::ObjAllocator::Record, &(int Astralbrew::default_hash<Astralbrew::Point<short>, 32>(Astralbrew::Point<short> const&)), 32>, &(int Astralbrew::default_hash<Astralbrew::AssetData const*, 32>(Astralbrew::AssetData const* const&)), 32>::operator[](Astralbrew::AssetData const* const&)
 .text._ZN10Astralbrew6VectorINS_7HashMapINS_5PointIsEENS_12ObjAllocator6RecordEXadL_ZNS_12default_hashIS3_Li32EEEiRKT_EELi32EE5EntryEE16container_resizeEi
                0x000000000800837c       0x90 C:\Users\NotImpLife\Desktop\Astralbrew/lib\libastralbrew-build-35068292.a(obj_allocator.o)
                0x000000000800837c                Astralbrew::Vector<Astralbrew::HashMap<Astralbrew::Point<short>, Astralbrew::ObjAllocator::Record, &(int Astralbrew::default_hash<Astralbrew::Point<short>, 32>(Astralbrew::Point<short> const&)), 32>::Entry>::container_resize(int)
 .text._ZN10Astralbrew7HashMapINS_5PointIsEENS_12ObjAllocator6RecordEXadL_ZNS_12default_hashIS2_Li32EEEiRKT_EELi32EEixERKS2_
                0x000000000800840c      0x1d4 C:\Users\NotImpLife\Desktop\Astralbrew/lib\libastralbrew-build-35068292.a(obj_allocator.o)
                0x000000000800840c                Astralbrew::HashMap<Astralbrew::Point<short>, Astralbrew::ObjAllocator::Record, &(int Astralbrew::default_hash<Astralbrew::Point<short>, 32>(Astralbrew::Point<short> const&)), 32>::operator[](Astralbrew::Point<short> const&)
 .text          0x00000000080085e0       0xbc C:\Users\NotImpLife\Desktop\Astralbrew/lib\libastralbrew-build-35068292.a(obj_frame.o)
                0x00000000080085e0                Astralbrew::ObjFrame::ObjFrame(Astralbrew::AssetData const*, int, int)
                0x00000000080085e0                Astralbrew::ObjFrame::ObjFrame(Astralbrew::AssetData const*, int, int)
                0x0000000008008608                Astralbrew::ObjFrame::ObjFrame(int, int)
                0x0000000008008608                Astralbrew::ObjFrame::ObjFrame(int, int)
                0x0000000008008634                Astralbrew::ObjFrame::ObjFrame(void*, int)
                0x0000000008008634                Astralbrew::ObjFrame::ObjFrame(void*, int)
                0x000000000800865c                Astralbrew::ObjFrame::get_gfx_ptr() const
                0x0000000008008660                Astralbrew::ObjFrame::get_bpp() const
                0x000000000800867c                Astralbrew::ObjFrame::~ObjFrame()
                0x000000000800867c                Astralbrew::ObjFrame::~ObjFrame()
 .text          0x000000000800869c      0x494 C:\Users\NotImpLife\Desktop\Astralbrew/lib\libastralbrew-build-35068292.a(sprite.o)
                0x000000000800869c                Astralbrew::Sprite::x() const
                0x00000000080086a0                Astralbrew::Sprite::y() const
                0x00000000080086a4                Astralbrew::Sprite::~Sprite()
                0x00000000080086a4                Astralbrew::Sprite::~Sprite()
                0x00000000080086d4                Astralbrew::Sprite::~Sprite()
                0x000000000800870c                Astralbrew::Sprite::Sprite(Astralbrew::ObjSize)
                0x000000000800870c                Astralbrew::Sprite::Sprite(Astralbrew::ObjSize)
                0x00000000080087a0                Astralbrew::Sprite::get_size() const
                0x00000000080087c0                Astralbrew::Sprite::get_visual() const
                0x00000000080087c4                Astralbrew::Sprite::update_visual()
                0x0000000008008878                Astralbrew::Sprite::update_position()
                0x0000000008008924                Astralbrew::Sprite::set_default_allocator(Astralbrew::ObjAllocator*)
                0x0000000008008928                Astralbrew::Sprite::add_frame(Astralbrew::ObjFrame*)
                0x000000000800896c                Astralbrew::Sprite::oam_deploy()
                0x0000000008008978                Astralbrew::Sprite::set_position(Astralbrew::sf24, Astralbrew::sf24)
                0x0000000008008980                Astralbrew::Sprite::set_position(Astralbrew::Point<Astralbrew::sf24>)
                0x0000000008008994                Astralbrew::Sprite::move(Astralbrew::sf24, Astralbrew::sf24)
                0x00000000080089b8                Astralbrew::Sprite::flip_horizontal()
                0x00000000080089c8                Astralbrew::Sprite::flip_vertical()
                0x00000000080089d8                Astralbrew::Sprite::set_flip_horizontal(bool)
                0x00000000080089e8                Astralbrew::Sprite::set_flip_vertical(bool)
                0x00000000080089f8                Astralbrew::Sprite::is_flipped_horizontal() const
                0x0000000008008a0c                Astralbrew::Sprite::is_flipped_vertical() const
                0x0000000008008a20                Astralbrew::Sprite::set_priority(int)
                0x0000000008008a34                Astralbrew::Sprite::show()
                0x0000000008008a44                Astralbrew::Sprite::hide()
                0x0000000008008a54                Astralbrew::Sprite::is_hidden() const
                0x0000000008008a64                Astralbrew::Sprite::set_anchor(int, int)
                0x0000000008008ab0                Astralbrew::Sprite::set_anchor(Astralbrew::Point<char>)
                0x0000000008008af0                Astralbrew::Sprite::set_mode_normal()
                0x0000000008008b00                Astralbrew::Sprite::set_mode_semi_transparent()
                0x0000000008008b10                Astralbrew::Sprite::get_palette_number() const
                0x0000000008008b20                Astralbrew::Sprite::set_palette_number(int)
 .text          0x0000000008008b30       0x3c C:\Users\NotImpLife\Desktop\Astralbrew/lib\libastralbrew-build-35068292.a(obj.o)
                0x0000000008008b30                Astralbrew::Hardware::objEnable()
                0x0000000008008b40                Astralbrew::Hardware::objIsEnabled()
                0x0000000008008b4c                Astralbrew::Hardware::getObjVram()
 .text          0x0000000008008b6c       0x3c C:\Users\NotImpLife\Desktop\Astralbrew/lib\libastralbrew-build-35068292.a(video.o)
                0x0000000008008b6c                Astralbrew::Hardware::setVideoMode(int)
                0x0000000008008b9c                Astralbrew::Hardware::getVideoMode()
 .text          0x0000000008008ba8      0x500 C:\Users\NotImpLife\Desktop\Astralbrew/lib\libastralbrew-build-35068292.a(vwf_engine.o)
                0x0000000008008ba8                Astralbrew::VwfEngine::VwfEngine(Astralbrew::FontData const&, Astralbrew::ExtendedFontChart)
                0x0000000008008ba8                Astralbrew::VwfEngine::VwfEngine(Astralbrew::FontData const&, Astralbrew::ExtendedFontChart)
                0x0000000008008bd8                Astralbrew::VwfEngine::set_render_space(void*, int, int)
                0x0000000008008be8                Astralbrew::VwfEngine::put_char(char, Astralbrew::Video::BgPaletteType, Astralbrew::Brush const&)
                0x0000000008008e5c                Astralbrew::VwfEngine::put_word(char const*, Astralbrew::Video::BgPaletteType, Astralbrew::Brush const&)
                0x0000000008008f30                Astralbrew::VwfEngine::put_text(char const*, Astralbrew::Video::BgPaletteType, Astralbrew::Brush const&)
                0x0000000008008f64                Astralbrew::VwfEngine::clear(Astralbrew::Video::BgPaletteType)
                0x0000000008008f98                Astralbrew::VwfEngine::prepare_map(Astralbrew::VwfEngine const&, unsigned short*, int, int, int, int)
 .text          0x00000000080090a8      0x29c C:\Users\NotImpLife\Desktop\Astralbrew/lib\libastralbrew-build-35068292.a(sf24.o)
                0x00000000080090a8                Astralbrew::sf24::sf24()
                0x00000000080090a8                Astralbrew::sf24::sf24()
                0x00000000080090ac                Astralbrew::sf24::sf24(short)
                0x00000000080090ac                Astralbrew::sf24::sf24(short)
                0x00000000080090b4                Astralbrew::sf24::sf24(short, unsigned char)
                0x00000000080090b4                Astralbrew::sf24::sf24(short, unsigned char)
                0x00000000080090c0                Astralbrew::sf24::get_int() const
                0x00000000080090c8                Astralbrew::sf24::get_frac() const
                0x00000000080090cc                Astralbrew::sf24::operator+(Astralbrew::sf24 const&) const
                0x00000000080090d4                Astralbrew::sf24::operator-(Astralbrew::sf24 const&) const
                0x00000000080090dc                Astralbrew::sf24::operator*(Astralbrew::sf24 const&) const
                0x000000000800910c                Astralbrew::sf24::operator-() const
                0x0000000008009114                Astralbrew::sf24::operator+=(Astralbrew::sf24 const&)
                0x0000000008009120                Astralbrew::sf24::operator-=(Astralbrew::sf24 const&)
                0x000000000800912c                Astralbrew::sf24::operator int() const
                0x0000000008009134                Astralbrew::sf24::operator short() const
                0x000000000800913c                Astralbrew::sf24::operator<(Astralbrew::sf24 const&) const
                0x0000000008009150                Astralbrew::sf24::operator>(Astralbrew::sf24 const&) const
                0x0000000008009164                Astralbrew::sf24::operator<=(Astralbrew::sf24 const&) const
                0x0000000008009178                Astralbrew::sf24::operator>=(Astralbrew::sf24 const&) const
                0x000000000800918c                Astralbrew::sf24::operator==(Astralbrew::sf24 const&) const
                0x0000000008009198                Astralbrew::sf24::operator!=(Astralbrew::sf24 const&) const
                0x00000000080091a4                Astralbrew::sf24::create_from_data(unsigned int)
                0x00000000080091a8                Astralbrew::sf24::in_range(Astralbrew::sf24 const&, Astralbrew::sf24 const&) const
                0x00000000080091c4                Astralbrew::sf24::abs() const
                0x00000000080091d0                Astralbrew::sf24::to_string() const
 .text          0x0000000008009344       0xb4 C:\Users\NotImpLife\Desktop\Astralbrew/lib\libastralbrew-build-35068292.a(memory.o)
                0x0000000008009344                Astralbrew::Memory::fill_16(void*, short, int)
                0x0000000008009358                Astralbrew::Memory::fill_32(void*, int, int)
                0x000000000800936c                Astralbrew::Memory::clear(void*, int)
                0x00000000080093ac                Astralbrew::Memory::copy(void*, void const*, int)
 .text          0x00000000080093f8      0x304 C:\Users\NotImpLife\Desktop\Astralbrew/lib\libastralbrew-build-35068292.a(allocator.o)
                0x00000000080093f8                Astralbrew::Allocator::Allocator()
                0x00000000080093f8                Astralbrew::Allocator::Allocator()
                0x0000000008009404                Astralbrew::Allocator::Allocator(int, int)
                0x0000000008009404                Astralbrew::Allocator::Allocator(int, int)
                0x00000000080094ac                address_stamp(int, int, int)
                0x00000000080094b8                Astralbrew::Allocator::reserve(int, int)
                0x0000000008009614                Astralbrew::Allocator::release(void*)
                0x00000000080096cc                Astralbrew::Allocator::~Allocator()
                0x00000000080096cc                Astralbrew::Allocator::~Allocator()
 .text          0x00000000080096fc      0x120 C:\Users\NotImpLife\Desktop\Astralbrew/lib\libastralbrew-build-35068292.a(allocs_table.o)
                0x00000000080096fc                init_allocs_table()
                0x0000000008009754                allocs_last_stamp()
                0x0000000008009768                allocs_last_id()
                0x000000000800977c                add_to_allocs_table(int, int)
                0x00000000080097b8                remove_from_allocs_table(int, int)
                0x0000000008009818                remove_allocs_by_id(int)
 .text          0x000000000800981c      0x738 C:\Users\NotImpLife\Desktop\Astralbrew/lib\libastralbrew-build-35068292.a(background.o)
                0x000000000800981c                Astralbrew::Video::bgInit(int, Astralbrew::Video::BgSize, Astralbrew::Video::BgPaletteType, int, int)
                0x00000000080098bc                Astralbrew::Video::bgWrap(int)
                0x00000000080098f0                Astralbrew::Video::bgUnwrap(int)
                0x0000000008009924                Astralbrew::Video::bgMosaicEnable(int)
                0x0000000008009954                Astralbrew::Video::bgMosaicDisable(int)
                0x0000000008009984                Astralbrew::Video::bgScroll(int, int, int)
                0x00000000080099ac                Astralbrew::Video::bgSetScroll(int, int, int)
                0x00000000080099c4                Astralbrew::Video::bgScrollf(int, int, int)
                0x00000000080099e8                Astralbrew::Video::bgSetScrollf(int, int, int)
                0x00000000080099fc                Astralbrew::Video::bgSetCenter(int, int, int)
                0x0000000008009a14                Astralbrew::Video::bgSetCenterf(int, int, int)
                0x0000000008009a28                Astralbrew::Video::bgSetRotate(int, int)
                0x0000000008009a3c                Astralbrew::Video::bgRotate(int, int)
                0x0000000008009a54                Astralbrew::Video::bgSetScale(int, int, int)
                0x0000000008009a68                Astralbrew::Video::bgSetPriority(int, int)
                0x0000000008009aa0                Astralbrew::Video::bgIsText(int)
                0x0000000008009ac0                Astralbrew::Video::bgUpdate()
                0x0000000008009b04                Astralbrew::Video::copyTiles256(void const*, void*, int, void const*, int, int)
                0x0000000008009bbc                Astralbrew::Video::bgShow(int)
                0x0000000008009bd4                Astralbrew::Video::bgHide(int)
                0x0000000008009be8                Astralbrew::Video::bgIsVisible(int)
                0x0000000008009c00                Astralbrew::Video::bgGetMapPtr(int)
                0x0000000008009c1c                Astralbrew::Video::bgGetTilesPtr(int)
                0x0000000008009c38                Astralbrew::Video::bgGetBitmapFrontBuffer()
                0x0000000008009c5c                Astralbrew::Video::bgGetBitmapBackBuffer()
                0x0000000008009c7c                Astralbrew::Video::bgSetBackBuffer(bool)
                0x0000000008009c94                Astralbrew::Video::bgSwapBuffers()
                0x0000000008009cb4                Astralbrew::Video::bgSetAlpha(int, int, int, int)
                0x0000000008009ce8                Astralbrew::Video::bgBlockOwnerMap(void const*)
                0x0000000008009e74                Astralbrew::Video::bgTileId(void const*, int)
 .text          0x0000000008009f54      0x1a8 C:\Users\NotImpLife\Desktop\Astralbrew/lib\libastralbrew-build-35068292.a(measure.o)
                0x0000000008009f54                Astralbrew::MeasureValue::MeasureValue(int)
                0x0000000008009f54                Astralbrew::MeasureValue::MeasureValue(int)
                0x0000000008009f60                Astralbrew::MeasureValue::cut()
                0x0000000008009f68                Astralbrew::MeasureValue::fit()
                0x0000000008009f70                Astralbrew::MeasureValue::blocks(int)
                0x0000000008009f78                Astralbrew::MeasureValue::value() const
                0x0000000008009f94                Astralbrew::MeasureValue::kilobytes() const
                0x0000000008009fb4                Astralbrew::MeasureValue::operator int() const
                0x0000000008009fd0                Astralbrew::Measure::_4bpp()
                0x0000000008009fd8                Astralbrew::Measure::_8bpp()
                0x0000000008009fe0                Astralbrew::Measure::_16bpp()
                0x0000000008009fe8                Astralbrew::Measure::metatile(int, int)
                0x0000000008009ff0                Astralbrew::Measure::text()
                0x0000000008009ff8                Astralbrew::Measure::bitmap()
                0x000000000800a000                Astralbrew::Measure::tiles(int) const
                0x000000000800a01c                Astralbrew::Measure::tiles(int, int) const
                0x000000000800a038                Astralbrew::Measure::bitmap(int, int) const
                0x000000000800a054                Astralbrew::Measure::tiles_count(int) const
                0x000000000800a070                Astralbrew::Measure::map_size(int, int) const
                0x000000000800a0b4                Astralbrew::Measure::bytes_per_map_entry() const
                0x000000000800a0b8                Astralbrew::Measure::bpp(int)
                0x000000000800a0e8                Astralbrew::Measure::tile_id(void*, void*, int) const
 .text          0x000000000800a0fc      0x15c C:\Users\NotImpLife\Desktop\Astralbrew/lib\libastralbrew-build-35068292.a(palette_loader.o)
                0x000000000800a0fc                Astralbrew::PaletteLoader::PaletteLoader()
                0x000000000800a0fc                Astralbrew::PaletteLoader::PaletteLoader()
                0x000000000800a174                Astralbrew::PaletteLoader::PaletteLoader(Astralbrew::PaletteManager*)
                0x000000000800a174                Astralbrew::PaletteLoader::PaletteLoader(Astralbrew::PaletteManager*)
                0x000000000800a188                Astralbrew::PaletteLoader::~PaletteLoader()
                0x000000000800a188                Astralbrew::PaletteLoader::~PaletteLoader()
                0x000000000800a1a8                Astralbrew::PaletteLoader::try_load(Astralbrew::AssetData const*)
                0x000000000800a20c                Astralbrew::PaletteLoader::unload(Astralbrew::AssetData const*)
 .text._ZN10Astralbrew6VectorINS0_INS_7HashMapIPKNS_9AssetDataEiXadL_ZNS_12default_hashIS4_Li8EEEiRKT_EELi8EE5EntryEEEED2Ev
                0x000000000800a258       0x68 C:\Users\NotImpLife\Desktop\Astralbrew/lib\libastralbrew-build-35068292.a(palette_loader.o)
                0x000000000800a258                Astralbrew::Vector<Astralbrew::Vector<Astralbrew::HashMap<Astralbrew::AssetData const*, int, &(int Astralbrew::default_hash<Astralbrew::AssetData const*, 8>(Astralbrew::AssetData const* const&)), 8>::Entry> >::~Vector()
                0x000000000800a258                Astralbrew::Vector<Astralbrew::Vector<Astralbrew::HashMap<Astralbrew::AssetData const*, int, &(int Astralbrew::default_hash<Astralbrew::AssetData const*, 8>(Astralbrew::AssetData const* const&)), 8>::Entry> >::~Vector()
 .text._ZN10Astralbrew7HashMapIPKNS_9AssetDataEiXadL_ZNS_12default_hashIS3_Li8EEEiRKT_EELi8EEixERKS3_
                0x000000000800a2c0      0x238 C:\Users\NotImpLife\Desktop\Astralbrew/lib\libastralbrew-build-35068292.a(palette_loader.o)
                0x000000000800a2c0                Astralbrew::HashMap<Astralbrew::AssetData const*, int, &(int Astralbrew::default_hash<Astralbrew::AssetData const*, 8>(Astralbrew::AssetData const* const&)), 8>::operator[](Astralbrew::AssetData const* const&)
 .text._ZNK10Astralbrew7HashMapIPKNS_9AssetDataEiXadL_ZNS_12default_hashIS3_Li8EEEiRKT_EELi8EE12contains_keyERKS3_
                0x000000000800a4f8       0xd0 C:\Users\NotImpLife\Desktop\Astralbrew/lib\libastralbrew-build-35068292.a(palette_loader.o)
                0x000000000800a4f8                Astralbrew::HashMap<Astralbrew::AssetData const*, int, &(int Astralbrew::default_hash<Astralbrew::AssetData const*, 8>(Astralbrew::AssetData const* const&)), 8>::contains_key(Astralbrew::AssetData const* const&) const
 .text._ZN10Astralbrew7HashMapIPKNS_9AssetDataEiXadL_ZNS_12default_hashIS3_Li8EEEiRKT_EELi8EE10remove_keyERKS3_
                0x000000000800a5c8      0x130 C:\Users\NotImpLife\Desktop\Astralbrew/lib\libastralbrew-build-35068292.a(palette_loader.o)
                0x000000000800a5c8                Astralbrew::HashMap<Astralbrew::AssetData const*, int, &(int Astralbrew::default_hash<Astralbrew::AssetData const*, 8>(Astralbrew::AssetData const* const&)), 8>::remove_key(Astralbrew::AssetData const* const&)
 .text          0x000000000800a6f8      0x830 C:\Users\NotImpLife\Desktop\Astralbrew/lib\libastralbrew-build-35068292.a(palette_manager.o)
                0x000000000800a6f8                Astralbrew::PaletteManager::PaletteManager(void*)
                0x000000000800a6f8                Astralbrew::PaletteManager::PaletteManager(void*)
                0x000000000800a798                Astralbrew::PaletteManager::get_pal16(short*, int)
                0x000000000800a820                Astralbrew::PaletteManager::get_chksum(short*)
                0x000000000800a844                Astralbrew::PaletteManager::reserve16(void const*)
                0x000000000800a8cc                Astralbrew::PaletteManager::unload16(void const*)
                0x000000000800a938                Astralbrew::PaletteManager::migrate_offset(void*)
                0x000000000800a954                Astralbrew::PaletteManager::hashColor(short const&)
                0x000000000800a96c                Astralbrew::PaletteAllocationResult::~PaletteAllocationResult()
                0x000000000800a96c                Astralbrew::PaletteAllocationResult::~PaletteAllocationResult()
                0x000000000800a990                Astralbrew::PaletteAllocationResult::PaletteAllocationResult(short*, int, char, bool)
                0x000000000800a990                Astralbrew::PaletteAllocationResult::PaletteAllocationResult(short*, int, char, bool)
                0x000000000800a9a4                Astralbrew::PaletteAllocationResult::PaletteAllocationResult(Astralbrew::PaletteAllocationResult const&)
                0x000000000800a9a4                Astralbrew::PaletteAllocationResult::PaletteAllocationResult(Astralbrew::PaletteAllocationResult const&)
                0x000000000800aa0c                Astralbrew::PaletteAllocationResult::PaletteAllocationResult(Astralbrew::PaletteAllocationResult&&)
                0x000000000800aa0c                Astralbrew::PaletteAllocationResult::PaletteAllocationResult(Astralbrew::PaletteAllocationResult&&)
                0x000000000800aa40                Astralbrew::PaletteAllocationResult::operator=(Astralbrew::PaletteAllocationResult const&)
                0x000000000800aaac                Astralbrew::PaletteAllocationResult::operator=(Astralbrew::PaletteAllocationResult&&)
                0x000000000800aae0                Astralbrew::PaletteAllocationResult::operator==(Astralbrew::PaletteAllocationResult const&) const
                0x000000000800ab2c                Astralbrew::PaletteManager::~PaletteManager()
                0x000000000800ab2c                Astralbrew::PaletteManager::~PaletteManager()
                0x000000000800ab50                Astralbrew::PaletteManager::reserve1(int)
                0x000000000800ac70                Astralbrew::PaletteManager::unload1(int)
                0x000000000800acf8                Astralbrew::PaletteManager::try_load(Astralbrew::AssetData const*)
                0x000000000800ae48                Astralbrew::PaletteManager::unload(Astralbrew::AssetData const*)
 .text._ZN10Astralbrew6VectorINS0_INS_7HashMapIsiXadL_ZNS_14PaletteManager9hashColorERKsEELi128EE5EntryEEEED2Ev
                0x000000000800af28       0x68 C:\Users\NotImpLife\Desktop\Astralbrew/lib\libastralbrew-build-35068292.a(palette_manager.o)
                0x000000000800af28                Astralbrew::Vector<Astralbrew::Vector<Astralbrew::HashMap<short, int, &Astralbrew::PaletteManager::hashColor, 128>::Entry> >::~Vector()
                0x000000000800af28                Astralbrew::Vector<Astralbrew::Vector<Astralbrew::HashMap<short, int, &Astralbrew::PaletteManager::hashColor, 128>::Entry> >::~Vector()
 .text._ZNK10Astralbrew7HashMapIsiXadL_ZNS_14PaletteManager9hashColorERKsEELi128EE12contains_keyES3_
                0x000000000800af90       0xd4 C:\Users\NotImpLife\Desktop\Astralbrew/lib\libastralbrew-build-35068292.a(palette_manager.o)
                0x000000000800af90                Astralbrew::HashMap<short, int, &Astralbrew::PaletteManager::hashColor, 128>::contains_key(short const&) const
 .text._ZN10Astralbrew7HashMapIsiXadL_ZNS_14PaletteManager9hashColorERKsEELi128EEixES3_
                0x000000000800b064      0x240 C:\Users\NotImpLife\Desktop\Astralbrew/lib\libastralbrew-build-35068292.a(palette_manager.o)
                0x000000000800b064                Astralbrew::HashMap<short, int, &Astralbrew::PaletteManager::hashColor, 128>::operator[](short const&)
 .text._ZN10Astralbrew7HashMapIsiXadL_ZNS_14PaletteManager9hashColorERKsEELi128EE10remove_keyES3_
                0x000000000800b2a4      0x138 C:\Users\NotImpLife\Desktop\Astralbrew/lib\libastralbrew-build-35068292.a(palette_manager.o)
                0x000000000800b2a4                Astralbrew::HashMap<short, int, &Astralbrew::PaletteManager::hashColor, 128>::remove_key(short const&)
 .text          0x000000000800b3dc      0x334 C:\Users\NotImpLife\Desktop\Astralbrew/lib\libastralbrew-build-35068292.a(vram_loader.o)
                0x000000000800b3dc                Astralbrew::VramLoader::load(Astralbrew::AssetData const*, void*, short*, int)
                0x000000000800b5ac                Astralbrew::VramLoader::load(Astralbrew::AssetData const*, int, int, void*, short*, int)
                0x000000000800b6d0                Astralbrew::VramLoader::clear(void*, int)
 .text          0x000000000800b710      0x3d8 C:\Users\NotImpLife\Desktop\Astralbrew/lib\libastralbrew-build-35068292.a(schedule.o)
                0x000000000800b710                Astralbrew::BindingObjectScheduledTask::action()
                0x000000000800b72c                Astralbrew::BindingObjectScheduledTask::~BindingObjectScheduledTask()
                0x000000000800b72c                Astralbrew::BindingObjectScheduledTask::~BindingObjectScheduledTask()
                0x000000000800b770                Astralbrew::BindingObjectScheduledTask::~BindingObjectScheduledTask()
                0x000000000800b7bc                Astralbrew::ScheduledTask::execute()
                0x000000000800b840                Astralbrew::ScheduledTask::get_counter() const
                0x000000000800b848                Astralbrew::ScheduledTask::is_active() const
                0x000000000800b854                Astralbrew::ScheduledTask::get_frame_lapse() const
                0x000000000800b85c                Astralbrew::ScheduledTask::ScheduledTask(int, int)
                0x000000000800b85c                Astralbrew::ScheduledTask::ScheduledTask(int, int)
                0x000000000800b87c                Astralbrew::ScheduledTask::set_counter(int)
                0x000000000800b880                Astralbrew::ScheduledTask::seconds(int)
                0x000000000800b888                Astralbrew::Schedule::run_frame()
                0x000000000800b96c                Astralbrew::Schedule::schedule_task(Astralbrew::ScheduledTask*)
                0x000000000800ba48                Astralbrew::Schedule::unschedule_task(Astralbrew::ScheduledTask*)
 .text._ZN10Astralbrew21EventHandlerContainerD0Ev
                0x000000000800bae8       0x14 C:\Users\NotImpLife\Desktop\Astralbrew/lib\libastralbrew-build-35068292.a(schedule.o)
                0x000000000800bae8                Astralbrew::EventHandlerContainer::~EventHandlerContainer()
 .text._ZN10Astralbrew21EventHandlerContainerD2Ev
                0x000000000800bafc        0x4 C:\Users\NotImpLife\Desktop\Astralbrew/lib\libastralbrew-build-35068292.a(schedule.o)
                0x000000000800bafc                Astralbrew::EventHandlerContainer::~EventHandlerContainer()
                0x000000000800bafc                Astralbrew::EventHandlerContainer::~EventHandlerContainer()
 .text          0x000000000800bb00      0x274 C:\Users\NotImpLife\Desktop\Astralbrew/lib\libastralbrew-build-35068292.a(asset_data.o)
                0x000000000800bb00                Astralbrew::AssetData::AssetData()
                0x000000000800bb00                Astralbrew::AssetData::AssetData()
                0x000000000800bb14                Astralbrew::AssetData::is_bitmap() const
                0x000000000800bb1c                Astralbrew::AssetData::get_gfx_length() const
                0x000000000800bb34                Astralbrew::AssetData::extract_gfx(void*) const
                0x000000000800bb58                Astralbrew::AssetData::get_pal_length() const
                0x000000000800bb68                Astralbrew::AssetData::get_pal_count() const
                0x000000000800bb7c                Astralbrew::AssetData::extract_palette(void*) const
                0x000000000800bba8                Astralbrew::AssetData::get_map_length() const
                0x000000000800bbe4                Astralbrew::AssetData::extract_map(void*) const
                0x000000000800bc2c                Astralbrew::AssetData::get_color_depth() const
                0x000000000800bc50                Astralbrew::AssetData::get_metatile_width() const
                0x000000000800bc6c                Astralbrew::AssetData::get_metatile_height() const
                0x000000000800bc88                Astralbrew::AssetData::get_metatile_size() const
                0x000000000800bd64                Astralbrew::AssetData::has_map() const
                0x000000000800bd6c                Astralbrew::AssetData::is_map_tile_reduction_enabled() const
 .text          0x000000000800bd74      0x1bc C:\Users\NotImpLife\Desktop\Astralbrew/lib\libastralbrew-build-35068292.a(font_data.o)
                0x000000000800bd74                Astralbrew::FontData::FontData()
                0x000000000800bd74                Astralbrew::FontData::FontData()
                0x000000000800bd88                Astralbrew::FontData::char_width() const
                0x000000000800bda0                Astralbrew::FontData::char_height() const
                0x000000000800bdb8                Astralbrew::FontData::get_header_size() const
                0x000000000800bdbc                Astralbrew::FontData::get_chart_size() const
                0x000000000800bdcc                Astralbrew::FontData::get_ascii_base_addr() const
                0x000000000800bdd0                Astralbrew::FontData::get_ascii_extended_addr(Astralbrew::ExtendedFontChart) const
                0x000000000800be18                Astralbrew::FontData::get_glyph(int, Astralbrew::ExtendedFontChart) const
                0x000000000800bea0                Astralbrew::FontData::get_glyph_width(int, Astralbrew::ExtendedFontChart) const
                0x000000000800bf20                Astralbrew::FontData::font_size() const
 .text          0x000000000800bf30      0x124 C:\Users\NotImpLife\Desktop\Astralbrew/lib\libastralbrew-build-35068292.a(readonly_data.o)
                0x000000000800bf30                Astralbrew::ReadOnlyData::ReadOnlyData(int)
                0x000000000800bf30                Astralbrew::ReadOnlyData::ReadOnlyData(int)
                0x000000000800bf3c                Astralbrew::ReadOnlyData::extract(void*) const
                0x000000000800bf98                Astralbrew::ReadOnlyData::extract(void*, int, int) const
                0x000000000800c044                Astralbrew::ReadOnlyData::get_type() const
                0x000000000800c04c                Astralbrew::ReadOnlyData::is_compressed() const
 .text          0x000000000800c054       0x38 C:\Users\NotImpLife\Desktop\Astralbrew/lib\libastralbrew-build-35068292.a(hitbox.o)
                0x000000000800c054                Astralbrew::Hitbox::Hitbox()
                0x000000000800c054                Astralbrew::Hitbox::Hitbox()
                0x000000000800c060                Astralbrew::Hitbox::Hitbox(char, char, char, char)
                0x000000000800c060                Astralbrew::Hitbox::Hitbox(char, char, char, char)
                0x000000000800c074                Astralbrew::Hitbox::Hitbox(Astralbrew::ObjSize)
                0x000000000800c074                Astralbrew::Hitbox::Hitbox(Astralbrew::ObjSize)
 .text          0x000000000800c08c      0x23c C:\Users\NotImpLife\Desktop\Astralbrew/lib\libastralbrew-build-35068292.a(oam_pool.o)
                0x000000000800c08c                Astralbrew::OamPool::reset()
                0x000000000800c0cc                Astralbrew::OamPool::add_obj(Astralbrew::ObjAttribute)
                0x000000000800c1c8                Astralbrew::OamPool::remove_obj(Astralbrew::ObjAttribute*)
                0x000000000800c250                Astralbrew::OamPool::deploy()
                0x000000000800c290                Astralbrew::OamPool::set_rotation_matrix(int, int, int, int, int)
 .text.startup  0x000000000800c2c8       0x14 C:\Users\NotImpLife\Desktop\Astralbrew/lib\libastralbrew-build-35068292.a(oam_pool.o)
 .text          0x000000000800c2dc      0x368 C:\Users\NotImpLife\Desktop\Astralbrew/lib\libastralbrew-build-35068292.a(obj_attribute.o)
                0x000000000800c2dc                Astralbrew::ObjAttribute::create256(Astralbrew::ObjSize, short, short, unsigned short, unsigned short, unsigned short, unsigned short)
                0x000000000800c330                Astralbrew::ObjAttribute::create16(Astralbrew::ObjSize, short, short, unsigned short, unsigned short, unsigned short, unsigned short, unsigned short)
                0x000000000800c390                Astralbrew::ObjAttribute::set_size(Astralbrew::ObjSize)
                0x000000000800c3b0                Astralbrew::ObjAttribute::get_size() const
                0x000000000800c3cc                Astralbrew::ObjAttribute::flip_v()
                0x000000000800c3d8                Astralbrew::ObjAttribute::set_flip_v(unsigned short)
                0x000000000800c3f0                Astralbrew::ObjAttribute::get_flip_v() const
                0x000000000800c3f8                Astralbrew::ObjAttribute::flip_h()
                0x000000000800c404                Astralbrew::ObjAttribute::set_flip_h(unsigned short)
                0x000000000800c41c                Astralbrew::ObjAttribute::get_flip_h() const
                0x000000000800c424                Astralbrew::ObjAttribute::set_x(short)
                0x000000000800c44c                Astralbrew::ObjAttribute::set_y(short)
                0x000000000800c468                Astralbrew::ObjAttribute::get_x() const
                0x000000000800c46c                Astralbrew::ObjAttribute::get_y() const
                0x000000000800c474                Astralbrew::ObjAttribute::set_priority(unsigned short)
                0x000000000800c48c                Astralbrew::ObjAttribute::set_tile_index(unsigned short)
                0x000000000800c49c                Astralbrew::ObjAttribute::get_tile_index() const
                0x000000000800c4a4                Astralbrew::ObjAttribute::show()
                0x000000000800c4b4                Astralbrew::ObjAttribute::hide()
                0x000000000800c4c0                Astralbrew::ObjAttribute::is_hidden() const
                0x000000000800c4c8                Astralbrew::ObjAttribute::is_8bit() const
                0x000000000800c4d0                Astralbrew::ObjAttribute::is_4bit() const
                0x000000000800c4e0                Astralbrew::ObjAttribute::get_palette_number() const
                0x000000000800c508                Astralbrew::ObjAttribute::set_palette_number(int)
                0x000000000800c538                Astralbrew::ObjAttribute::is_rotation_scaling() const
                0x000000000800c540                Astralbrew::ObjAttribute::set_rotation_scaling(bool)
                0x000000000800c554                Astralbrew::ObjAttribute::is_double_size() const
                0x000000000800c578                Astralbrew::ObjAttribute::set_double_size(bool)
                0x000000000800c5a4                Astralbrew::ObjAttribute::set_affine_matrix(int)
                0x000000000800c5d8                Astralbrew::ObjAttribute::get_affine_matrix() const
                0x000000000800c5fc                Astralbrew::ObjAttribute::set_color_depth(int)
                0x000000000800c620                Astralbrew::ObjAttribute::set_mode_normal()
                0x000000000800c630                Astralbrew::ObjAttribute::set_mode_semi_transparent()
 .text          0x000000000800c644      0x5cc C:\Users\NotImpLife\Desktop\Astralbrew/lib\libastralbrew-build-35068292.a(obj_visual.o)
                0x000000000800c644                Astralbrew::ObjVisual::ObjVisual(Astralbrew::ObjSize)
                0x000000000800c644                Astralbrew::ObjVisual::ObjVisual(Astralbrew::ObjSize)
                0x000000000800c6dc                Astralbrew::ObjVisual::add_frame(Astralbrew::ObjFrame*)
                0x000000000800c750                Astralbrew::ObjVisual::get_crt_palette_slot() const
                0x000000000800c788                Astralbrew::ObjVisual::get_crt_gfx() const
                0x000000000800c7c0                Astralbrew::ObjVisual::set_crt_gfx(int)
                0x000000000800c828                Astralbrew::ObjVisual::get_size() const
                0x000000000800c838                Astralbrew::ObjVisual::get_crt_color_depth() const
                0x000000000800c870                Astralbrew::ObjVisual::set_animation(int, bool)
                0x000000000800c888                Astralbrew::ObjVisual::set_animation_ticks(int)
                0x000000000800c890                Astralbrew::ObjVisual::update()
                0x000000000800c9ac                Astralbrew::ObjVisual::~ObjVisual()
                0x000000000800c9ac                Astralbrew::ObjVisual::~ObjVisual()
                0x000000000800ca8c                Astralbrew::ObjVisual::add_frameset(int, ...)
 .text._ZN10Astralbrew6VectorIhE9push_backERKh
                0x000000000800cc10       0x5c C:\Users\NotImpLife\Desktop\Astralbrew/lib\libastralbrew-build-35068292.a(obj_visual.o)
                0x000000000800cc10                Astralbrew::Vector<unsigned char>::push_back(unsigned char const&)
 .text._ZN10Astralbrew6VectorINS0_IhEEE16container_resizeEi
                0x000000000800cc6c      0x12c C:\Users\NotImpLife\Desktop\Astralbrew/lib\libastralbrew-build-35068292.a(obj_visual.o)
                0x000000000800cc6c                Astralbrew::Vector<Astralbrew::Vector<unsigned char> >::container_resize(int)
 .text          0x000000000800cd98      0x3b8 D:/Software/Developer/devkitPro/libgba/lib\libgba.a(interrupt.o)
                0x000000000800cd98                dummy
                0x000000000800cd9c                InitInterrupt
                0x000000000800cdf8                irqInit
                0x000000000800ce54                SetInterrupt
                0x000000000800cf38                irqSet
                0x000000000800d01c                EnableInterrupt
                0x000000000800d068                irqEnable
                0x000000000800d0b8                DisableInterrupt
                0x000000000800d104                irqDisable
 .text          0x000000000800d150       0xbc D:/Software/Developer/devkitPro/libgba/lib\libgba.a(input.o)
                0x000000000800d150                setRepeat
                0x000000000800d15c                scanKeys
                0x000000000800d1d0                keysDownRepeat
                0x000000000800d1e0                keysDown
                0x000000000800d1f0                keysUp
                0x000000000800d200                keysHeld
 .text._ZdlPvj  0x000000000800d20c        0xc d:/software/developer/devkitpro/devkitarm/bin/../lib/gcc/arm-none-eabi/12.1.0/../../../../arm-none-eabi/lib/thumb\libstdc++.a(del_ops.o)
                0x000000000800d20c                operator delete(void*, unsigned int)
 .text._ZdaPv   0x000000000800d218        0xc d:/software/developer/devkitpro/devkitarm/bin/../lib/gcc/arm-none-eabi/12.1.0/../../../../arm-none-eabi/lib/thumb\libstdc++.a(del_opv.o)
                0x000000000800d218                operator delete[](void*)
 .text._ZdaPvj  0x000000000800d224        0xc d:/software/developer/devkitpro/devkitarm/bin/../lib/gcc/arm-none-eabi/12.1.0/../../../../arm-none-eabi/lib/thumb\libstdc++.a(del_opvs.o)
                0x000000000800d224                operator delete[](void*, unsigned int)
 .text._Znwj    0x000000000800d230       0x48 d:/software/developer/devkitpro/devkitarm/bin/../lib/gcc/arm-none-eabi/12.1.0/../../../../arm-none-eabi/lib/thumb\libstdc++.a(new_op.o)
                0x000000000800d230                operator new(unsigned int)
 .text._Znaj    0x000000000800d278        0xc d:/software/developer/devkitpro/devkitarm/bin/../lib/gcc/arm-none-eabi/12.1.0/../../../../arm-none-eabi/lib/thumb\libstdc++.a(new_opv.o)
                0x000000000800d278                operator new[](unsigned int)
 .text._ZNKSt9bad_alloc4whatEv
                0x000000000800d284        0x8 d:/software/developer/devkitpro/devkitarm/bin/../lib/gcc/arm-none-eabi/12.1.0/../../../../arm-none-eabi/lib/thumb\libstdc++.a(bad_alloc.o)
                0x000000000800d284                std::bad_alloc::what() const
 .text._ZNSt9bad_allocD2Ev
                0x000000000800d28c       0x18 d:/software/developer/devkitpro/devkitarm/bin/../lib/gcc/arm-none-eabi/12.1.0/../../../../arm-none-eabi/lib/thumb\libstdc++.a(bad_alloc.o)
                0x000000000800d28c                std::bad_alloc::~bad_alloc()
                0x000000000800d28c                std::bad_alloc::~bad_alloc()
 .text._ZNSt9bad_allocD0Ev
                0x000000000800d2a4       0x20 d:/software/developer/devkitpro/devkitarm/bin/../lib/gcc/arm-none-eabi/12.1.0/../../../../arm-none-eabi/lib/thumb\libstdc++.a(bad_alloc.o)
                0x000000000800d2a4                std::bad_alloc::~bad_alloc()
 .text._ZdlPv   0x000000000800d2c4        0xc d:/software/developer/devkitpro/devkitarm/bin/../lib/gcc/arm-none-eabi/12.1.0/../../../../arm-none-eabi/lib/thumb\libstdc++.a(del_op.o)
                0x000000000800d2c4                operator delete(void*)
 .text._ZN12_GLOBAL__N_14pool4freeEPv.constprop.0
                0x000000000800d2d0       0x70 d:/software/developer/devkitpro/devkitarm/bin/../lib/gcc/arm-none-eabi/12.1.0/../../../../arm-none-eabi/lib/thumb\libstdc++.a(eh_alloc.o)
 .text._ZN12_GLOBAL__N_14pool8allocateEj.constprop.0
                0x000000000800d340       0x54 d:/software/developer/devkitpro/devkitarm/bin/../lib/gcc/arm-none-eabi/12.1.0/../../../../arm-none-eabi/lib/thumb\libstdc++.a(eh_alloc.o)
 .text.__cxa_allocate_exception
                0x000000000800d394       0x30 d:/software/developer/devkitpro/devkitarm/bin/../lib/gcc/arm-none-eabi/12.1.0/../../../../arm-none-eabi/lib/thumb\libstdc++.a(eh_alloc.o)
                0x000000000800d394                __cxa_allocate_exception
 .text.__cxa_free_exception
                0x000000000800d3c4       0x28 d:/software/developer/devkitpro/devkitarm/bin/../lib/gcc/arm-none-eabi/12.1.0/../../../../arm-none-eabi/lib/thumb\libstdc++.a(eh_alloc.o)
                0x000000000800d3c4                __cxa_free_exception
 .text.startup._GLOBAL__sub_I__ZN9__gnu_cxx9__freeresEv
                0x000000000800d3ec       0x2c d:/software/developer/devkitpro/devkitarm/bin/../lib/gcc/arm-none-eabi/12.1.0/../../../../arm-none-eabi/lib/thumb\libstdc++.a(eh_alloc.o)
 .text._ZNSt9exceptionD2Ev