Archive member included to satisfy reference by file (symbol)

C:\Users\NotImpLife\Desktop\Astralbrew/lib\libastralbrew-build-35119114.a(default_8x16.astralfont.o)
                              intro.o (Astralbrew::Resources::Fonts::default_8x16)
C:\Users\NotImpLife\Desktop\Astralbrew/lib\libastralbrew-build-35119114.a(entrypoint.o)
                              d:/software/developer/devkitpro/devkitarm/bin/../lib/gcc/arm-none-eabi/12.1.0/../../../../arm-none-eabi/lib/thumb/gba_crt0.o (main)
C:\Users\NotImpLife\Desktop\Astralbrew/lib\libastralbrew-build-35119114.a(testmod.o)
                              C:\Users\NotImpLife\Desktop\Astralbrew/lib\libastralbrew-build-35119114.a(entrypoint.o) (Astralbrew::IS_TESTMOD)
C:\Users\NotImpLife\Desktop\Astralbrew/lib\libastralbrew-build-35119114.a(assert.o)
                              main.o (Astralbrew::__assert__(bool, char const*))
C:\Users\NotImpLife\Desktop\Astralbrew/lib\libastralbrew-build-35119114.a(error.o)
                              C:\Users\NotImpLife\Desktop\Astralbrew/lib\libastralbrew-build-35119114.a(assert.o) (Astralbrew::fatal_freeze(char const*, ...))
C:\Users\NotImpLife\Desktop\Astralbrew/lib\libastralbrew-build-35119114.a(log.o)
                              board.o (Astralbrew::Debug::tty_log(char const*, ...))
C:\Users\NotImpLife\Desktop\Astralbrew/lib\libastralbrew-build-35119114.a(brush.o)
                              board.o (Astralbrew::SolidColorBrush::~SolidColorBrush())
C:\Users\NotImpLife\Desktop\Astralbrew/lib\libastralbrew-build-35119114.a(colors.o)
                              intro.o (Astralbrew::Colors::White)
C:\Users\NotImpLife\Desktop\Astralbrew/lib\libastralbrew-build-35119114.a(palette_effect.o)
                              intro.o (Astralbrew::PaletteFadeToColorEffect::PaletteFadeToColorEffect(short*, short, int))
C:\Users\NotImpLife\Desktop\Astralbrew/lib\libastralbrew-build-35119114.a(event.o)
                              main.o (Astralbrew::EventHandlerContainer::has_same_type(Astralbrew::EventHandlerContainer const&) const)
C:\Users\NotImpLife\Desktop\Astralbrew/lib\libastralbrew-build-35119114.a(generic_scene.o)
                              board.o (Astralbrew::GenericScene::frame())
C:\Users\NotImpLife\Desktop\Astralbrew/lib\libastralbrew-build-35119114.a(generic_scene_res_allocator.o)
                              C:\Users\NotImpLife\Desktop\Astralbrew/lib\libastralbrew-build-35119114.a(generic_scene.o) (GenericSceneResAllocator::GenericSceneResAllocator(int, int, int, int))
C:\Users\NotImpLife\Desktop\Astralbrew/lib\libastralbrew-build-35119114.a(scene.o)
                              C:\Users\NotImpLife\Desktop\Astralbrew/lib\libastralbrew-build-35119114.a(generic_scene.o) (Astralbrew::Scene::run())
C:\Users\NotImpLife\Desktop\Astralbrew/lib\libastralbrew-build-35119114.a(obj_allocator.o)
                              C:\Users\NotImpLife\Desktop\Astralbrew/lib\libastralbrew-build-35119114.a(generic_scene.o) (Astralbrew::ObjAllocator::ObjAllocator(Astralbrew::Allocator*, Astralbrew::PaletteLoader*, int))
C:\Users\NotImpLife\Desktop\Astralbrew/lib\libastralbrew-build-35119114.a(obj_frame.o)
                              board.o (Astralbrew::ObjFrame::ObjFrame(Astralbrew::AssetData const*, int, int))
C:\Users\NotImpLife\Desktop\Astralbrew/lib\libastralbrew-build-35119114.a(sprite.o)
                              C:\Users\NotImpLife\Desktop\Astralbrew/lib\libastralbrew-build-35119114.a(generic_scene.o) (Astralbrew::Sprite::Sprite(Astralbrew::ObjSize))
C:\Users\NotImpLife\Desktop\Astralbrew/lib\libastralbrew-build-35119114.a(obj.o)
                              C:\Users\NotImpLife\Desktop\Astralbrew/lib\libastralbrew-build-35119114.a(generic_scene.o) (Astralbrew::Hardware::objEnable())
C:\Users\NotImpLife\Desktop\Astralbrew/lib\libastralbrew-build-35119114.a(video.o)
                              C:\Users\NotImpLife\Desktop\Astralbrew/lib\libastralbrew-build-35119114.a(generic_scene.o) (Astralbrew::Hardware::setVideoMode(int))
C:\Users\NotImpLife\Desktop\Astralbrew/lib\libastralbrew-build-35119114.a(vwf_engine.o)
                              intro.o (Astralbrew::VwfEngine::VwfEngine(Astralbrew::FontData const&, Astralbrew::ExtendedFontChart))
C:\Users\NotImpLife\Desktop\Astralbrew/lib\libastralbrew-build-35119114.a(sf24.o)
                              C:\Users\NotImpLife\Desktop\Astralbrew/lib\libastralbrew-build-35119114.a(sprite.o) (Astralbrew::sf24::sf24())
C:\Users\NotImpLife\Desktop\Astralbrew/lib\libastralbrew-build-35119114.a(memory.o)
                              board.o (Astralbrew::Memory::fill_16(void*, short, int))
C:\Users\NotImpLife\Desktop\Astralbrew/lib\libastralbrew-build-35119114.a(allocator.o)
                              C:\Users\NotImpLife\Desktop\Astralbrew/lib\libastralbrew-build-35119114.a(generic_scene.o) (Astralbrew::Allocator::Allocator())
C:\Users\NotImpLife\Desktop\Astralbrew/lib\libastralbrew-build-35119114.a(allocs_table.o)
[...]
Memory Configuration

Name             Origin             Length             Attributes
rom              0x0000000008000000 0x0000000002000000
iwram            0x0000000003000000 0x0000000000008000
ewram            0x0000000002000000 0x0000000000040000
*default*        0x0000000000000000 0xffffffffffffffff

Linker script and memory map

                0x0000000008000000                __text_start = ORIGIN (rom)
                0x0000000002040000                __eheap_end = (ORIGIN (ewram) + LENGTH (ewram))
                0x0000000003000000                __iwram_start = ORIGIN (iwram)
                0x0000000003008000                __iwram_top = (ORIGIN (iwram) + LENGTH (iwram))
                0x0000000003007fa0                __sp_irq = (__iwram_top - 0x60)
                0x0000000003007f00                __sp_usr = (__sp_irq - 0xa0)
                0x0000000003007ff8                __irq_flags = 0x3007ff8
                0x0000000008000000                . = __text_start

.crt0           0x0000000008000000      0x210
 *(.crt0)
 .crt0          0x0000000008000000      0x210 d:/software/developer/devkitpro/devkitarm/bin/../lib/gcc/arm-none-eabi/12.1.0/../../../../arm-none-eabi/lib/thumb/gba_crt0.o
                0x0000000008000000                _start
                0x00000000080000c4                __boot_method
                0x00000000080000c5                __slave_number
                0x00000000080000e0                start_vector
                0x0000000008000210                . = ALIGN (0x4)

.init           0x0000000008000210        0xc
 *(SORT_NONE(.init))
 .init          0x0000000008000210        0x4 d:/software/developer/devkitpro/devkitarm/bin/../lib/gcc/arm-none-eabi/12.1.0/thumb/crti.o
                0x0000000008000210                _init
 .init          0x0000000008000214        0x8 d:/software/developer/devkitpro/devkitarm/bin/../lib/gcc/arm-none-eabi/12.1.0/thumb/crtn.o

.plt            0x000000000800021c        0x0
 *(.plt)
                0x000000000800021c                . = ALIGN (0x4)

.text           0x0000000008000220    0x116f0
 *(EXCLUDE_FILE(*.iwram*) .text*)
 .text.__do_global_dtors_aux
                0x0000000008000220       0x2c d:/software/developer/devkitpro/devkitarm/bin/../lib/gcc/arm-none-eabi/12.1.0/thumb/crtbegin.o
 .text.frame_dummy
                0x000000000800024c       0x24 d:/software/developer/devkitpro/devkitarm/bin/../lib/gcc/arm-none-eabi/12.1.0/thumb/crtbegin.o
 .text          0x0000000008000270       0x80 main.o
                0x0000000008000270                Astralbrew::init_main_scene()
 .text._ZN10Astralbrew30NonStaticEventHandlerContainerI6Level1ED2Ev
                0x00000000080002f0        0x4 main.o
                0x00000000080002f0                Astralbrew::NonStaticEventHandlerContainer<Level1>::~NonStaticEventHandlerContainer()
                0x00000000080002f0                Astralbrew::NonStaticEventHandlerContainer<Level1>::~NonStaticEventHandlerContainer()
 .text._ZN6Level118on_first_full_lineEPvS0_
                0x00000000080002f4       0x1c main.o
                0x00000000080002f4                Level1::on_first_full_line(void*, void*)
 .text._ZN6Level114on_level_startEPvS0_
                0x0000000008000310       0x14 main.o
                0x0000000008000310                Level1::on_level_start(void*, void*)
 .text._ZN10Astralbrew30NonStaticEventHandlerContainerI6Level1ED0Ev
                0x0000000008000324       0x14 main.o
                0x0000000008000324                Astralbrew::NonStaticEventHandlerContainer<Level1>::~NonStaticEventHandlerContainer()
 .text._ZN6Level119on_full_lines_countEPvS0_
                0x0000000008000338       0x20 main.o
                0x0000000008000338                Level1::on_full_lines_count(void*, void*)
 .text._ZNK10Astralbrew30NonStaticEventHandlerContainerI6Level1EeqERKNS_21EventHandlerContainerE
                0x0000000008000358       0x3c main.o
                0x0000000008000358                Astralbrew::NonStaticEventHandlerContainer<Level1>::operator==(Astralbrew::EventHandlerContainer const&) const
 .text._ZNK10Astralbrew30NonStaticEventHandlerContainerI6Level1E7executeEPvS3_
                0x0000000008000394       0x68 main.o
                0x0000000008000394                Astralbrew::NonStaticEventHandlerContainer<Level1>::execute(void*, void*) const
 .text._ZN12Instantiator11instantiateI6Level15LevelEEPT0_v
                0x00000000080003fc       0x78 main.o
                0x00000000080003fc                Level* Instantiator::instantiate<Level1, Level>()
 .text._ZN10Astralbrew5Event9add_eventI6Level1EEvMT_FvPvS4_EPS3_
                0x0000000008000474       0xac main.o
                0x0000000008000474                void Astralbrew::Event::add_event<Level1>(void (Level1::*)(void*, void*), Level1*)
 .text._ZN10Astralbrew5Event12remove_eventI6Level1EEvMT_FvPvS4_EPS3_
                0x0000000008000520      0x108 main.o
                0x0000000008000520                void Astralbrew::Event::remove_event<Level1>(void (Level1::*)(void*, void*), Level1*)
 .text._ZN6Level1D2Ev
                0x0000000008000628       0x50 main.o
                0x0000000008000628                Level1::~Level1()
                0x0000000008000628                Level1::~Level1()
 .text._ZN6Level1D0Ev
                0x0000000008000678       0x58 main.o
                0x0000000008000678                Level1::~Level1()
 .text.startup  0x00000000080006d0       0x64 main.o
 .text._ZN6Level14initEv
                0x0000000008000734       0x54 main.o
                0x0000000008000734                Level1::init()
 .text          0x0000000008000788      0xb3c board.o
                0x0000000008000858                Board::draw_mesh(Mesh const&)
                0x0000000008000874                Board::spawn_mesh(int, int, int)
                0x00000000080008c8                Board::spawn_mesh(Piece const&)
                0x0000000008000924                Board::clear()
                0x0000000008000954                Board::ucm_in_bounds() const
                0x0000000008000a0c                Board::get_speed() const
                0x0000000008000a14                Board::set_score(int)
                0x0000000008000a7c                Board::on_key_down(void*, void*)
                0x0000000008000b7c                Board::set_goal(int)
                0x0000000008000bc4                Board::vblank_skip(int)
                0x0000000008000be0                Board::inc_score(int)
                0x0000000008000bf4                Board::update_speed_stripes()
                0x0000000008000c7c                Board::set_speed(int)
                0x0000000008000c90                Board::hide_speed_panel()
                0x0000000008000ca8                Board::hide_dialog()
                0x0000000008000cbc                Board::~Board()
                0x0000000008000cbc                Board::~Board()
                0x0000000008000d8c                Board::~Board()
                0x0000000008000da8                Board::init()
                0x0000000008000ff0                Board::show_dialog(Board::DialogLine*)
                0x0000000008001034                Board::process_dialog()
                0x00000000080010ec                Board::frame()
 .text._ZN10Astralbrew30NonStaticEventHandlerContainerI5BoardED2Ev
                0x00000000080012c4        0x4 board.o
                0x00000000080012c4                Astralbrew::NonStaticEventHandlerContainer<Board>::~NonStaticEventHandlerContainer()
                0x00000000080012c4                Astralbrew::NonStaticEventHandlerContainer<Board>::~NonStaticEventHandlerContainer()
 .text._ZN10Astralbrew30NonStaticEventHandlerContainerI5BoardED0Ev
                0x00000000080012c8       0x14 board.o
                0x00000000080012c8                Astralbrew::NonStaticEventHandlerContainer<Board>::~NonStaticEventHandlerContainer()
 .text._ZNK10Astralbrew30NonStaticEventHandlerContainerI5BoardE7executeEPvS3_
                0x00000000080012dc       0x68 board.o
                0x00000000080012dc                Astralbrew::NonStaticEventHandlerContainer<Board>::execute(void*, void*) const
 .text._ZNK10Astralbrew30NonStaticEventHandlerContainerI5BoardEeqERKNS_21EventHandlerContainerE
                0x0000000008001344       0x3c board.o
                0x0000000008001344                Astralbrew::NonStaticEventHandlerContainer<Board>::operator==(Astralbrew::EventHandlerContainer const&) const
 .text._ZN10Astralbrew5Event12remove_eventI5BoardEEvMT_FvPvS4_EPS3_
                0x0000000008001380      0x108 board.o
                0x0000000008001380                void Astralbrew::Event::remove_event<Board>(void (Board::*)(void*, void*), Board*)
 .text.startup  0x0000000008001488       0x64 board.o
 .text.startup  0x00000000080014ec       0x64 intro.o
 .text          0x0000000008001550      0xbe4 level.o
                0x0000000008001550                Level::on_board_overlap(void*, void*)
                0x0000000008001570                Level::on_game_over_dialog_finished(void*, void*)
                0x00000000080015ac                Level::Level(int)
                0x00000000080015ac                Level::Level(int)
                0x0000000008001668                Level::Level(int, Level* (*)(), Level* (*)())
                0x0000000008001668                Level::Level(int, Level* (*)(), Level* (*)())
                0x0000000008001734                Level::level_display_animation()
                0x0000000008001b14                Level::next_level()
                0x0000000008001b50                Level::init()
                0x0000000008002068                Level::~Level()
                0x0000000008002068                Level::~Level()
                0x00000000080020f0                Level::~Level()
                0x000000000800210c                Level::frame()
 .text._ZN10Astralbrew30NonStaticEventHandlerContainerI5LevelED2Ev
                0x0000000008002134        0x4 level.o
                0x0000000008002134                Astralbrew::NonStaticEventHandlerContainer<Level>::~NonStaticEventHandlerContainer()
                0x0000000008002134                Astralbrew::NonStaticEventHandlerContainer<Level>::~NonStaticEventHandlerContainer()
 .text._ZNK10Astralbrew30NonStaticEventHandlerContainerI5LevelE7executeEPvS3_
                0x0000000008002138       0x68 level.o
                0x0000000008002138                Astralbrew::NonStaticEventHandlerContainer<Level>::execute(void*, void*) const
 .text._ZN10Astralbrew30NonStaticEventHandlerContainerI5LevelED0Ev
                0x00000000080021a0       0x14 level.o
                0x00000000080021a0                Astralbrew::NonStaticEventHandlerContainer<Level>::~NonStaticEventHandlerContainer()
 .text._ZNK10Astralbrew30NonStaticEventHandlerContainerI5LevelEeqERKNS_21EventHandlerContainerE
                0x00000000080021b4       0x3c level.o
                0x00000000080021b4                Astralbrew::NonStaticEventHandlerContainer<Level>::operator==(Astralbrew::EventHandlerContainer const&) const
 .text._ZN5BoardC2Ev
                0x00000000080021f0      0x178 level.o
                0x00000000080021f0                Board::Board()
                0x00000000080021f0                Board::Board()
 .text._ZN10Astralbrew6VectorIPNS_6SpriteEE9push_backERKS2_
                0x0000000008002368       0x70 level.o
                0x0000000008002368                Astralbrew::Vector<Astralbrew::Sprite*>::push_back(Astralbrew::Sprite* const&)
 .text._ZN10Astralbrew5Event12remove_eventI5LevelEEvMT_FvPvS4_EPS3_
                0x00000000080023d8      0x108 level.o
                0x00000000080023d8                void Astralbrew::Event::remove_event<Level>(void (Level::*)(void*, void*), Level*)
 .text.startup  0x00000000080024e0       0x64 level.o
 .text.startup  0x0000000008002544       0x64 title.o
 .text          0x00000000080025a8      0xbf4 mesh.o
                0x00000000080025a8                Mesh::Mesh()
                0x00000000080025a8                Mesh::Mesh()
                0x00000000080025b8                Mesh::Mesh(int, int, int, int)
                0x00000000080025b8                Mesh::Mesh(int, int, int, int)
                0x00000000080025e8                Mesh::Mesh(int, int, int, int, unsigned char const*)
                0x00000000080025e8                Mesh::Mesh(int, int, int, int, unsigned char const*)
                0x0000000008002628                Mesh::Mesh(Mesh const&)
                0x0000000008002628                Mesh::Mesh(Mesh const&)
                0x0000000008002668                Mesh::Mesh(Mesh&&)
                0x0000000008002668                Mesh::Mesh(Mesh&&)
                0x0000000008002690                Mesh::operator=(Mesh const&)
                0x00000000080026e4                Mesh::operator=(Mesh&&)
                0x0000000008002704                Mesh::resize(int, int, bool)
                0x00000000080027b0                Mesh::at(int, int) const
                0x00000000080027bc                Mesh::copy(unsigned char const*, int, int, int, int, bool)
                0x0000000008002858                Mesh::copy(Mesh const&, int, int, bool)
                0x00000000080028e8                Mesh::coord_at(int, int) const
                0x000000000800291c                Mesh::operator+=(Mesh const&)
                0x0000000008002a18                Mesh::operator||(Mesh const&) const
                0x0000000008002dc0                Mesh::operator&&(Mesh const&) const
                0x0000000008002e84                Mesh::replace(int, int)
                0x0000000008002ec4                Mesh::set_all_values(int)
                0x0000000008002f00                Mesh::rotate_ccw()
                0x0000000008002fac                Mesh::rotate_cw()
                0x0000000008003050                Mesh::clear_full_lines(int)
                0x0000000008003120                Mesh::count_full_lines(int) const
                0x0000000008003184                Mesh::~Mesh()
                0x0000000008003184                Mesh::~Mesh()
 .text.startup  0x000000000800319c       0x64 mesh.o
 .text          0x0000000008003200       0x9c piece_gen.o
                0x0000000008003200                PieceGenerator::next() const
                0x000000000800324c                PieceGenerator::rand_color()
                0x0000000008003268                PieceGenerator::rand_shape()
                0x0000000008003284                PieceGenerator::rand_piece()
 .text._ZN14PieceGeneratorD2Ev
                0x000000000800329c        0x4 piece_gen.o
                0x000000000800329c                PieceGenerator::~PieceGenerator()
                0x000000000800329c                PieceGenerator::~PieceGenerator()
 .text._ZN14PieceGeneratorD0Ev
                0x00000000080032a0       0x14 piece_gen.o
                0x00000000080032a0                PieceGenerator::~PieceGenerator()
 .text.startup  0x00000000080032b4       0x64 piece_gen.o
 .text.startup  0x0000000008003318       0xd4 C:\Users\NotImpLife\Desktop\Astralbrew/lib\libastralbrew-build-35119114.a(entrypoint.o)
                0x0000000008003318                main
 .text.startup  0x00000000080033ec       0x5c C:\Users\NotImpLife\Desktop\Astralbrew/lib\libastralbrew-build-35119114.a(testmod.o)
 .text.exit     0x0000000008003448       0x54 C:\Users\NotImpLife\Desktop\Astralbrew/lib\libastralbrew-build-35119114.a(testmod.o)
 .text          0x000000000800349c       0x30 C:\Users\NotImpLife\Desktop\Astralbrew/lib\libastralbrew-build-35119114.a(assert.o)
                0x000000000800349c                Astralbrew::__assert__(bool, char const*)
 .text          0x00000000080034cc       0x28 C:\Users\NotImpLife\Desktop\Astralbrew/lib\libastralbrew-build-35119114.a(error.o)
                0x00000000080034cc                Astralbrew::fatal_freeze(char const*, ...)
 .text          0x00000000080034f4      0x3f8 C:\Users\NotImpLife\Desktop\Astralbrew/lib\libastralbrew-build-35119114.a(log.o)
                0x00000000080038c4                Astralbrew::Debug::tty_log(char const*, ...)
                0x00000000080038e0                Astralbrew::Debug::log_to_buffer(char*, char const*, std::__va_list)
 .text          0x00000000080038ec       0x40 C:\Users\NotImpLife\Desktop\Astralbrew/lib\libastralbrew-build-35119114.a(brush.o)
                0x00000000080038ec                Astralbrew::SolidColorBrush::get_color(int, int) const
                0x00000000080038f0                Astralbrew::SolidColorBrush::~SolidColorBrush()
                0x00000000080038f0                Astralbrew::SolidColorBrush::~SolidColorBrush()
                0x00000000080038f4                Astralbrew::SolidColorBrush::~SolidColorBrush()
                0x0000000008003908                Astralbrew::Brush::~Brush()
                0x0000000008003908                Astralbrew::Brush::~Brush()
                0x000000000800390c                Astralbrew::Brush::~Brush()
                0x0000000008003920                Astralbrew::SolidColorBrush::SolidColorBrush(int)
                0x0000000008003920                Astralbrew::SolidColorBrush::SolidColorBrush(int)
 .text          0x000000000800392c      0x768 C:\Users\NotImpLife\Desktop\Astralbrew/lib\libastralbrew-build-35119114.a(palette_effect.o)
                0x0000000008003b18                Astralbrew::PaletteNivellateBrightnessEffect::execute_frame()
                0x0000000008003bd0                Astralbrew::PaletteFadeToColorEffect::execute_frame()
                0x0000000008003cbc                Astralbrew::PaletteFadeFromColorEffect::execute_frame()
                0x0000000008003da4                Astralbrew::PaletteFromNivellatedBrightnessEffect::execute_frame()
                0x0000000008003e1c                Astralbrew::PaletteFadeToColorEffect::~PaletteFadeToColorEffect()
                0x0000000008003e48                Astralbrew::PaletteNivellateBrightnessEffect::~PaletteNivellateBrightnessEffect()
                0x0000000008003e74                Astralbrew::PaletteNivellateBrightnessEffect::~PaletteNivellateBrightnessEffect()
                0x0000000008003e74                Astralbrew::PaletteNivellateBrightnessEffect::~PaletteNivellateBrightnessEffect()
                0x0000000008003e98                Astralbrew::PaletteFadeToColorEffect::~PaletteFadeToColorEffect()
                0x0000000008003e98                Astralbrew::PaletteFadeToColorEffect::~PaletteFadeToColorEffect()
                0x0000000008003ebc                Astralbrew::PaletteEffect::PaletteEffect(short*, int)
                0x0000000008003ebc                Astralbrew::PaletteEffect::PaletteEffect(short*, int)
                0x0000000008003ed0                Astralbrew::PaletteEffect::apply()
                0x0000000008003f08                Astralbrew::PaletteEffect::apply(Astralbrew::PaletteEffect*, Astralbrew::PaletteEffect*)
                0x0000000008003fcc                Astralbrew::PaletteEffect::get_total_duration() const
                0x0000000008003fd4                Astralbrew::PaletteEffect::get_remained_frames() const
                0x0000000008003fdc                Astralbrew::PaletteEffect::get_target() const
                0x0000000008003fe0                Astralbrew::PaletteFadeToColorEffect::PaletteFadeToColorEffect(short*, short, int)
                0x0000000008003fe0                Astralbrew::PaletteFadeToColorEffect::PaletteFadeToColorEffect(short*, short, int)
                0x0000000008004018                Astralbrew::PaletteFadeFromColorEffect::PaletteFadeFromColorEffect(short*, short, short*, int)
                0x0000000008004018                Astralbrew::PaletteFadeFromColorEffect::PaletteFadeFromColorEffect(short*, short, short*, int)
                0x0000000008004038                Astralbrew::PaletteNivellateBrightnessEffect::PaletteNivellateBrightnessEffect(short*, short, int)
                0x0000000008004038                Astralbrew::PaletteNivellateBrightnessEffect::PaletteNivellateBrightnessEffect(short*, short, int)
                0x0000000008004070                Astralbrew::PaletteFromNivellatedBrightnessEffect::PaletteFromNivellatedBrightnessEffect(short*, short, short*, int)
                0x0000000008004070                Astralbrew::PaletteFromNivellatedBrightnessEffect::PaletteFromNivellatedBrightnessEffect(short*, short, short*, int)
 .text._ZN10Astralbrew37PaletteFromNivellatedBrightnessEffectD2Ev
                0x0000000008004094        0x4 C:\Users\NotImpLife\Desktop\Astralbrew/lib\libastralbrew-build-35119114.a(palette_effect.o)
                0x0000000008004094                Astralbrew::PaletteFromNivellatedBrightnessEffect::~PaletteFromNivellatedBrightnessEffect()
                0x0000000008004094                Astralbrew::PaletteFromNivellatedBrightnessEffect::~PaletteFromNivellatedBrightnessEffect()
 .text._ZN10Astralbrew26PaletteFadeFromColorEffectD2Ev
                0x0000000008004098        0x4 C:\Users\NotImpLife\Desktop\Astralbrew/lib\libastralbrew-build-35119114.a(palette_effect.o)
                0x0000000008004098                Astralbrew::PaletteFadeFromColorEffect::~PaletteFadeFromColorEffect()
                0x0000000008004098                Astralbrew::PaletteFadeFromColorEffect::~PaletteFadeFromColorEffect()
 .text._ZN10Astralbrew37PaletteFromNivellatedBrightnessEffectD0Ev
                0x000000000800409c       0x14 C:\Users\NotImpLife\Desktop\Astralbrew/lib\libastralbrew-build-35119114.a(palette_effect.o)
                0x000000000800409c                Astralbrew::PaletteFromNivellatedBrightnessEffect::~PaletteFromNivellatedBrightnessEffect()
 .text._ZN10Astralbrew26PaletteFadeFromColorEffectD0Ev
                0x00000000080040b0       0x14 C:\Users\NotImpLife\Desktop\Astralbrew/lib\libastralbrew-build-35119114.a(palette_effect.o)
                0x00000000080040b0                Astralbrew::PaletteFadeFromColorEffect::~PaletteFadeFromColorEffect()
 .text          0x00000000080040c4      0x2f8 C:\Users\NotImpLife\Desktop\Astralbrew/lib\libastralbrew-build-35119114.a(event.o)
                0x00000000080040c4                Astralbrew::StaticEventHandlerContainer::operator==(Astralbrew::EventHandlerContainer const&) const
                0x00000000080040e4                Astralbrew::StaticEventHandlerContainer::execute(void*, void*) const
                0x000000000800410c                Astralbrew::EventHandlerContainer::operator==(Astralbrew::EventHandlerContainer const&) const
                0x000000000800411c                Astralbrew::EventHandlerContainer::has_same_type(Astralbrew::EventHandlerContainer const&) const
                0x0000000008004128                Astralbrew::StaticEventHandlerContainer::StaticEventHandlerContainer(void (* const&)(void*, void*))
                0x0000000008004128                Astralbrew::StaticEventHandlerContainer::StaticEventHandlerContainer(void (* const&)(void*, void*))
                0x000000000800413c                Astralbrew::Event::Event()
                0x000000000800413c                Astralbrew::Event::Event()
                0x0000000008004160                Astralbrew::Event::operator+=(void (* const&)(void*, void*))
                0x00000000080041f8                Astralbrew::Event::operator-=(void (* const&)(void*, void*))
                0x00000000080042f4                Astralbrew::Event::trigger(void*, void*) const
                0x0000000008004350                Astralbrew::Event::~Event()
                0x0000000008004350                Astralbrew::Event::~Event()
 .text._ZN10Astralbrew27StaticEventHandlerContainerD2Ev
                0x00000000080043bc        0x4 C:\Users\NotImpLife\Desktop\Astralbrew/lib\libastralbrew-build-35119114.a(event.o)
                0x00000000080043bc                Astralbrew::StaticEventHandlerContainer::~StaticEventHandlerContainer()
                0x00000000080043bc                Astralbrew::StaticEventHandlerContainer::~StaticEventHandlerContainer()
 .text._ZN10Astralbrew27StaticEventHandlerContainerD0Ev
                0x00000000080043c0       0x14 C:\Users\NotImpLife\Desktop\Astralbrew/lib\libastralbrew-build-35119114.a(event.o)
                0x00000000080043c0                Astralbrew::StaticEventHandlerContainer::~StaticEventHandlerContainer()
 .text          0x00000000080043d4     0x1ffc C:\Users\NotImpLife\Desktop\Astralbrew/lib\libastralbrew-build-35119114.a(generic_scene.o)
                0x00000000080043d4                Astralbrew::GenericScene::frame()
                0x00000000080043e0                Astralbrew::GenericScene::run()
                0x00000000080044c0                Astralbrew::GenericScene::MapInfo::set_bitmap()
                0x00000000080044d8                Astralbrew::GenericScene::MapInfo::set_affine()
                0x00000000080044f0                Astralbrew::GenericScene::MapInfo::is_bitmap() const
                0x00000000080044f8                Astralbrew::GenericScene::MapInfo::is_affine() const
                0x0000000008004500                Astralbrew::GenericScene::MapInfo::set_bpp(int)
                0x0000000008004534                Astralbrew::GenericScene::MapInfo::bpp() const
                0x0000000008004544                Astralbrew::GenericScene::MapInfo::is_enabled() const
                0x000000000800454c                Astralbrew::GenericScene::MapInfo::enable()
                0x0000000008004564                Astralbrew::GenericScene::MapInfo::set_double_buffered()
                0x000000000800457c                Astralbrew::GenericScene::MapInfo::is_double_buffered() const
                0x0000000008004584                Astralbrew::GenericScene::MapInfo::data_length() const
                0x0000000008004604                Astralbrew::GenericScene::ResourceInfo::palette_slot() const
                0x0000000008004614                Astralbrew::GenericScene::ResourceInfo::offset() const
                0x000000000800462c                Astralbrew::GenericScene::ResourceInfo::length() const
                0x0000000008004644                Astralbrew::GenericScene::ResourceInfo::asset() const
                0x000000000800465c                Astralbrew::GenericScene::ResourceInfo::bpp() const
                0x000000000800466c                Astralbrew::GenericScene::__privates__::translate_tile_id(int, Astralbrew::GenericScene::ResourceInfo*, int) const
                0x0000000008004704                Astralbrew::GenericScene::translate_tile_id(int, Astralbrew::GenericScene::ResourceInfo*, int) const
                0x0000000008004714                Astralbrew::GenericScene::__privates__::create_blank_resource()
                0x0000000008004790                Astralbrew::GenericScene::require_bitmap(int, int, int)
                0x0000000008004934                Astralbrew::GenericScene::require_bitmap()
                0x0000000008004974                Astralbrew::GenericScene::require_tiles(int, int, int)
                0x00000000080049d8                Astralbrew::GenericScene::require_text_map(int, int, int, int, int, bool)
                0x0000000008004b2c                Astralbrew::GenericScene::require_asset(Astralbrew::AssetData const*, int)
                0x0000000008004ba4                Astralbrew::GenericScene::require_map(int, Astralbrew::AssetData const*, bool)
                0x0000000008004db8                Astralbrew::GenericScene::require_map(Astralbrew::AssetData const*)
                0x0000000008004df0                Astralbrew::GenericScene::GenericScene()
                0x0000000008004df0                Astralbrew::GenericScene::GenericScene()
                0x0000000008004f54                Astralbrew::GenericScene::replace_bitmap(Astralbrew::AssetData const*)
                0x00000000080050f8                Astralbrew::GenericScene::__privates__::validate_required_resources()
                0x0000000008005270                Astralbrew::GenericScene::__privates__::draw_assets()
                0x000000000800545c                Astralbrew::GenericScene::__privates__::adjust_text_maps_size()
                0x00000000080054fc                Astralbrew::GenericScene::__privates__::guess_video_mode()
                0x0000000008005700                Astralbrew::GenericScene::__privates__::draw_maps()
                0x0000000008005a80                Astralbrew::GenericScene::__privates__::try_place(int, int, int, int, int)
                0x0000000008005b30                Astralbrew::GenericScene::__privates__::prepare_backgrounds()
                0x0000000008005e48                Astralbrew::GenericScene::solve_requirements()
                0x0000000008005e64                Astralbrew::GenericScene::init()
                0x0000000008005ec8                Astralbrew::GenericScene::reserve_background_color(int)
                0x0000000008005eec                Astralbrew::GenericScene::release_background_color(int)
                0x0000000008005efc                Astralbrew::GenericScene::reserve_sprite_color(int)
                0x0000000008005f20                Astralbrew::GenericScene::release_sprite_color(int)
                0x0000000008005f30                Astralbrew::GenericScene::fill_map(Astralbrew::GenericScene::MapInfo*, int)
                0x0000000008006014                Astralbrew::GenericScene::set_intro_bg_palette_effect(Astralbrew::PaletteEffect*)
                0x0000000008006040                Astralbrew::GenericScene::set_intro_spr_palette_effect(Astralbrew::PaletteEffect*)
                0x000000000800606c                Astralbrew::GenericScene::set_outro_bg_palette_effect(Astralbrew::PaletteEffect*)
                0x0000000008006098                Astralbrew::GenericScene::set_outro_spr_palette_effect(Astralbrew::PaletteEffect*)
                0x00000000080060c4                Astralbrew::GenericScene::get_shadow_background_palette() const
                0x00000000080060cc                Astralbrew::GenericScene::get_shadow_sprite_palette() const
                0x00000000080060d4                Astralbrew::GenericScene::reserve_sprite_vram(int)
                0x00000000080060e8                Astralbrew::GenericScene::release_sprite_vram(void*)
                0x00000000080060fc                Astralbrew::GenericScene::create_sprite(Astralbrew::Sprite*)
                0x0000000008006128                Astralbrew::GenericScene::create_sprite(Astralbrew::ObjSize, Astralbrew::ObjFrame*, Astralbrew::Point<Astralbrew::sf24>, Astralbrew::Point<char>)
                0x00000000080061a0                Astralbrew::GenericScene::__privates__::~__privates__()
                0x00000000080061a0                Astralbrew::GenericScene::__privates__::~__privates__()
                0x00000000080062b0                Astralbrew::GenericScene::~GenericScene()
                0x00000000080062b0                Astralbrew::GenericScene::~GenericScene()
                0x00000000080063b4                Astralbrew::GenericScene::~GenericScene()
 .text._ZN10Astralbrew6VectorINS0_INS_7HashMapINS_5PointIsEENS_12ObjAllocator6RecordEXadL_ZNS_12default_hashIS3_Li32EEEiRKT_EELi32EE5EntryEEEED2Ev
                0x00000000080063d0       0x68 C:\Users\NotImpLife\Desktop\Astralbrew/lib\libastralbrew-build-35119114.a(generic_scene.o)
                0x00000000080063d0                Astralbrew::Vector<Astralbrew::Vector<Astralbrew::HashMap<Astralbrew::Point<short>, Astralbrew::ObjAllocator::Record, &(int Astralbrew::default_hash<Astralbrew::Point<short>, 32>(Astralbrew::Point<short> const&)), 32>::Entry> >::~Vector()
                0x00000000080063d0                Astralbrew::Vector<Astralbrew::Vector<Astralbrew::HashMap<Astralbrew::Point<short>, Astralbrew::ObjAllocator::Record, &(int Astralbrew::default_hash<Astralbrew::Point<short>, 32>(Astralbrew::Point<short> const&)), 32>::Entry> >::~Vector()
 .text._ZN10Astralbrew6VectorINS0_INS_7HashMapIPKNS_9AssetDataENS1_INS_5PointIsEENS_12ObjAllocator6RecordEXadL_ZNS_12default_hashIS6_Li32EEEiRKT_EELi32EEEXadL_ZNS9_IS4_Li32EEEiSC_EELi32EE5EntryEEEED2Ev
                0x0000000008006438       0xb4 C:\Users\NotImpLife\Desktop\Astralbrew/lib\libastralbrew-build-35119114.a(generic_scene.o)
                0x0000000008006438                Astralbrew::Vector<Astralbrew::Vector<Astralbrew::HashMap<Astralbrew::AssetData const*, Astralbrew::HashMap<Astralbrew::Point<short>, Astralbrew::ObjAllocator::Record, &(int Astralbrew::default_hash<Astralbrew::Point<short>, 32>(Astralbrew::Point<short> const&)), 32>, &(int Astralbrew::default_hash<Astralbrew::AssetData const*, 32>(Astralbrew::AssetData const* const&)), 32>::Entry> >::~Vector()
                0x0000000008006438                Astralbrew::Vector<Astralbrew::Vector<Astralbrew::HashMap<Astralbrew::AssetData const*, Astralbrew::HashMap<Astralbrew::Point<short>, Astralbrew::ObjAllocator::Record, &(int Astralbrew::default_hash<Astralbrew::Point<short>, 32>(Astralbrew::Point<short> const&)), 32>, &(int Astralbrew::default_hash<Astralbrew::AssetData const*, 32>(Astralbrew::AssetData const* const&)), 32>::Entry> >::~Vector()
 .text          0x00000000080064ec      0x7a4 C:\Users\NotImpLife\Desktop\Astralbrew/lib\libastralbrew-build-35119114.a(generic_scene_res_allocator.o)
                0x00000000080064ec                GenericSceneResAllocator::precompute_placements()
                0x00000000080065c0                GenericSceneResAllocator::GenericSceneResAllocator(int, int, int, int)
                0x00000000080065c0                GenericSceneResAllocator::GenericSceneResAllocator(int, int, int, int)
                0x00000000080066b8                GenericSceneResAllocator::set_mapdata_length(int)
                0x00000000080066f0                GenericSceneResAllocator::try_alloc()
                0x0000000008006b28                GenericSceneResAllocator::add_resource_4bpp(Astralbrew::GenericScene::ResourceInfo*)
                0x0000000008006bd8                GenericSceneResAllocator::add_resource_8bpp(Astralbrew::GenericScene::ResourceInfo*)
                0x0000000008006c1c                GenericSceneResAllocator::add_resource(Astralbrew::GenericScene::ResourceInfo*)
 .text._ZN10Astralbrew6VectorIPNS_12GenericScene12ResourceInfoEE9push_backERKS3_
                0x0000000008006c90       0x70 C:\Users\NotImpLife\Desktop\Astralbrew/lib\libastralbrew-build-35119114.a(generic_scene_res_allocator.o)
                0x0000000008006c90                Astralbrew::Vector<Astralbrew::GenericScene::ResourceInfo*>::push_back(Astralbrew::GenericScene::ResourceInfo* const&)
 .text          0x0000000008006d00      0x150 C:\Users\NotImpLife\Desktop\Astralbrew/lib\libastralbrew-build-35119114.a(scene.o)
                0x0000000008006d00                Astralbrew::Scene::init()
                0x0000000008006d00                Astralbrew::Scene::frame()
                0x0000000008006d04                Astralbrew::Scene::run()
                0x0000000008006d78                Astralbrew::Scene::wait_for_key_pressed(int)
                0x0000000008006d90                Astralbrew::Scene::force_wait_vblank()
                0x0000000008006d94                Astralbrew::SceneCom::next(Astralbrew::Scene*)
                0x0000000008006dcc                Astralbrew::Scene::close()
 .text._ZN10Astralbrew5SceneD2Ev
                0x0000000008006e50       0x60 C:\Users\NotImpLife\Desktop\Astralbrew/lib\libastralbrew-build-35119114.a(scene.o)
                0x0000000008006e50                Astralbrew::Scene::~Scene()
                0x0000000008006e50                Astralbrew::Scene::~Scene()
 .text._ZN10Astralbrew5SceneD0Ev
                0x0000000008006eb0       0x68 C:\Users\NotImpLife\Desktop\Astralbrew/lib\libastralbrew-build-35119114.a(scene.o)
                0x0000000008006eb0                Astralbrew::Scene::~Scene()
 .text          0x0000000008006f18      0x90c C:\Users\NotImpLife\Desktop\Astralbrew/lib\libastralbrew-build-35119114.a(obj_allocator.o)
                0x00000000080070b4                Astralbrew::ObjAllocator::ObjAllocator(Astralbrew::Allocator*, Astralbrew::PaletteLoader*, int)
                0x00000000080070b4                Astralbrew::ObjAllocator::ObjAllocator(Astralbrew::Allocator*, Astralbrew::PaletteLoader*, int)
                0x0000000008007174                Astralbrew::ObjAllocator::allocate_tiles(Astralbrew::ObjFrame*)
                0x00000000080071c8                Astralbrew::ObjAllocator::deallocate_tiles(Astralbrew::ObjFrame*)
                0x00000000080071e0                Astralbrew::ObjAllocator::reserve(int)
                0x0000000008007238                Astralbrew::ObjAllocator::release(void*)
                0x0000000008007248                Astralbrew::ObjAllocator::remove(Astralbrew::AssetData const*, Astralbrew::Point<short>)
                0x000000000800729c                Astralbrew::ObjAllocator::allocate_asset(Astralbrew::ObjFrame*)
                0x0000000008007618                Astralbrew::ObjAllocator::allocate(Astralbrew::ObjFrame*)
                0x000000000800763c                Astralbrew::ObjAllocator::deallocate_asset(Astralbrew::ObjFrame*)
                0x00000000080077d4                Astralbrew::ObjAllocator::deallocate(Astralbrew::ObjFrame*)
                0x00000000080077fc                Astralbrew::ObjAllocator::on_frame_unload(void*, void*)
 .text._ZN10Astralbrew30NonStaticEventHandlerContainerINS_12ObjAllocatorEED2Ev
                0x0000000008007824        0x4 C:\Users\NotImpLife\Desktop\Astralbrew/lib\libastralbrew-build-35119114.a(obj_allocator.o)
                0x0000000008007824                Astralbrew::NonStaticEventHandlerContainer<Astralbrew::ObjAllocator>::~NonStaticEventHandlerContainer()
                0x0000000008007824                Astralbrew::NonStaticEventHandlerContainer<Astralbrew::ObjAllocator>::~NonStaticEventHandlerContainer()
 .text._ZNK10Astralbrew30NonStaticEventHandlerContainerINS_12ObjAllocatorEE7executeEPvS3_
                0x0000000008007828       0x68 C:\Users\NotImpLife\Desktop\Astralbrew/lib\libastralbrew-build-35119114.a(obj_allocator.o)
                0x0000000008007828                Astralbrew::NonStaticEventHandlerContainer<Astralbrew::ObjAllocator>::execute(void*, void*) const
 .text._ZN10Astralbrew30NonStaticEventHandlerContainerINS_12ObjAllocatorEED0Ev
                0x0000000008007890       0x14 C:\Users\NotImpLife\Desktop\Astralbrew/lib\libastralbrew-build-35119114.a(obj_allocator.o)
                0x0000000008007890                Astralbrew::NonStaticEventHandlerContainer<Astralbrew::ObjAllocator>::~NonStaticEventHandlerContainer()
 .text._ZNK10Astralbrew30NonStaticEventHandlerContainerINS_12ObjAllocatorEEeqERKNS_21EventHandlerContainerE
                0x00000000080078a4       0x3c C:\Users\NotImpLife\Desktop\Astralbrew/lib\libastralbrew-build-35119114.a(obj_allocator.o)
                0x00000000080078a4                Astralbrew::NonStaticEventHandlerContainer<Astralbrew::ObjAllocator>::operator==(Astralbrew::EventHandlerContainer const&) const
 .text._ZNK10Astralbrew7HashMapIPKNS_9AssetDataENS0_INS_5PointIsEENS_12ObjAllocator6RecordEXadL_ZNS_12default_hashIS5_Li32EEEiRKT_EELi32EEEXadL_ZNS8_IS3_Li32EEEiSB_EELi32EE12contains_keyERKS3_
                0x00000000080078e0       0xd4 C:\Users\NotImpLife\Desktop\Astralbrew/lib\libastralbrew-build-35119114.a(obj_allocator.o)
                0x00000000080078e0                Astralbrew::HashMap<Astralbrew::AssetData const*, Astralbrew::HashMap<Astralbrew::Point<short>, Astralbrew::ObjAllocator::Record, &(int Astralbrew::default_hash<Astralbrew::Point<short>, 32>(Astralbrew::Point<short> const&)), 32>, &(int Astralbrew::default_hash<Astralbrew::AssetData const*, 32>(Astralbrew::AssetData const* const&)), 32>::contains_key(Astralbrew::AssetData const* const&) const
 .text._ZNK10Astralbrew7HashMapINS_5PointIsEENS_12ObjAllocator6RecordEXadL_ZNS_12default_hashIS2_Li32EEEiRKT_EELi32EE12contains_keyERKS2_
                0x00000000080079b4       0xe0 C:\Users\NotImpLife\Desktop\Astralbrew/lib\libastralbrew-build-35119114.a(obj_allocator.o)
                0x00000000080079b4                Astralbrew::HashMap<Astralbrew::Point<short>, Astralbrew::ObjAllocator::Record, &(int Astralbrew::default_hash<Astralbrew::Point<short>, 32>(Astralbrew::Point<short> const&)), 32>::contains_key(Astralbrew::Point<short> const&) const
 .text._ZN10Astralbrew7HashMapINS_5PointIsEENS_12ObjAllocator6RecordEXadL_ZNS_12default_hashIS2_Li32EEEiRKT_EELi32EE10remove_keyERKS2_
                0x0000000008007a94      0x154 C:\Users\NotImpLife\Desktop\Astralbrew/lib\libastralbrew-build-35119114.a(obj_allocator.o)
                0x0000000008007a94                Astralbrew::HashMap<Astralbrew::Point<short>, Astralbrew::ObjAllocator::Record, &(int Astralbrew::default_hash<Astralbrew::Point<short>, 32>(Astralbrew::Point<short> const&)), 32>::remove_key(Astralbrew::Point<short> const&)
 .text._ZN10Astralbrew7HashMapIPKNS_9AssetDataENS0_INS_5PointIsEENS_12ObjAllocator6RecordEXadL_ZNS_12default_hashIS5_Li32EEEiRKT_EELi32EEEXadL_ZNS8_IS3_Li32EEEiSB_EELi32EE10remove_keyERKS3_
                0x0000000008007be8      0x150 C:\Users\NotImpLife\Desktop\Astralbrew/lib\libastralbrew-build-35119114.a(obj_allocator.o)
                0x0000000008007be8                Astralbrew::HashMap<Astralbrew::AssetData const*, Astralbrew::HashMap<Astralbrew::Point<short>, Astralbrew::ObjAllocator::Record, &(int Astralbrew::default_hash<Astralbrew::Point<short>, 32>(Astralbrew::Point<short> const&)), 32>, &(int Astralbrew::default_hash<Astralbrew::AssetData const*, 32>(Astralbrew::AssetData const* const&)), 32>::remove_key(Astralbrew::AssetData const* const&)
 .text._ZN10Astralbrew6VectorINS_7HashMapIPKNS_9AssetDataENS1_INS_5PointIsEENS_12ObjAllocator6RecordEXadL_ZNS_12default_hashIS6_Li32EEEiRKT_EELi32EEEXadL_ZNS9_IS4_Li32EEEiSC_EELi32EE5EntryEE16container_resizeEi
                0x0000000008007d38      0x184 C:\Users\NotImpLife\Desktop\Astralbrew/lib\libastralbrew-build-35119114.a(obj_allocator.o)
                0x0000000008007d38                Astralbrew::Vector<Astralbrew::HashMap<Astralbrew::AssetData const*, Astralbrew::HashMap<Astralbrew::Point<short>, Astralbrew::ObjAllocator::Record, &(int Astralbrew::default_hash<Astralbrew::Point<short>, 32>(Astralbrew::Point<short> const&)), 32>, &(int Astralbrew::default_hash<Astralbrew::AssetData const*, 32>(Astralbrew::AssetData const* const&)), 32>::Entry>::container_resize(int)
 .text._ZN10Astralbrew7HashMapIPKNS_9AssetDataENS0_INS_5PointIsEENS_12ObjAllocator6RecordEXadL_ZNS_12default_hashIS5_Li32EEEiRKT_EELi32EEEXadL_ZNS8_IS3_Li32EEEiSB_EELi32EEixERKS3_
                0x0000000008007ebc      0x254 C:\Users\NotImpLife\Desktop\Astralbrew/lib\libastralbrew-build-35119114.a(obj_allocator.o)
                0x0000000008007ebc                Astralbrew::HashMap<Astralbrew::AssetData const*, Astralbrew::HashMap<Astralbrew::Point<short>, Astralbrew::ObjAllocator::Record, &(int Astralbrew::default_hash<Astralbrew::Point<short>, 32>(Astralbrew::Point<short> const&)), 32>, &(int Astralbrew::default_hash<Astralbrew::AssetData const*, 32>(Astralbrew::AssetData const* const&)), 32>::operator[](Astralbrew::AssetData const* const&)
 .text._ZN10Astralbrew6VectorINS_7HashMapINS_5PointIsEENS_12ObjAllocator6RecordEXadL_ZNS_12default_hashIS3_Li32EEEiRKT_EELi32EE5EntryEE16container_resizeEi
                0x0000000008008110       0x90 C:\Users\NotImpLife\Desktop\Astralbrew/lib\libastralbrew-build-35119114.a(obj_allocator.o)
                0x0000000008008110                Astralbrew::Vector<Astralbrew::HashMap<Astralbrew::Point<short>, Astralbrew::ObjAllocator::Record, &(int Astralbrew::default_hash<Astralbrew::Point<short>, 32>(Astralbrew::Point<short> const&)), 32>::Entry>::container_resize(int)
 .text._ZN10Astralbrew7HashMapINS_5PointIsEENS_12ObjAllocator6RecordEXadL_ZNS_12default_hashIS2_Li32EEEiRKT_EELi32EEixERKS2_
                0x00000000080081a0      0x1d4 C:\Users\NotImpLife\Desktop\Astralbrew/lib\libastralbrew-build-35119114.a(obj_allocator.o)
                0x00000000080081a0                Astralbrew::HashMap<Astralbrew::Point<short>, Astralbrew::ObjAllocator::Record, &(int Astralbrew::default_hash<Astralbrew::Point<short>, 32>(Astralbrew::Point<short> const&)), 32>::operator[](Astralbrew::Point<short> const&)
 .text          0x0000000008008374       0xbc C:\Users\NotImpLife\Desktop\Astralbrew/lib\libastralbrew-build-35119114.a(obj_frame.o)
                0x0000000008008374                Astralbrew::ObjFrame::ObjFrame(Astralbrew::AssetData const*, int, int)
                0x0000000008008374                Astralbrew::ObjFrame::ObjFrame(Astralbrew::AssetData const*, int, int)
                0x000000000800839c                Astralbrew::ObjFrame::ObjFrame(int, int)
                0x000000000800839c                Astralbrew::ObjFrame::ObjFrame(int, int)
                0x00000000080083c8                Astralbrew::ObjFrame::ObjFrame(void*, int)
                0x00000000080083c8                Astralbrew::ObjFrame::ObjFrame(void*, int)
                0x00000000080083f0                Astralbrew::ObjFrame::get_gfx_ptr() const
                0x00000000080083f4                Astralbrew::ObjFrame::get_bpp() const
                0x0000000008008410                Astralbrew::ObjFrame::~ObjFrame()
                0x0000000008008410                Astralbrew::ObjFrame::~ObjFrame()
 .text          0x0000000008008430      0x494 C:\Users\NotImpLife\Desktop\Astralbrew/lib\libastralbrew-build-35119114.a(sprite.o)
                0x0000000008008430                Astralbrew::Sprite::x() const
                0x0000000008008434                Astralbrew::Sprite::y() const
                0x0000000008008438                Astralbrew::Sprite::~Sprite()
                0x0000000008008438                Astralbrew::Sprite::~Sprite()
                0x0000000008008468                Astralbrew::Sprite::~Sprite()
                0x00000000080084a0                Astralbrew::Sprite::Sprite(Astralbrew::ObjSize)
                0x00000000080084a0                Astralbrew::Sprite::Sprite(Astralbrew::ObjSize)
                0x0000000008008534                Astralbrew::Sprite::get_size() const
                0x0000000008008554                Astralbrew::Sprite::get_visual() const
                0x0000000008008558                Astralbrew::Sprite::update_visual()
                0x000000000800860c                Astralbrew::Sprite::update_position()
                0x00000000080086b8                Astralbrew::Sprite::set_default_allocator(Astralbrew::ObjAllocator*)
                0x00000000080086bc                Astralbrew::Sprite::add_frame(Astralbrew::ObjFrame*)
                0x0000000008008700                Astralbrew::Sprite::oam_deploy()
                0x000000000800870c                Astralbrew::Sprite::set_position(Astralbrew::sf24, Astralbrew::sf24)
                0x0000000008008714                Astralbrew::Sprite::set_position(Astralbrew::Point<Astralbrew::sf24>)
                0x0000000008008728                Astralbrew::Sprite::move(Astralbrew::sf24, Astralbrew::sf24)
                0x000000000800874c                Astralbrew::Sprite::flip_horizontal()
                0x000000000800875c                Astralbrew::Sprite::flip_vertical()
                0x000000000800876c                Astralbrew::Sprite::set_flip_horizontal(bool)
                0x000000000800877c                Astralbrew::Sprite::set_flip_vertical(bool)
                0x000000000800878c                Astralbrew::Sprite::is_flipped_horizontal() const
                0x00000000080087a0                Astralbrew::Sprite::is_flipped_vertical() const
                0x00000000080087b4                Astralbrew::Sprite::set_priority(int)
                0x00000000080087c8                Astralbrew::Sprite::show()
                0x00000000080087d8                Astralbrew::Sprite::hide()
                0x00000000080087e8                Astralbrew::Sprite::is_hidden() const
                0x00000000080087f8                Astralbrew::Sprite::set_anchor(int, int)
                0x0000000008008844                Astralbrew::Sprite::set_anchor(Astralbrew::Point<char>)
                0x0000000008008884                Astralbrew::Sprite::set_mode_normal()
                0x0000000008008894                Astralbrew::Sprite::set_mode_semi_transparent()
                0x00000000080088a4                Astralbrew::Sprite::get_palette_number() const
                0x00000000080088b4                Astralbrew::Sprite::set_palette_number(int)
 .text          0x00000000080088c4       0x3c C:\Users\NotImpLife\Desktop\Astralbrew/lib\libastralbrew-build-35119114.a(obj.o)
                0x00000000080088c4                Astralbrew::Hardware::objEnable()
                0x00000000080088d4                Astralbrew::Hardware::objIsEnabled()
                0x00000000080088e0                Astralbrew::Hardware::getObjVram()
 .text          0x0000000008008900       0x3c C:\Users\NotImpLife\Desktop\Astralbrew/lib\libastralbrew-build-35119114.a(video.o)
                0x0000000008008900                Astralbrew::Hardware::setVideoMode(int)
                0x0000000008008930                Astralbrew::Hardware::getVideoMode()
 .text          0x000000000800893c      0x500 C:\Users\NotImpLife\Desktop\Astralbrew/lib\libastralbrew-build-35119114.a(vwf_engine.o)
                0x000000000800893c                Astralbrew::VwfEngine::VwfEngine(Astralbrew::FontData const&, Astralbrew::ExtendedFontChart)
                0x000000000800893c                Astralbrew::VwfEngine::VwfEngine(Astralbrew::FontData const&, Astralbrew::ExtendedFontChart)
                0x000000000800896c                Astralbrew::VwfEngine::set_render_space(void*, int, int)
                0x000000000800897c                Astralbrew::VwfEngine::put_char(char, Astralbrew::Video::BgPaletteType, Astralbrew::Brush const&)
                0x0000000008008bf0                Astralbrew::VwfEngine::put_word(char const*, Astralbrew::Video::BgPaletteType, Astralbrew::Brush const&)
                0x0000000008008cc4                Astralbrew::VwfEngine::put_text(char const*, Astralbrew::Video::BgPaletteType, Astralbrew::Brush const&)
                0x0000000008008cf8                Astralbrew::VwfEngine::clear(Astralbrew::Video::BgPaletteType)
                0x0000000008008d2c                Astralbrew::VwfEngine::prepare_map(Astralbrew::VwfEngine const&, unsigned short*, int, int, int, int)
 .text          0x0000000008008e3c      0x29c C:\Users\NotImpLife\Desktop\Astralbrew/lib\libastralbrew-build-35119114.a(sf24.o)
                0x0000000008008e3c                Astralbrew::sf24::sf24()
                0x0000000008008e3c                Astralbrew::sf24::sf24()
                0x0000000008008e40                Astralbrew::sf24::sf24(short)
                0x0000000008008e40                Astralbrew::sf24::sf24(short)
                0x0000000008008e48                Astralbrew::sf24::sf24(short, unsigned char)
                0x0000000008008e48                Astralbrew::sf24::sf24(short, unsigned char)
                0x0000000008008e54                Astralbrew::sf24::get_int() const
                0x0000000008008e5c                Astralbrew::sf24::get_frac() const
                0x0000000008008e60                Astralbrew::sf24::operator+(Astralbrew::sf24 const&) const
                0x0000000008008e68                Astralbrew::sf24::operator-(Astralbrew::sf24 const&) const
                0x0000000008008e70                Astralbrew::sf24::operator*(Astralbrew::sf24 const&) const
                0x0000000008008ea0                Astralbrew::sf24::operator-() const
                0x0000000008008ea8                Astralbrew::sf24::operator+=(Astralbrew::sf24 const&)
                0x0000000008008eb4                Astralbrew::sf24::operator-=(Astralbrew::sf24 const&)
                0x0000000008008ec0                Astralbrew::sf24::operator int() const
                0x0000000008008ec8                Astralbrew::sf24::operator short() const
                0x0000000008008ed0                Astralbrew::sf24::operator<(Astralbrew::sf24 const&) const
                0x0000000008008ee4                Astralbrew::sf24::operator>(Astralbrew::sf24 const&) const
                0x0000000008008ef8                Astralbrew::sf24::operator<=(Astralbrew::sf24 const&) const
                0x0000000008008f0c                Astralbrew::sf24::operator>=(Astralbrew::sf24 const&) const
                0x0000000008008f20                Astralbrew::sf24::operator==(Astralbrew::sf24 const&) const
                0x0000000008008f2c                Astralbrew::sf24::operator!=(Astralbrew::sf24 const&) const
                0x0000000008008f38                Astralbrew::sf24::create_from_data(unsigned int)
                0x0000000008008f3c                Astralbrew::sf24::in_range(Astralbrew::sf24 const&, Astralbrew::sf24 const&) const
                0x0000000008008f58                Astralbrew::sf24::abs() const
                0x0000000008008f64                Astralbrew::sf24::to_string() const
 .text          0x00000000080090d8       0xb4 C:\Users\NotImpLife\Desktop\Astralbrew/lib\libastralbrew-build-35119114.a(memory.o)
                0x00000000080090d8                Astralbrew::Memory::fill_16(void*, short, int)
                0x00000000080090ec                Astralbrew::Memory::fill_32(void*, int, int)
                0x0000000008009100                Astralbrew::Memory::clear(void*, int)
                0x0000000008009140                Astralbrew::Memory::copy(void*, void const*, int)
 .text          0x000000000800918c      0x304 C:\Users\NotImpLife\Desktop\Astralbrew/lib\libastralbrew-build-35119114.a(allocator.o)
                0x000000000800918c                Astralbrew::Allocator::Allocator()
                0x000000000800918c                Astralbrew::Allocator::Allocator()
                0x0000000008009198                Astralbrew::Allocator::Allocator(int, int)
                0x0000000008009198                Astralbrew::Allocator::Allocator(int, int)
                0x0000000008009240                address_stamp(int, int, int)
                0x000000000800924c                Astralbrew::Allocator::reserve(int, int)
                0x00000000080093a8                Astralbrew::Allocator::release(void*)
                0x0000000008009460                Astralbrew::Allocator::~Allocator()
                0x0000000008009460                Astralbrew::Allocator::~Allocator()
 .text          0x0000000008009490      0x120 C:\Users\NotImpLife\Desktop\Astralbrew/lib\libastralbrew-build-35119114.a(allocs_table.o)
                0x0000000008009490                init_allocs_table()
                0x00000000080094e8                allocs_last_stamp()
                0x00000000080094fc                allocs_last_id()
                0x0000000008009510                add_to_allocs_table(int, int)
                0x000000000800954c                remove_from_allocs_table(int, int)
                0x00000000080095ac                remove_allocs_by_id(int)
 .text          0x00000000080095b0      0x738 C:\Users\NotImpLife\Desktop\Astralbrew/lib\libastralbrew-build-35119114.a(background.o)
                0x00000000080095b0                Astralbrew::Video::bgInit(int, Astralbrew::Video::BgSize, Astralbrew::Video::BgPaletteType, int, int)
                0x0000000008009650                Astralbrew::Video::bgWrap(int)
                0x0000000008009684                Astralbrew::Video::bgUnwrap(int)
                0x00000000080096b8                Astralbrew::Video::bgMosaicEnable(int)
                0x00000000080096e8                Astralbrew::Video::bgMosaicDisable(int)
                0x0000000008009718                Astralbrew::Video::bgScroll(int, int, int)
                0x0000000008009740                Astralbrew::Video::bgSetScroll(int, int, int)
                0x0000000008009758                Astralbrew::Video::bgScrollf(int, int, int)
                0x000000000800977c                Astralbrew::Video::bgSetScrollf(int, int, int)
                0x0000000008009790                Astralbrew::Video::bgSetCenter(int, int, int)
                0x00000000080097a8                Astralbrew::Video::bgSetCenterf(int, int, int)
                0x00000000080097bc                Astralbrew::Video::bgSetRotate(int, int)
                0x00000000080097d0                Astralbrew::Video::bgRotate(int, int)
                0x00000000080097e8                Astralbrew::Video::bgSetScale(int, int, int)
                0x00000000080097fc                Astralbrew::Video::bgSetPriority(int, int)
                0x0000000008009834                Astralbrew::Video::bgIsText(int)
                0x0000000008009854                Astralbrew::Video::bgUpdate()
                0x0000000008009898                Astralbrew::Video::copyTiles256(void const*, void*, int, void const*, int, int)
                0x0000000008009950                Astralbrew::Video::bgShow(int)
                0x0000000008009968                Astralbrew::Video::bgHide(int)
                0x000000000800997c                Astralbrew::Video::bgIsVisible(int)
                0x0000000008009994                Astralbrew::Video::bgGetMapPtr(int)
                0x00000000080099b0                Astralbrew::Video::bgGetTilesPtr(int)
                0x00000000080099cc                Astralbrew::Video::bgGetBitmapFrontBuffer()
                0x00000000080099f0                Astralbrew::Video::bgGetBitmapBackBuffer()
                0x0000000008009a10                Astralbrew::Video::bgSetBackBuffer(bool)
                0x0000000008009a28                Astralbrew::Video::bgSwapBuffers()
                0x0000000008009a48                Astralbrew::Video::bgSetAlpha(int, int, int, int)
                0x0000000008009a7c                Astralbrew::Video::bgBlockOwnerMap(void const*)
                0x0000000008009c08                Astralbrew::Video::bgTileId(void const*, int)
 .text          0x0000000008009ce8      0x1a8 C:\Users\NotImpLife\Desktop\Astralbrew/lib\libastralbrew-build-35119114.a(measure.o)
                0x0000000008009ce8                Astralbrew::MeasureValue::MeasureValue(int)
                0x0000000008009ce8                Astralbrew::MeasureValue::MeasureValue(int)
                0x0000000008009cf4                Astralbrew::MeasureValue::cut()
                0x0000000008009cfc                Astralbrew::MeasureValue::fit()
                0x0000000008009d04                Astralbrew::MeasureValue::blocks(int)
                0x0000000008009d0c                Astralbrew::MeasureValue::value() const
                0x0000000008009d28                Astralbrew::MeasureValue::kilobytes() const
                0x0000000008009d48                Astralbrew::MeasureValue::operator int() const
                0x0000000008009d64                Astralbrew::Measure::_4bpp()
                0x0000000008009d6c                Astralbrew::Measure::_8bpp()
                0x0000000008009d74                Astralbrew::Measure::_16bpp()
                0x0000000008009d7c                Astralbrew::Measure::metatile(int, int)
                0x0000000008009d84                Astralbrew::Measure::text()
                0x0000000008009d8c                Astralbrew::Measure::bitmap()
                0x0000000008009d94                Astralbrew::Measure::tiles(int) const
                0x0000000008009db0                Astralbrew::Measure::tiles(int, int) const
                0x0000000008009dcc                Astralbrew::Measure::bitmap(int, int) const
                0x0000000008009de8                Astralbrew::Measure::tiles_count(int) const
                0x0000000008009e04                Astralbrew::Measure::map_size(int, int) const
                0x0000000008009e48                Astralbrew::Measure::bytes_per_map_entry() const
                0x0000000008009e4c                Astralbrew::Measure::bpp(int)
                0x0000000008009e7c                Astralbrew::Measure::tile_id(void*, void*, int) const
 .text          0x0000000008009e90      0x15c C:\Users\NotImpLife\Desktop\Astralbrew/lib\libastralbrew-build-35119114.a(palette_loader.o)
                0x0000000008009e90                Astralbrew::PaletteLoader::PaletteLoader()
                0x0000000008009e90                Astralbrew::PaletteLoader::PaletteLoader()
                0x0000000008009f08                Astralbrew::PaletteLoader::PaletteLoader(Astralbrew::PaletteManager*)
                0x0000000008009f08                Astralbrew::PaletteLoader::PaletteLoader(Astralbrew::PaletteManager*)
                0x0000000008009f1c                Astralbrew::PaletteLoader::~PaletteLoader()
                0x0000000008009f1c                Astralbrew::PaletteLoader::~PaletteLoader()
                0x0000000008009f3c                Astralbrew::PaletteLoader::try_load(Astralbrew::AssetData const*)
                0x0000000008009fa0                Astralbrew::PaletteLoader::unload(Astralbrew::AssetData const*)
 .text._ZN10Astralbrew6VectorINS0_INS_7HashMapIPKNS_9AssetDataEiXadL_ZNS_12default_hashIS4_Li8EEEiRKT_EELi8EE5EntryEEEED2Ev
                0x0000000008009fec       0x68 C:\Users\NotImpLife\Desktop\Astralbrew/lib\libastralbrew-build-35119114.a(palette_loader.o)
                0x0000000008009fec                Astralbrew::Vector<Astralbrew::Vector<Astralbrew::HashMap<Astralbrew::AssetData const*, int, &(int Astralbrew::default_hash<Astralbrew::AssetData const*, 8>(Astralbrew::AssetData const* const&)), 8>::Entry> >::~Vector()
                0x0000000008009fec                Astralbrew::Vector<Astralbrew::Vector<Astralbrew::HashMap<Astralbrew::AssetData const*, int, &(int Astralbrew::default_hash<Astralbrew::AssetData const*, 8>(Astralbrew::AssetData const* const&)), 8>::Entry> >::~Vector()
 .text._ZN10Astralbrew7HashMapIPKNS_9AssetDataEiXadL_ZNS_12default_hashIS3_Li8EEEiRKT_EELi8EEixERKS3_
                0x000000000800a054      0x238 C:\Users\NotImpLife\Desktop\Astralbrew/lib\libastralbrew-build-35119114.a(palette_loader.o)
                0x000000000800a054                Astralbrew::HashMap<Astralbrew::AssetData const*, int, &(int Astralbrew::default_hash<Astralbrew::AssetData const*, 8>(Astralbrew::AssetData const* const&)), 8>::operator[](Astralbrew::AssetData const* const&)
 .text._ZNK10Astralbrew7HashMapIPKNS_9AssetDataEiXadL_ZNS_12default_hashIS3_Li8EEEiRKT_EELi8EE12contains_keyERKS3_
                0x000000000800a28c       0xd0 C:\Users\NotImpLife\Desktop\Astralbrew/lib\libastralbrew-build-35119114.a(palette_loader.o)
                0x000000000800a28c                Astralbrew::HashMap<Astralbrew::AssetData const*, int, &(int Astralbrew::default_hash<Astralbrew::AssetData const*, 8>(Astralbrew::AssetData const* const&)), 8>::contains_key(Astralbrew::AssetData const* const&) const
 .text._ZN10Astralbrew7HashMapIPKNS_9AssetDataEiXadL_ZNS_12default_hashIS3_Li8EEEiRKT_EELi8EE10remove_keyERKS3_
                0x000000000800a35c      0x130 C:\Users\NotImpLife\Desktop\Astralbrew/lib\libastralbrew-build-35119114.a(palette_loader.o)
                0x000000000800a35c                Astralbrew::HashMap<Astralbrew::AssetData const*, int, &(int Astralbrew::default_hash<Astralbrew::AssetData const*, 8>(Astralbrew::AssetData const* const&)), 8>::remove_key(Astralbrew::AssetData const* const&)
 .text          0x000000000800a48c      0x830 C:\Users\NotImpLife\Desktop\Astralbrew/lib\libastralbrew-build-35119114.a(palette_manager.o)
                0x000000000800a48c                Astralbrew::PaletteManager::PaletteManager(void*)
                0x000000000800a48c                Astralbrew::PaletteManager::PaletteManager(void*)
                0x000000000800a52c                Astralbrew::PaletteManager::get_pal16(short*, int)
                0x000000000800a5b4                Astralbrew::PaletteManager::get_chksum(short*)
                0x000000000800a5d8                Astralbrew::PaletteManager::reserve16(void const*)
                0x000000000800a660                Astralbrew::PaletteManager::unload16(void const*)
                0x000000000800a6cc                Astralbrew::PaletteManager::migrate_offset(void*)
                0x000000000800a6e8                Astralbrew::PaletteManager::hashColor(short const&)
                0x000000000800a700                Astralbrew::PaletteAllocationResult::~PaletteAllocationResult()
                0x000000000800a700                Astralbrew::PaletteAllocationResult::~PaletteAllocationResult()
                0x000000000800a724                Astralbrew::PaletteAllocationResult::PaletteAllocationResult(short*, int, char, bool)
                0x000000000800a724                Astralbrew::PaletteAllocationResult::PaletteAllocationResult(short*, int, char, bool)
                0x000000000800a738                Astralbrew::PaletteAllocationResult::PaletteAllocationResult(Astralbrew::PaletteAllocationResult const&)
                0x000000000800a738                Astralbrew::PaletteAllocationResult::PaletteAllocationResult(Astralbrew::PaletteAllocationResult const&)
                0x000000000800a7a0                Astralbrew::PaletteAllocationResult::PaletteAllocationResult(Astralbrew::PaletteAllocationResult&&)
                0x000000000800a7a0                Astralbrew::PaletteAllocationResult::PaletteAllocationResult(Astralbrew::PaletteAllocationResult&&)
                0x000000000800a7d4                Astralbrew::PaletteAllocationResult::operator=(Astralbrew::PaletteAllocationResult const&)
                0x000000000800a840                Astralbrew::PaletteAllocationResult::operator=(Astralbrew::PaletteAllocationResult&&)
                0x000000000800a874                Astralbrew::PaletteAllocationResult::operator==(Astralbrew::PaletteAllocationResult const&) const
                0x000000000800a8c0                Astralbrew::PaletteManager::~PaletteManager()
                0x000000000800a8c0                Astralbrew::PaletteManager::~PaletteManager()
                0x000000000800a8e4                Astralbrew::PaletteManager::reserve1(int)
                0x000000000800aa04                Astralbrew::PaletteManager::unload1(int)
                0x000000000800aa8c                Astralbrew::PaletteManager::try_load(Astralbrew::AssetData const*)
                0x000000000800abdc                Astralbrew::PaletteManager::unload(Astralbrew::AssetData const*)
 .text._ZN10Astralbrew6VectorINS0_INS_7HashMapIsiXadL_ZNS_14PaletteManager9hashColorERKsEELi128EE5EntryEEEED2Ev
                0x000000000800acbc       0x68 C:\Users\NotImpLife\Desktop\Astralbrew/lib\libastralbrew-build-35119114.a(palette_manager.o)
                0x000000000800acbc                Astralbrew::Vector<Astralbrew::Vector<Astralbrew::HashMap<short, int, &Astralbrew::PaletteManager::hashColor, 128>::Entry> >::~Vector()
                0x000000000800acbc                Astralbrew::Vector<Astralbrew::Vector<Astralbrew::HashMap<short, int, &Astralbrew::PaletteManager::hashColor, 128>::Entry> >::~Vector()
 .text._ZNK10Astralbrew7HashMapIsiXadL_ZNS_14PaletteManager9hashColorERKsEELi128EE12contains_keyES3_
                0x000000000800ad24       0xd4 C:\Users\NotImpLife\Desktop\Astralbrew/lib\libastralbrew-build-35119114.a(palette_manager.o)
                0x000000000800ad24                Astralbrew::HashMap<short, int, &Astralbrew::PaletteManager::hashColor, 128>::contains_key(short const&) const
 .text._ZN10Astralbrew7HashMapIsiXadL_ZNS_14PaletteManager9hashColorERKsEELi128EEixES3_
                0x000000000800adf8      0x240 C:\Users\NotImpLife\Desktop\Astralbrew/lib\libastralbrew-build-35119114.a(palette_manager.o)
                0x000000000800adf8                Astralbrew::HashMap<short, int, &Astralbrew::PaletteManager::hashColor, 128>::operator[](short const&)
 .text._ZN10Astralbrew7HashMapIsiXadL_ZNS_14PaletteManager9hashColorERKsEELi128EE10remove_keyES3_
                0x000000000800b038      0x138 C:\Users\NotImpLife\Desktop\Astralbrew/lib\libastralbrew-build-35119114.a(palette_manager.o)
                0x000000000800b038                Astralbrew::HashMap<short, int, &Astralbrew::PaletteManager::hashColor, 128>::remove_key(short const&)
 .text          0x000000000800b170      0x334 C:\Users\NotImpLife\Desktop\Astralbrew/lib\libastralbrew-build-35119114.a(vram_loader.o)
                0x000000000800b170                Astralbrew::VramLoader::load(Astralbrew::AssetData const*, void*, short*, int)
                0x000000000800b340                Astralbrew::VramLoader::load(Astralbrew::AssetData const*, int, int, void*, short*, int)
                0x000000000800b464                Astralbrew::VramLoader::clear(void*, int)
 .text          0x000000000800b4a4       0x9c C:\Users\NotImpLife\Desktop\Astralbrew/lib\libastralbrew-build-35119114.a(one_time_action.o)
                0x000000000800b4a4                Astralbrew::OneTimeAction::execute()
                0x000000000800b4d4                Astralbrew::OneTimeAction::OneTimeAction(Astralbrew::EventHandlerContainer*)
                0x000000000800b4d4                Astralbrew::OneTimeAction::OneTimeAction(Astralbrew::EventHandlerContainer*)
                0x000000000800b4e0                Astralbrew::OneTimeAction::OneTimeAction(void (*)(void*, void*))
                0x000000000800b4e0                Astralbrew::OneTimeAction::OneTimeAction(void (*)(void*, void*))
                0x000000000800b508                Astralbrew::OneTimeAction::~OneTimeAction()
                0x000000000800b508                Astralbrew::OneTimeAction::~OneTimeAction()
 .text._ZN10Astralbrew21EventHandlerContainerD0Ev
                0x000000000800b540       0x14 C:\Users\NotImpLife\Desktop\Astralbrew/lib\libastralbrew-build-35119114.a(one_time_action.o)
                0x000000000800b540                Astralbrew::EventHandlerContainer::~EventHandlerContainer()
 .text._ZN10Astralbrew21EventHandlerContainerD2Ev
                0x000000000800b554        0x4 C:\Users\NotImpLife\Desktop\Astralbrew/lib\libastralbrew-build-35119114.a(one_time_action.o)
                0x000000000800b554                Astralbrew::EventHandlerContainer::~EventHandlerContainer()
                0x000000000800b554                Astralbrew::EventHandlerContainer::~EventHandlerContainer()
 .text          0x000000000800b558      0x3d8 C:\Users\NotImpLife\Desktop\Astralbrew/lib\libastralbrew-build-35119114.a(schedule.o)
                0x000000000800b558                Astralbrew::BindingObjectScheduledTask::action()
                0x000000000800b574                Astralbrew::BindingObjectScheduledTask::~BindingObjectScheduledTask()
                0x000000000800b574                Astralbrew::BindingObjectScheduledTask::~BindingObjectScheduledTask()
                0x000000000800b5b8                Astralbrew::BindingObjectScheduledTask::~BindingObjectScheduledTask()
                0x000000000800b604                Astralbrew::ScheduledTask::execute()
                0x000000000800b688                Astralbrew::ScheduledTask::get_counter() const
                0x000000000800b690                Astralbrew::ScheduledTask::is_active() const
                0x000000000800b69c                Astralbrew::ScheduledTask::get_frame_lapse() const
                0x000000000800b6a4                Astralbrew::ScheduledTask::ScheduledTask(int, int)
                0x000000000800b6a4                Astralbrew::ScheduledTask::ScheduledTask(int, int)
                0x000000000800b6c4                Astralbrew::ScheduledTask::set_counter(int)
                0x000000000800b6c8                Astralbrew::ScheduledTask::seconds(int)
                0x000000000800b6d0                Astralbrew::Schedule::run_frame()
                0x000000000800b7b4                Astralbrew::Schedule::schedule_task(Astralbrew::ScheduledTask*)
                0x000000000800b890                Astralbrew::Schedule::unschedule_task(Astralbrew::ScheduledTask*)
 .text          0x000000000800b930      0x274 C:\Users\NotImpLife\Desktop\Astralbrew/lib\libastralbrew-build-35119114.a(asset_data.o)
                0x000000000800b930                Astralbrew::AssetData::AssetData()
                0x000000000800b930                Astralbrew::AssetData::AssetData()
                0x000000000800b944                Astralbrew::AssetData::is_bitmap() const
                0x000000000800b94c                Astralbrew::AssetData::get_gfx_length() const
                0x000000000800b964                Astralbrew::AssetData::extract_gfx(void*) const
                0x000000000800b988                Astralbrew::AssetData::get_pal_length() const
                0x000000000800b998                Astralbrew::AssetData::get_pal_count() const
                0x000000000800b9ac                Astralbrew::AssetData::extract_palette(void*) const
                0x000000000800b9d8                Astralbrew::AssetData::get_map_length() const
                0x000000000800ba14                Astralbrew::AssetData::extract_map(void*) const
                0x000000000800ba5c                Astralbrew::AssetData::get_color_depth() const
                0x000000000800ba80                Astralbrew::AssetData::get_metatile_width() const
                0x000000000800ba9c                Astralbrew::AssetData::get_metatile_height() const
                0x000000000800bab8                Astralbrew::AssetData::get_metatile_size() const
                0x000000000800bb94                Astralbrew::AssetData::has_map() const
                0x000000000800bb9c                Astralbrew::AssetData::is_map_tile_reduction_enabled() const
 .text          0x000000000800bba4      0x1bc C:\Users\NotImpLife\Desktop\Astralbrew/lib\libastralbrew-build-35119114.a(font_data.o)
                0x000000000800bba4                Astralbrew::FontData::FontData()
                0x000000000800bba4                Astralbrew::FontData::FontData()
                0x000000000800bbb8                Astralbrew::FontData::char_width() const
                0x000000000800bbd0                Astralbrew::FontData::char_height() const
                0x000000000800bbe8                Astralbrew::FontData::get_header_size() const
                0x000000000800bbec                Astralbrew::FontData::get_chart_size() const
                0x000000000800bbfc                Astralbrew::FontData::get_ascii_base_addr() const
                0x000000000800bc00                Astralbrew::FontData::get_ascii_extended_addr(Astralbrew::ExtendedFontChart) const
                0x000000000800bc48                Astralbrew::FontData::get_glyph(int, Astralbrew::ExtendedFontChart) const
                0x000000000800bcd0                Astralbrew::FontData::get_glyph_width(int, Astralbrew::ExtendedFontChart) const
                0x000000000800bd50                Astralbrew::FontData::font_size() const
 .text          0x000000000800bd60      0x124 C:\Users\NotImpLife\Desktop\Astralbrew/lib\libastralbrew-build-35119114.a(readonly_data.o)
                0x000000000800bd60                Astralbrew::ReadOnlyData::ReadOnlyData(int)
                0x000000000800bd60                Astralbrew::ReadOnlyData::ReadOnlyData(int)
                0x000000000800bd6c                Astralbrew::ReadOnlyData::extract(void*) const
                0x000000000800bdc8                Astralbrew::ReadOnlyData::extract(void*, int, int) const
                0x000000000800be74                Astralbrew::ReadOnlyData::get_type() const
                0x000000000800be7c                Astralbrew::ReadOnlyData::is_compressed() const
 .text          0x000000000800be84       0x38 C:\Users\NotImpLife\Desktop\Astralbrew/lib\libastralbrew-build-35119114.a(hitbox.o)
                0x000000000800be84                Astralbrew::Hitbox::Hitbox()
                0x000000000800be84                Astralbrew::Hitbox::Hitbox()
                0x000000000800be90                Astralbrew::Hitbox::Hitbox(char, char, char, char)
                0x000000000800be90                Astralbrew::Hitbox::Hitbox(char, char, char, char)
                0x000000000800bea4                Astralbrew::Hitbox::Hitbox(Astralbrew::ObjSize)
                0x000000000800bea4                Astralbrew::Hitbox::Hitbox(Astralbrew::ObjSize)
 .text          0x000000000800bebc      0x23c C:\Users\NotImpLife\Desktop\Astralbrew/lib\libastralbrew-build-35119114.a(oam_pool.o)
                0x000000000800bebc                Astralbrew::OamPool::reset()
                0x000000000800befc                Astralbrew::OamPool::add_obj(Astralbrew::ObjAttribute)
                0x000000000800bff8                Astralbrew::OamPool::remove_obj(Astralbrew::ObjAttribute*)
                0x000000000800c080                Astralbrew::OamPool::deploy()
                0x000000000800c0c0                Astralbrew::OamPool::set_rotation_matrix(int, int, int, int, int)
 .text.startup  0x000000000800c0f8       0x14 C:\Users\NotImpLife\Desktop\Astralbrew/lib\libastralbrew-build-35119114.a(oam_pool.o)
 .text          0x000000000800c10c      0x368 C:\Users\NotImpLife\Desktop\Astralbrew/lib\libastralbrew-build-35119114.a(obj_attribute.o)
                0x000000000800c10c                Astralbrew::ObjAttribute::create256(Astralbrew::ObjSize, short, short, unsigned short, unsigned short, unsigned short, unsigned short)
                0x000000000800c160                Astralbrew::ObjAttribute::create16(Astralbrew::ObjSize, short, short, unsigned short, unsigned short, unsigned short, unsigned short, unsigned short)
                0x000000000800c1c0                Astralbrew::ObjAttribute::set_size(Astralbrew::ObjSize)
                0x000000000800c1e0                Astralbrew::ObjAttribute::get_size() const
                0x000000000800c1fc                Astralbrew::ObjAttribute::flip_v()
                0x000000000800c208                Astralbrew::ObjAttribute::set_flip_v(unsigned short)
                0x000000000800c220                Astralbrew::ObjAttribute::get_flip_v() const
                0x000000000800c228                Astralbrew::ObjAttribute::flip_h()
                0x000000000800c234                Astralbrew::ObjAttribute::set_flip_h(unsigned short)
                0x000000000800c24c                Astralbrew::ObjAttribute::get_flip_h() const
                0x000000000800c254                Astralbrew::ObjAttribute::set_x(short)
                0x000000000800c27c                Astralbrew::ObjAttribute::set_y(short)
                0x000000000800c298                Astralbrew::ObjAttribute::get_x() const
                0x000000000800c29c                Astralbrew::ObjAttribute::get_y() const
                0x000000000800c2a4                Astralbrew::ObjAttribute::set_priority(unsigned short)
                0x000000000800c2bc                Astralbrew::ObjAttribute::set_tile_index(unsigned short)
                0x000000000800c2cc                Astralbrew::ObjAttribute::get_tile_index() const
                0x000000000800c2d4                Astralbrew::ObjAttribute::show()
                0x000000000800c2e4                Astralbrew::ObjAttribute::hide()
                0x000000000800c2f0                Astralbrew::ObjAttribute::is_hidden() const
                0x000000000800c2f8                Astralbrew::ObjAttribute::is_8bit() const
                0x000000000800c300                Astralbrew::ObjAttribute::is_4bit() const
                0x000000000800c310                Astralbrew::ObjAttribute::get_palette_number() const
                0x000000000800c338                Astralbrew::ObjAttribute::set_palette_number(int)
                0x000000000800c368                Astralbrew::ObjAttribute::is_rotation_scaling() const
                0x000000000800c370                Astralbrew::ObjAttribute::set_rotation_scaling(bool)
                0x000000000800c384                Astralbrew::ObjAttribute::is_double_size() const
                0x000000000800c3a8                Astralbrew::ObjAttribute::set_double_size(bool)
                0x000000000800c3d4                Astralbrew::ObjAttribute::set_affine_matrix(int)
                0x000000000800c408                Astralbrew::ObjAttribute::get_affine_matrix() const
                0x000000000800c42c                Astralbrew::ObjAttribute::set_color_depth(int)
                0x000000000800c450                Astralbrew::ObjAttribute::set_mode_normal()
                0x000000000800c460                Astralbrew::ObjAttribute::set_mode_semi_transparent()
 .text          0x000000000800c474      0x5cc C:\Users\NotImpLife\Desktop\Astralbrew/lib\libastralbrew-build-35119114.a(obj_visual.o)
                0x000000000800c474                Astralbrew::ObjVisual::ObjVisual(Astralbrew::ObjSize)
                0x000000000800c474                Astralbrew::ObjVisual::ObjVisual(Astralbrew::ObjSize)
                0x000000000800c50c                Astralbrew::ObjVisual::add_frame(Astralbrew::ObjFrame*)
                0x000000000800c580                Astralbrew::ObjVisual::get_crt_palette_slot() const
                0x000000000800c5b8                Astralbrew::ObjVisual::get_crt_gfx() const
                0x000000000800c5f0                Astralbrew::ObjVisual::set_crt_gfx(int)
                0x000000000800c658                Astralbrew::ObjVisual::get_size() const
                0x000000000800c668                Astralbrew::ObjVisual::get_crt_color_depth() const
                0x000000000800c6a0                Astralbrew::ObjVisual::set_animation(int, bool)
                0x000000000800c6b8                Astralbrew::ObjVisual::set_animation_ticks(int)
                0x000000000800c6c0                Astralbrew::ObjVisual::update()
                0x000000000800c7dc                Astralbrew::ObjVisual::~ObjVisual()
                0x000000000800c7dc                Astralbrew::ObjVisual::~ObjVisual()
                0x000000000800c8bc                Astralbrew::ObjVisual::add_frameset(int, ...)
 .text._ZN10Astralbrew6VectorIhE9push_backERKh
                0x000000000800ca40       0x5c C:\Users\NotImpLife\Desktop\Astralbrew/lib\libastralbrew-build-35119114.a(obj_visual.o)
                0x000000000800ca40                Astralbrew::Vector<unsigned char>::push_back(unsigned char const&)
 .text._ZN10Astralbrew6VectorINS0_IhEEE16container_resizeEi
                0x000000000800ca9c      0x12c C:\Users\NotImpLife\Desktop\Astralbrew/lib\libastralbrew-build-35119114.a(obj_visual.o)
                0x000000000800ca9c                Astralbrew::Vector<Astralbrew::Vector<unsigned char> >::container_resize(int)
 .text          0x000000000800cbc8      0x3b8 D:/Software/Developer/devkitPro/libgba/lib\libgba.a(interrupt.o)
                0x000000000800cbc8                dummy
                0x000000000800cbcc                InitInterrupt
                0x000000000800cc28                irqInit
                0x000000000800cc84                SetInterrupt
                0x000000000800cd68                irqSet
                0x000000000800ce4c                EnableInterrupt
                0x000000000800ce98                irqEnable
                0x000000000800cee8                DisableInterrupt
                0x000000000800cf34                irqDisable
 .text          0x000000000800cf80       0xbc D:/Software/Developer/devkitPro/libgba/lib\libgba.a(input.o)
                0x000000000800cf80                setRepeat
                0x000000000800cf8c                scanKeys
                0x000000000800d000                keysDownRepeat
                0x000000000800d010                keysDown
                0x000000000800d020                keysUp
                0x000000000800d030                keysHeld
 .text._ZdlPvj  0x000000000800d03c        0xc d:/software/developer/devkitpro/devkitarm/bin/../lib/gcc/arm-none-eabi/12.1.0/../../../../arm-none-eabi/lib/thumb\libstdc++.a(del_ops.o)
                0x000000000800d03c                operator delete(void*, unsigned int)
 .text._ZdaPv   0x000000000800d048        0xc d:/software/developer/devkitpro/devkitarm/bin/../lib/gcc/arm-none-eabi/12.1.0/../../../../arm-none-eabi/lib/thumb\libstdc++.a(del_opv.o)
                0x000000000800d048                operator delete[](void*)
 .text._ZdaPvj  0x000000000800d054        0xc d:/software/developer/devkitpro/devkitarm/bin/../lib/gcc/arm-none-eabi/12.1.0/../../../../arm-none-eabi/lib/thumb\libstdc++.a(del_opvs.o)
                0x000000000800d054                operator delete[](void*, unsigned int)
 .text._Znwj    0x000000000800d060       0x48 d:/software/developer/devkitpro/devkitarm/bin/../lib/gcc/arm-none-eabi/12.1.0/../../../../arm-none-eabi/lib/thumb\libstdc++.a(new_op.o)
                0x000000000800d060                operator new(unsigned int)
 .text._Znaj    0x000000000800d0a8        0xc d:/software/developer/devkitpro/devkitarm/bin/../lib/gcc/arm-none-eabi/12.1.0/../../../../arm-none-eabi/lib/thumb\libstdc++.a(new_opv.o)
                0x000000000800d0a8                operator new[](unsigned int)
 .text._ZNKSt9bad_alloc4whatEv
                0x000000000800d0b4        0x8 d:/software/developer/devkitpro/devkitarm/bin/../lib/gcc/arm-none-eabi/12.1.0/../../../../arm-none-eabi/lib/thumb\libstdc++.a(bad_alloc.o)
                0x000000000800d0b4                std::bad_alloc::what() const
 .text._ZNSt9bad_allocD2Ev
                0x000000000800d0bc       0x18 d:/software/developer/devkitpro/devkitarm/bin/../lib/gcc/arm-none-eabi/12.1.0/../../../../arm-none-eabi/lib/thumb\libstdc++.a(bad_alloc.o)
                0x000000000800d0bc                std::bad_alloc::~bad_alloc()
                0x000000000800d0bc                std::bad_alloc::~bad_alloc()
 .text._ZNSt9bad_allocD0Ev
                0x000000000800d0d4       0x20 d:/software/developer/devkitpro/devkitarm/bin/../lib/gcc/arm-none-eabi/12.1.0/../../../../arm-none-eabi/lib/thumb\libstdc++.a(bad_alloc.o)
                0x000000000800d0d4                std::bad_alloc::~bad_alloc()
 .text._ZdlPv   0x000000000800d0f4        0xc d:/software/developer/devkitpro/devkitarm/bin/../lib/gcc/arm-none-eabi/12.1.0/../../../../arm-none-eabi/lib/thumb\libstdc++.a(del_op.o)
                0x000000000800d0f4                operator delete(void*)
 .text._ZN12_GLOBAL__N_14pool4freeEPv.constprop.0
                0x000000000800d100       0x70 d:/software/developer/devkitpro/devkitarm/bin/../lib/gcc/arm-none-eabi/12.1.0/../../../../arm-none-eabi/lib/thumb\libstdc++.a(eh_alloc.o)
 .text._ZN12_GLOBAL__N_14pool8allocateEj.constprop.0
                0x000000000800d170       0x54 d:/software/developer/devkitpro/devkitarm/bin/../lib/gcc/arm-none-eabi/12.1.0/../../../../arm-none-eabi/lib/thumb\libstdc++.a(eh_alloc.o)
 .text.__cxa_allocate_exception
                0x000000000800d1c4       0x30 d:/software/developer/devkitpro/devkitarm/bin/../lib/gcc/arm-none-eabi/12.1.0/../../../../arm-none-eabi/lib/thumb\libstdc++.a(eh_alloc.o)
                0x000000000800d1c4                __cxa_allocate_exception
 .text.__cxa_free_exception
                0x000000000800d1f4       0x28 d:/software/developer/devkitpro/devkitarm/bin/../lib/gcc/arm-none-eabi/12.1.0/../../../../arm-none-eabi/lib/thumb\libstdc++.a(eh_alloc.o)
                0x000000000800d1f4                __cxa_free_exception
 .text.startup._GLOBAL__sub_I__ZN9__gnu_cxx9__freeresEv
                0x000000000800d21c       0x2c d:/software/developer/devkitpro/devkitarm/bin/../lib/gcc/arm-none-eabi/12.1.0/../../../../arm-none-eabi/lib/thumb\libstdc++.a(eh_alloc.o)
 .text._ZNSt9exceptionD2Ev
                0x000000000800d248        0x4 d:/software/developer/devkitpro/devkitarm/bin/../lib/gcc/arm-none-eabi/12.1.0/../../../../arm-none-eabi/lib/thumb\libstdc++.a(eh_exception.o)
                0x000000000800d248                std::exception::~exception()
                0x000000000800d248                std::exception::~exception()
 .text._ZNSt13bad_exceptionD2Ev
                0x000000000800d24c        0x4 d:/software/developer/devkitpro/devkitarm/bin/../lib/gcc/arm-none-eabi/12.1.0/../../../../arm-none-eabi/lib/thumb\libstdc++.a(eh_exception.o)
                0x000000000800d24c                std::bad_exception::~bad_exception()
                0x000000000800d24c                std::bad_exception::~bad_exception()
 .text._ZNKSt13bad_exception4whatEv
                0x000000000800d250        0x8 d:/software/developer/devkitpro/devkitarm/bin/../lib/gcc/arm-none-eabi/12.1.0/../../../../arm-none-eabi/lib/thumb\libstdc++.a(eh_exception.o)
                0x000000000800d250                std::bad_exception::what() const
                0x000000000800d250                transaction clone for std::bad_exception::what() const
 .text._ZNSt13bad_exceptionD0Ev
                0x000000000800d258       0x14 d:/software/developer/devkitpro/devkitarm/bin/../lib/gcc/arm-none-eabi/12.1.0/../../../../arm-none-eabi/lib/thumb\libstdc++.a(eh_exception.o)
                0x000000000800d258                std::bad_exception::~bad_exception()
 .text._ZN10__cxxabiv111__terminateEPFvvE
                0x000000000800d26c       0x14 d:/software/developer/devkitpro/devkitarm/bin/../lib/gcc/arm-none-eabi/12.1.0/../../../../arm-none-eabi/lib/thumb\libstdc++.a(eh_terminate.o)
                0x000000000800d26c                __cxxabiv1::__terminate(void (*)())
 .text._ZSt9terminatev
                0x000000000800d280       0x10 d:/software/developer/devkitpro/devkitarm/bin/../lib/gcc/arm-none-eabi/12.1.0/../../../../arm-none-eabi/lib/thumb\libstdc++.a(eh_terminate.o)
                0x000000000800d280                std::terminate()
 .text._ZN10__cxxabiv112__unexpectedEPFvvE
                0x000000000800d290        0xc d:/software/developer/devkitpro/devkitarm/bin/../lib/gcc/arm-none-eabi/12.1.0/../../../../arm-none-eabi/lib/thumb\libstdc++.a(eh_terminate.o)
                0x000000000800d290                __cxxabiv1::__unexpected(void (*)())
 .text._ZSt10unexpectedv
                0x000000000800d29c       0x10 d:/software/developer/devkitpro/devkitarm/bin/../lib/gcc/arm-none-eabi/12.1.0/../../../../arm-none-eabi/lib/thumb\libstdc++.a(eh_terminate.o)
                0x000000000800d29c                std::unexpected()
 .text._ZSt13get_terminatev
                0x000000000800d2ac        0xc d:/software/developer/devkitpro/devkitarm/bin/../lib/gcc/arm-none-eabi/12.1.0/../../../../arm-none-eabi/lib/thumb\libstdc++.a(eh_terminate.o)
                0x000000000800d2ac                std::get_terminate()
 .text._ZSt14get_unexpectedv
                0x000000000800d2b8        0xc d:/software/developer/devkitpro/devkitarm/bin/../lib/gcc/arm-none-eabi/12.1.0/../../../../arm-none-eabi/lib/thumb\libstdc++.a(eh_terminate.o)
                0x000000000800d2b8                std::get_unexpected()
 .text._ZL23__gxx_exception_cleanup19_Unwind_Reason_CodeP21_Unwind_Control_Block
                0x000000000800d2c4       0x3c d:/software/developer/devkitpro/devkitarm/bin/../lib/gcc/arm-none-eabi/12.1.0/../../../../arm-none-eabi/lib/thumb\libstdc++.a(eh_throw.o)
 .text.__cxa_init_primary_exception
                0x000000000800d300       0x50 d:/software/developer/devkitpro/devkitarm/bin/../lib/gcc/arm-none-eabi/12.1.0/../../../../arm-none-eabi/lib/thumb\libstdc++.a(eh_throw.o)
                0x000000000800d300                __cxa_init_primary_exception
 .text.__cxa_throw
                0x000000000800d350       0x34 d:/software/developer/devkitpro/devkitarm/bin/../lib/gcc/arm-none-eabi/12.1.0/../../../../arm-none-eabi/lib/thumb\libstdc++.a(eh_throw.o)
                0x000000000800d350                __cxa_throw
 .text.__cxa_rethrow
                0x000000000800d384       0x70 d:/software/developer/devkitpro/devkitarm/bin/../lib/gcc/arm-none-eabi/12.1.0/../../../../arm-none-eabi/lib/thumb\libstdc++.a(eh_throw.o)
                0x000000000800d384                __cxa_rethrow
 .text._ZSt15get_new_handlerv
                0x000000000800d3f4        0xc d:/software/developer/devkitpro/devkitarm/bin/../lib/gcc/arm-none-eabi/12.1.0/../../../../arm-none-eabi/lib/thumb\libstdc++.a(new_handler.o)
                0x000000000800d3f4                std::get_new_handler()
 .text._ZN10__cxxabiv120__si_class_type_infoD2Ev
                0x000000000800d400       0x18 d:/software/developer/devkitpro/devkitarm/bin/../lib/gcc/arm-none-eabi/12.1.0/../../../../arm-none-eabi/lib/thumb\libstdc++.a(si_class_type_info.o)
                0x000000000800d400                __cxxabiv1::__si_class_type_info::~__si_class_type_info()
                0x000000000800d400                __cxxabiv1::__si_class_type_info::~__si_class_type_info()
 .text._ZN10__cxxabiv120__si_class_type_infoD0Ev
                0x000000000800d418       0x20 d:/software/developer/devkitpro/devkitarm/bin/../lib/gcc/arm-none-eabi/12.1.0/../../../../arm-none-eabi/lib/thumb\libstdc++.a(si_class_type_info.o)
                0x000000000800d418                __cxxabiv1::__si_class_type_info::~__si_class_type_info()
 .text._ZNK10__cxxabiv120__si_class_type_info20__do_find_public_srcEiPKvPKNS_17__class_type_infoES2_
                0x000000000800d438       0x40 d:/software/developer/devkitpro/devkitarm/bin/../lib/gcc/arm-none-eabi/12.1.0/../../../../arm-none-eabi/lib/thumb\libstdc++.a(si_class_type_info.o)
                0x000000000800d438                __cxxabiv1::__si_class_type_info::__do_find_public_src(int, void const*, __cxxabiv1::__class_type_info const*, void const*) const
 .text._ZNK10__cxxabiv120__si_class_type_info12__do_dyncastEiNS_17__class_type_info10__sub_kindEPKS1_PKvS4_S6_RNS1_16__dyncast_resultE
                0x000000000800d478       0x90 d:/software/developer/devkitpro/devkitarm/bin/../lib/gcc/arm-none-eabi/12.1.0/../../../../arm-none-eabi/lib/thumb\libstdc++.a(si_class_type_info.o)
                0x000000000800d478                __cxxabiv1::__si_class_type_info::__do_dyncast(int, __cxxabiv1::__class_type_info::__sub_kind, __cxxabiv1::__class_type_info const*, void const*, __cxxabiv1::__class_type_info const*, void const*, __cxxabiv1::__class_type_info::__dyncast_result&) const
 .text._ZNK10__cxxabiv120__si_class_type_info11__do_upcastEPKNS_17__class_type_infoEPKvRNS1_15__upcast_resultE